[WebServer] 
[WebServer] > quimicloude@0.1.0 dev C:\Users\Cristian\Documents\trabajo\arc\labs\.worktrees\QC-211-pasos-de-envasado
[WebServer] > next dev "--port" "3117"
[WebServer] 
[WebServer] ▲ Next.js 16.3.0 (Turbopack)
[WebServer] - Local:         http://localhost:3117
[WebServer] - Network:       http://192.168.101.8:3117
[WebServer] - Environments: .env
[WebServer] ✓ Ready in 456ms
[WebServer] ✓ Running next.config.ts took 37ms
[WebServer] ⚠ The "middleware" file convention is deprecated. Please use "proxy" instead.
[WebServer] 
[WebServer]   To migrate automatically, run:
[WebServer]   npx @next/codemod@canary middleware-to-proxy .
[WebServer] 
[WebServer]   Learn more: https://nextjs.org/docs/messages/middleware-to-proxy
[WebServer] 
[WebServer]  GET / 200 in 1316ms (next.js: 988ms, proxy.ts: 147ms, application-code: 181ms)

Running 14 tests using 6 workers

[WebServer]  GET /login 200 in 1209ms (next.js: 395ms, proxy.ts: 12ms, application-code: 803ms)
[WebServer]  GET /login 200 in 590ms (next.js: 213ms, proxy.ts: 28ms, application-code: 349ms)
[WebServer]  GET /login 200 in 562ms (next.js: 106ms, proxy.ts: 112ms, application-code: 344ms)
[WebServer]  GET /login 200 in 560ms (next.js: 108ms, proxy.ts: 111ms, application-code: 340ms)
[WebServer]  GET /login 200 in 568ms (next.js: 111ms, proxy.ts: 110ms, application-code: 348ms)
[WebServer]  GET /login 200 in 474ms (next.js: 114ms, proxy.ts: 74ms, application-code: 285ms)
[WebServer] ○ Compiling /asignacion ...
[WebServer]  GET /asignacion 200 in 3.4s (next.js: 983ms, proxy.ts: 76ms, application-code: 2.3s)
[WebServer]  GET /asignacion 200 in 3.4s (next.js: 596ms, proxy.ts: 91ms, application-code: 2.7s)
[WebServer]  GET /asignacion 200 in 3.5s (next.js: 456ms, proxy.ts: 84ms, application-code: 2.9s)
[WebServer]  GET /asignacion 200 in 3.5s (next.js: 239ms, proxy.ts: 87ms, application-code: 3.2s)
[WebServer]  GET /asignacion 200 in 3.6s (next.js: 805ms, proxy.ts: 75ms, application-code: 2.7s)
[WebServer]  POST /login 200 in 6.3s (next.js: 236ms, proxy.ts: 100ms, application-code: 6.0s)
[WebServer]   └─ ƒ loginAction({"status":"idle"}, {}) in 1162ms lib/modules/identity/adapters/driving/login-action.ts
[WebServer]  POST /login 200 in 7.9s (next.js: 83ms, proxy.ts: 52ms, application-code: 7.7s)
[WebServer]   └─ ƒ loginAction({"status":"idle"}, {}) in 1134ms lib/modules/identity/adapters/driving/login-action.ts
[WebServer]  POST /login 200 in 6.4s (next.js: 240ms, proxy.ts: 146ms, application-code: 6.0s)
[WebServer]   └─ ƒ loginAction({"status":"idle"}, {}) in 1167ms lib/modules/identity/adapters/driving/login-action.ts
[WebServer]  POST /login 200 in 6.5s (next.js: 157ms, proxy.ts: 72ms, application-code: 6.2s)
[WebServer]   └─ ƒ loginAction({"status":"idle"}, {}) in 1156ms lib/modules/identity/adapters/driving/login-action.ts
[WebServer]  POST /login 200 in 6.4s (next.js: 171ms, proxy.ts: 92ms, application-code: 6.2s)
[WebServer]   └─ ƒ loginAction({"status":"idle"}, {}) in 1146ms lib/modules/identity/adapters/driving/login-action.ts
[WebServer]  GET /dashboard 200 in 5.4s (next.js: 3.6s, proxy.ts: 72ms, application-code: 1711ms)
[WebServer]  POST /login 200 in 8.0s (next.js: 232ms, proxy.ts: 81ms, application-code: 7.7s)
[WebServer]   └─ ƒ loginAction({"status":"idle"}, {}) in 1174ms lib/modules/identity/adapters/driving/login-action.ts
[WebServer]  GET /produccion/formulas/nueva 200 in 2.1s (next.js: 161ms, proxy.ts: 104ms, application-code: 1839ms)
[WebServer]  GET /produccion/formulas 200 in 2.0s (next.js: 286ms, proxy.ts: 65ms, application-code: 1653ms)
[WebServer]  POST /produccion/formulas 200 in 94ms (next.js: 44ms, proxy.ts: 23ms, application-code: 27ms)
[WebServer]   └─ ƒ issueUploadLinksAction({"files":["[Object]"]}) in 8ms lib/modules/documentos/adapters/driving/document-upload-actions.ts
[WebServer]  POST /produccion/formulas 200 in 79ms (next.js: 5ms, proxy.ts: 7ms, application-code: 68ms)
[WebServer]   └─ ƒ enqueueBatchAction({"paths":["c56cb6cd-1790-4f9c-aee3-ca84d6795779/aadd99e8-2f85-4160-869e-d3bf0860a622.pdf"],"strategy":"formula"}) in 50ms lib/modules/documentos/adapters/driving/document-batch-actions.ts
[WebServer]  POST /produccion/formulas 200 in 62ms (next.js: 5ms, proxy.ts: 11ms, application-code: 47ms)
[WebServer]   └─ ƒ getBatchStatusAction("20ff6445-4798-44a5-93a6-e4a6d774ab0d") in 25ms lib/modules/documentos/adapters/driving/document-batch-actions.ts
[WebServer] {"level":30,"time":1791244681895,"pid":22684,"hostname":"DESKTOP-5KTSTAH","modulo":"documentos","fileId":"1a47e81c-8a18-4605-beb5-4db06249000f","messageId":"inline-d3a66d8e-88a6-4f23-b729-03287a32ace5","msg":"trabajo recibido"}
[WebServer] {"level":30,"time":1791244681900,"pid":22684,"hostname":"DESKTOP-5KTSTAH","modulo":"documentos","fileId":"1a47e81c-8a18-4605-beb5-4db06249000f","batchId":"20ff6445-4798-44a5-93a6-e4a6d774ab0d","msg":"fila reclamada"}
[WebServer] {"level":30,"time":1791244681903,"pid":22684,"hostname":"DESKTOP-5KTSTAH","modulo":"documentos","fileId":"1a47e81c-8a18-4605-beb5-4db06249000f","byteLength":346,"msg":"pdf descargado"}
[WebServer] [process-pdf-by-strategy] estrategia=formula modo=pdf ruta='c56cb6cd-1790-4f9c-aee3-ca84d6795779/aadd99e8-2f85-4160-869e-d3bf0860a622.pdf' paginas=1 longitud=571
[WebServer] {"level":30,"time":1791244682152,"pid":22684,"hostname":"DESKTOP-5KTSTAH","modulo":"documentos","fileId":"1a47e81c-8a18-4605-beb5-4db06249000f","strategy":"formula","ok":true,"mode":"pdf","msg":"pdf procesado"}
[WebServer] {"level":30,"time":1791244682156,"pid":22684,"hostname":"DESKTOP-5KTSTAH","modulo":"documentos","fileId":"1a47e81c-8a18-4605-beb5-4db06249000f","outcome":"done","msg":"trabajo terminado"}
[WebServer]  GET /asignacion/f19a008b-8421-4897-9dae-f9bd4fc31fc6 404 in 2.6s (next.js: 2.1s, proxy.ts: 45ms, application-code: 364ms)
[WebServer]  GET /asignacion/0f0c0058-3b03-4d1e-a4c4-c0a6c3815db8 200 in 2.6s (next.js: 2.0s, proxy.ts: 26ms, application-code: 578ms)
[WebServer]  GET /asignacion/5a21f28b-e021-49cc-b304-a0ca2378232a 200 in 2.8s (next.js: 2.2s, proxy.ts: 87ms, application-code: 580ms)
[WebServer]  GET /asignacion/26d246f9-c203-41e4-8e72-3cf77f5a9a27 200 in 3.5s (next.js: 2.7s, proxy.ts: 135ms, application-code: 646ms)
[WebServer] [browser] Encountered a script tag while rendering React component. Scripts inside React components are never executed when rendering on the client. Consider using template tag instead (https://developer.mozilla.org/en-US/docs/Web/HTML/Element/template). 
  ✓   5 [chromium] › e2e\ejecucion-receta.spec.ts:564:7 › la ejecucion de la receta de un pedido asignado › R30 - quien no tiene asignaciones.consultar pide la direccion del pedido y recibe 404 (25.4s)
[WebServer]  POST /produccion/formulas/nueva 200 in 69ms (next.js: 14ms, proxy.ts: 10ms, application-code: 45ms)
[WebServer]   └─ ƒ createRecipeAction({"description":null,"lines":["[Object]"],"name":"qc64_e2e_receta_47b1a74256c043e0b89b218e86fa1f3b","...":"3 items not stringified"}) in 28ms lib/modules/recetas/adapters/driving/recipe-actions.ts
[WebServer]  GET /asignacion/26d246f9-c203-41e4-8e72-3cf77f5a9a27 200 in 370ms (next.js: 40ms, proxy.ts: 10ms, application-code: 320ms)
[WebServer]  POST /produccion/formulas 200 in 355ms (next.js: 35ms, proxy.ts: 78ms, application-code: 241ms)
[WebServer]   └─ ƒ getBatchStatusAction("20ff6445-4798-44a5-93a6-e4a6d774ab0d") in 215ms lib/modules/documentos/adapters/driving/document-batch-actions.ts
[WebServer]  GET /produccion/formulas 200 in 596ms (next.js: 10ms, proxy.ts: 16ms, application-code: 570ms)
[WebServer]  GET /login 200 in 199ms (next.js: 29ms, proxy.ts: 12ms, application-code: 158ms)
[WebServer]  GET /produccion/formulas 200 in 524ms (next.js: 62ms, proxy.ts: 18ms, application-code: 445ms)
  ✓   3 [chromium] › e2e\ejecucion-receta.spec.ts:582:7 › la ejecucion de la receta de un pedido asignado › R9 - recargar la pantalla de un pedido ya EN_CURSO la vuelve a mostrar sin error y sin mover el estado (26.4s)
[WebServer]  GET /produccion/formulas?pageSize=25 200 in 1011ms (next.js: 12ms, proxy.ts: 10ms, application-code: 989ms)
[WebServer]  GET /asignacion 200 in 270ms (next.js: 23ms, proxy.ts: 15ms, application-code: 231ms)
[WebServer]  POST /login 200 in 686ms (next.js: 92ms, proxy.ts: 28ms, application-code: 566ms)
[WebServer]   └─ ƒ loginAction({"status":"idle"}, {}) in 217ms lib/modules/identity/adapters/driving/login-action.ts
[WebServer] ○ Compiling /produccion/formulas/importar/[documentoId] ...
[WebServer]  GET /login 200 in 139ms (next.js: 11ms, proxy.ts: 8ms, application-code: 120ms)
[WebServer]  GET /pedidos?pageSize=25&sort=createdAt%3Adesc 200 in 4.5s (next.js: 2.9s, proxy.ts: 14ms, application-code: 1663ms)
[WebServer]  GET /asignacion 200 in 516ms (next.js: 40ms, proxy.ts: 27ms, application-code: 449ms)
[WebServer]  POST /login 200 in 907ms (next.js: 17ms, proxy.ts: 22ms, application-code: 868ms)
[WebServer]   └─ ƒ loginAction({"status":"idle"}, {}) in 187ms lib/modules/identity/adapters/driving/login-action.ts
[WebServer]  GET /produccion/formulas/importar/1a47e81c-8a18-4605-beb5-4db06249000f 200 in 7.5s (next.js: 7.1s, proxy.ts: 153ms, application-code: 242ms)
[WebServer]  GET /produccion/formulas/132baa64-27f4-4c32-82a1-b1c98400732c 200 in 5.7s (next.js: 5.4s, proxy.ts: 22ms, application-code: 258ms)
[WebServer]  POST /pedidos?pageSize=25&sort=createdAt%3Adesc 200 in 84ms (next.js: 8ms, proxy.ts: 13ms, application-code: 63ms)
[WebServer]   └─ ƒ listRecipesAction({"page":1,"pageSize":25,"search":"qc172_e2e_963ee873e73a401795c69360452ac115_sinversiones"}) in 47ms lib/modules/recetas/adapters/driving/recipe-actions.ts
  ✓   1 [chromium] › e2e\recetas-pasos.spec.ts:307:7 › editor y lectura de pasos › el Administrador redacta un paso con negrilla y lista de verificacion, lo guarda, lo reabre igual y recorre la vista previa hasta Finalizar (R28) (36.3s)
[WebServer]  POST /pedidos?pageSize=25&sort=createdAt%3Adesc 200 in 219ms (next.js: 9ms, proxy.ts: 9ms, application-code: 200ms)
[WebServer]   └─ ƒ getRecipeAction("ab1fb0b1-0220-40a7-b681-1dd9436e5d84") in 104ms lib/modules/recetas/adapters/driving/recipe-actions.ts
[WebServer]  POST /pedidos?pageSize=25&sort=createdAt%3Adesc 200 in 121ms (next.js: 35ms, proxy.ts: 29ms, application-code: 58ms)
[WebServer]   └─ ƒ listRecipeVersionsAction("ab1fb0b1-0220-40a7-b681-1dd9436e5d84") in 30ms lib/modules/recetas/adapters/driving/recipe-actions.ts
[WebServer]  POST /pedidos?pageSize=25&sort=createdAt%3Adesc 200 in 304ms (next.js: 90ms, proxy.ts: 33ms, application-code: 181ms)
[WebServer]   └─ ƒ listRecipeVersionsAction("ab1fb0b1-0220-40a7-b681-1dd9436e5d84") in 100ms lib/modules/recetas/adapters/driving/recipe-actions.ts
[WebServer]  POST /produccion/formulas/importar/1a47e81c-8a18-4605-beb5-4db06249000f 200 in 643ms (next.js: 48ms, proxy.ts: 19ms, application-code: 576ms)
[WebServer]   └─ ƒ confirmFormulaImportAction({"description":null,"documentFileId":"1a47e81c-8a18-4605-beb5-4db06249000f","lines":["[Object]","[Object]","[Object]"],"...":"4 items not stringified"}) in 286ms lib/modules/documentos/adapters/driving/formula-import-actions.ts
[WebServer]  POST /pedidos?pageSize=25&sort=createdAt%3Adesc 200 in 290ms (next.js: 115ms, proxy.ts: 27ms, application-code: 148ms)
[WebServer]   └─ ƒ listRecipesAction({"page":1,"pageSize":25,"search":"qc172_e2e_963ee873e73a401795c69360452ac115_original"}) in 61ms lib/modules/recetas/adapters/driving/recipe-actions.ts
[WebServer]  GET /asignacion?entregado=2026-0814107 200 in 407ms (next.js: 8ms, proxy.ts: 6ms, application-code: 392ms)
[WebServer]  POST /asignacion/0f0c0058-3b03-4d1e-a4c4-c0a6c3815db8 200 in 754ms (next.js: 89ms, proxy.ts: 51ms, application-code: 614ms)
[WebServer]   └─ ƒ finishAssignedOrderAction({"status":"success"}, {}) in 166ms lib/modules/asignaciones/adapters/driving/order-execution-actions.ts
[WebServer]  GET /produccion/formulas/6ede340d-5a14-4990-a840-2bc932c9981c 200 in 225ms (next.js: 44ms, proxy.ts: 9ms, application-code: 172ms)
[WebServer]  POST /pedidos?pageSize=25&sort=createdAt%3Adesc 200 in 88ms (next.js: 19ms, proxy.ts: 11ms, application-code: 57ms)
[WebServer]   └─ ƒ getRecipeAction("11e9bd77-b2dd-423e-b1b7-74c0b88fa553") in 29ms lib/modules/recetas/adapters/driving/recipe-actions.ts
[WebServer]  POST /pedidos?pageSize=25&sort=createdAt%3Adesc 200 in 88ms (next.js: 16ms, proxy.ts: 13ms, application-code: 59ms)
[WebServer]   └─ ƒ listRecipeVersionsAction("11e9bd77-b2dd-423e-b1b7-74c0b88fa553") in 39ms lib/modules/recetas/adapters/driving/recipe-actions.ts
[WebServer]  POST /pedidos?pageSize=25&sort=createdAt%3Adesc 200 in 63ms (next.js: 9ms, proxy.ts: 9ms, application-code: 44ms)
[WebServer]   └─ ƒ listRecipeVersionsAction("11e9bd77-b2dd-423e-b1b7-74c0b88fa553") in 24ms lib/modules/recetas/adapters/driving/recipe-actions.ts
  ✓   2 [chromium] › e2e\ejecucion-receta.spec.ts:511:7 › la ejecucion de la receta de un pedido asignado › R29 - el Operador entra, ve su pedido asignado, lo abre, el pedido queda EN_CURSO en base, recorre los pasos hasta Finalizar y el pedido queda POR_EMPACAR en base (37.6s)
[WebServer]  GET /produccion/formulas/importar/1a47e81c-8a18-4605-beb5-4db06249000f 200 in 751ms (next.js: 18ms, proxy.ts: 12ms, application-code: 722ms)
[WebServer]  POST /pedidos?pageSize=25&sort=createdAt%3Adesc 200 in 223ms (next.js: 74ms, proxy.ts: 26ms, application-code: 123ms)
[WebServer]   └─ ƒ getRecipeAction("a9aa6ceb-4296-4e3e-8db7-e462d6b4c15b") in 72ms lib/modules/recetas/adapters/driving/recipe-actions.ts
[WebServer]  GET /asignacion/2c1e6612-b25f-4d0b-b3d5-0ff23dd8f3cf 200 in 933ms (next.js: 411ms, proxy.ts: 80ms, application-code: 442ms)
[WebServer]  POST /pedidos?pageSize=25&sort=createdAt%3Adesc 200 in 233ms (next.js: 46ms, proxy.ts: 28ms, application-code: 159ms)
[WebServer]   └─ ƒ quoteOrderCostAction({"quantity":"1000","recipeId":"a9aa6ceb-4296-4e3e-8db7-e462d6b4c15b"}) in 109ms lib/modules/pedidos/adapters/driving/order-actions.ts
[WebServer]  POST /pedidos?pageSize=25&sort=createdAt%3Adesc 200 in 226ms (next.js: 23ms, proxy.ts: 82ms, application-code: 121ms)
[WebServer]   └─ ƒ listProductsAction({"filters":{"presentationUnitId":"[Object]","type":"[Object]"},"page":1,"pageSize":25}) in 78ms lib/modules/inventario/adapters/driving/product-actions.ts
[WebServer]  POST /pedidos?pageSize=25&sort=createdAt%3Adesc 200 in 93ms (next.js: 18ms, proxy.ts: 35ms, application-code: 41ms)
[WebServer]   └─ ƒ quoteOrderPresentationAvailabilityAction({"presentationLines":[],"quantity":"1000","unitId":"b7a8f4c4-4738-44ec-899c-b73105c84658"}) in 17ms lib/modules/pedidos/adapters/driving/order-actions.ts
[WebServer] [browser] A tree hydrated but some attributes of the server rendered HTML didn't match the client properties. This won't be patched up. This can happen if a SSR-ed Client Component used:
[WebServer] 
[WebServer] - A server/client branch `if (typeof window !== 'undefined')`.
[WebServer] - Variable input such as `Date.now()` or `Math.random()` which changes each time it's called.
[WebServer] - Date formatting in a user's locale which doesn't match the server.
[WebServer] - External changing data without sending a snapshot of it along with the HTML.
[WebServer] - Invalid HTML tag nesting.
[WebServer] 
[WebServer] It can also happen if the client has a browser extension installed which messes with the HTML before React loaded.
[WebServer] 
[WebServer] https://react.dev/link/hydration-mismatch
[WebServer] 
[WebServer]   ...
[WebServer]     <FormulaImportPage>
[WebServer]       <div className="flex flex-...">
[WebServer]         <h1>
[WebServer]         <FormulaImportReview documentFileId="1a47e81c-8..." units={[...]} initialProductPage={{items:[...], ...}} ...>
[WebServer]           <div className="flex flex-..." data-testid="formula-im...">
[WebServer]             <div>
[WebServer]             <FormulaNameClash>
[WebServer]             <div>
[WebServer]             <div>
[WebServer]             <p>
[WebServer]             ...
[WebServer]               <DndContext sensors={[...]} collisionDetection={function closestCenter} accessibility={{...}} ...>
[WebServer]                 <SortableContext items={[...]} strategy={function verticalListSortingStrategy}>
[WebServer]                   <ol className="flex flex-..." data-testid="recipe-ste...">
[WebServer]                     <RecipeStepRow step={{key:"formu...", ...}} index={0} total={3} testIdPrefix="recipe-step" ...>
[WebServer]                       <li ref={function useCombinedRefs.useMemo} style={{...}} data-testid="recipe-ste..." ...>
[WebServer]                         <button
[WebServer]                           type="button"
[WebServer]                           role="button"
[WebServer]                           tabIndex={0}
[WebServer]                           aria-disabled={false}
[WebServer]                           aria-pressed={undefined}
[WebServer]                           aria-roledescription="sortable"
[WebServer] +                         aria-describedby="DndDescribedBy-4"
[WebServer] -                         aria-describedby="DndDescribedBy-2"
[WebServer]                           onPointerDown={function useSyntheticListeners.useMemo}
[WebServer]                           onKeyDown={function useSyntheticListeners.useMemo}
[WebServer]                           className="min-h-11 min-w-11 flex shrink-0 touch-none items-center justify-center rounded-lg..."
[WebServer]                           aria-label="Arrastrar el paso en la posición 1 de 3"
[WebServer]                           data-testid="recipe-step-handle-0"
[WebServer]                         >
[WebServer]                         ...
[WebServer]                     <RecipeStepRow step={{key:"formu...", ...}} index={1} total={3} testIdPrefix="recipe-step" ...>
[WebServer]                       <li ref={function useCombinedRefs.useMemo} style={{...}} data-testid="recipe-ste..." ...>
[WebServer]                         <button
[WebServer]                           type="button"
[WebServer]                           role="button"
[WebServer]                           tabIndex={0}
[WebServer]                           aria-disabled={false}
[WebServer]                           aria-pressed={undefined}
[WebServer]                           aria-roledescription="sortable"
[WebServer] +                         aria-describedby="DndDescribedBy-4"
[WebServer] -                         aria-describedby="DndDescribedBy-2"
[WebServer]                           onPointerDown={function useSyntheticListeners.useMemo}
[WebServer]                           onKeyDown={function useSyntheticListeners.useMemo}
[WebServer]                           className="min-h-11 min-w-11 flex shrink-0 touch-none items-center justify-center rounded-lg..."
[WebServer]                           aria-label="Arrastrar el paso en la posición 2 de 3"
[WebServer]                           data-testid="recipe-step-handle-1"
[WebServer]                         >
[WebServer]                         ...
[WebServer]                     <RecipeStepRow step={{key:"formu...", ...}} index={2} total={3} testIdPrefix="recipe-step" ...>
[WebServer]                       <li ref={function useCombinedRefs.useMemo} style={{...}} data-testid="recipe-ste..." ...>
[WebServer]                         <button
[WebServer]                           type="button"
[WebServer]                           role="button"
[WebServer]                           tabIndex={0}
[WebServer]                           aria-disabled={false}
[WebServer]                           aria-pressed={undefined}
[WebServer]                           aria-roledescription="sortable"
[WebServer] +                         aria-describedby="DndDescribedBy-4"
[WebServer] -                         aria-describedby="DndDescribedBy-2"
[WebServer]                           onPointerDown={function useSyntheticListeners.useMemo}
[WebServer]                           onKeyDown={function useSyntheticListeners.useMemo}
[WebServer]                           className="min-h-11 min-w-11 flex shrink-0 touch-none items-center justify-center rounded-lg..."
[WebServer]                           aria-label="Arrastrar el paso en la posición 3 de 3"
[WebServer]                           data-testid="recipe-step-handle-2"
[WebServer]                         >
[WebServer]                         ...
[WebServer]                 ...
[WebServer]                 ...
[WebServer]             ...
[WebServer]               <DndContext sensors={[...]} collisionDetection={function closestCenter} accessibility={{...}} ...>
[WebServer]                 <SortableContext items={[...]} strategy={function verticalListSortingStrategy}>
[WebServer]                   <ol className="flex flex-..." data-testid="recipe-pac...">
[WebServer]                     <RecipeStepRow step={{key:"formu...", ...}} index={0} total={2} testIdPrefix="recipe-pac..." ...>
[WebServer]                       <li ref={function useCombinedRefs.useMemo} style={{...}} data-testid="recipe-pac..." ...>
[WebServer]                         <button
[WebServer]                           type="button"
[WebServer]                           role="button"
[WebServer]                           tabIndex={0}
[WebServer]                           aria-disabled={false}
[WebServer]                           aria-pressed={undefined}
[WebServer]                           aria-roledescription="sortable"
[WebServer] +                         aria-describedby="DndDescribedBy-6"
[WebServer] -                         aria-describedby="DndDescribedBy-3"
[WebServer]                           onPointerDown={function useSyntheticListeners.useMemo}
[WebServer]                           onKeyDown={function useSyntheticListeners.useMemo}
[WebServer]                           className="min-h-11 min-w-11 flex shrink-0 touch-none items-center justify-center rounded-lg..."
[WebServer]                           aria-label="Arrastrar el paso en la posición 1 de 2"
[WebServer]                           data-testid="recipe-packing-step-handle-0"
[WebServer]                         >
[WebServer]                         ...
[WebServer]                     <RecipeStepRow step={{key:"formu...", ...}} index={1} total={2} testIdPrefix="recipe-pac..." ...>
[WebServer]                       <li ref={function useCombinedRefs.useMemo} style={{...}} data-testid="recipe-pac..." ...>
[WebServer]                         <button
[WebServer]                           type="button"
[WebServer]                           role="button"
[WebServer]                           tabIndex={0}
[WebServer]                           aria-disabled={false}
[WebServer]                           aria-pressed={undefined}
[WebServer]                           aria-roledescription="sortable"
[WebServer] +                         aria-describedby="DndDescribedBy-6"
[WebServer] -                         aria-describedby="DndDescribedBy-3"
[WebServer]                           onPointerDown={function useSyntheticListeners.useMemo}
[WebServer]                           onKeyDown={function useSyntheticListeners.useMemo}
[WebServer]                           className="min-h-11 min-w-11 flex shrink-0 touch-none items-center justify-center rounded-lg..."
[WebServer]                           aria-label="Arrastrar el paso en la posición 2 de 2"
[WebServer]                           data-testid="recipe-packing-step-handle-1"
[WebServer]                         >
[WebServer]                         ...
[WebServer]                 ...
[WebServer]                 ...
[WebServer]             ...
[WebServer]  
[WebServer]  POST /pedidos?pageSize=25&sort=createdAt%3Adesc 200 in 306ms (next.js: 11ms, proxy.ts: 11ms, application-code: 283ms)
[WebServer]   └─ ƒ listProductsAction({"filters":{"presentationUnitId":"[Object]","type":"[Object]"},"page":1,"pageSize":25,"...":"1 item not stringified"}) in 195ms lib/modules/inventario/adapters/driving/product-actions.ts
[WebServer]  GET /login 200 in 276ms (next.js: 19ms, proxy.ts: 11ms, application-code: 247ms)
[WebServer]  POST /produccion/formulas/importar/1a47e81c-8a18-4605-beb5-4db06249000f 200 in 251ms (next.js: 135ms, proxy.ts: 18ms, application-code: 98ms)
[WebServer]   └─ ƒ previewFormulaImportAction({"documentFileId":"1a47e81c-8a18-4605-beb5-4db06249000f","name":"qc159_e2e_renombrada_8448c40707984992a48e7615ed4b21f2"}) in 60ms lib/modules/documentos/adapters/driving/formula-import-actions.ts
[WebServer]  POST /produccion/formulas/importar/1a47e81c-8a18-4605-beb5-4db06249000f 200 in 248ms (next.js: 10ms, proxy.ts: 9ms, application-code: 229ms)
[WebServer]   └─ ƒ confirmFormulaImportAction({"description":null,"documentFileId":"1a47e81c-8a18-4605-beb5-4db06249000f","lines":["[Object]","[Object]","[Object]"],"...":"4 items not stringified"}) in 55ms lib/modules/documentos/adapters/driving/formula-import-actions.ts
[WebServer]  POST /pedidos?pageSize=25&sort=createdAt%3Adesc 200 in 154ms (next.js: 53ms, proxy.ts: 22ms, application-code: 78ms)
[WebServer]   └─ ƒ quoteOrderPresentationAvailabilityAction({"presentationLines":["[Object]"],"quantity":"1000","unitId":"b7a8f4c4-4738-44ec-899c-b73105c84658"}) in 59ms lib/modules/pedidos/adapters/driving/order-actions.ts
[WebServer]  POST /pedidos?pageSize=25&sort=createdAt%3Adesc 200 in 118ms (next.js: 10ms, proxy.ts: 8ms, application-code: 100ms)
[WebServer]   └─ ƒ quoteOrderCostAction({"presentationLines":["[Object]"],"quantity":"1000","recipeId":"a9aa6ceb-4296-4e3e-8db7-e462d6b4c15b"}) in 70ms lib/modules/pedidos/adapters/driving/order-actions.ts
  ✓   4 [chromium] › e2e\formula-desde-pdf.spec.ts:276:7 › formula-desde-pdf › sube un PDF de fórmula, reemplaza una receta con el mismo nombre y luego renombra para crear una nueva (R1, R11, R12, R14, R17, R18, R19, R25, R39) (42.3s)
[WebServer]  GET /login 200 in 374ms (next.js: 9ms, proxy.ts: 7ms, application-code: 357ms)
[WebServer]  GET /dashboard 200 in 209ms (next.js: 27ms, proxy.ts: 23ms, application-code: 159ms)
[WebServer]  POST /login 200 in 532ms (next.js: 41ms, proxy.ts: 9ms, application-code: 481ms)
[WebServer]   └─ ƒ loginAction({"status":"idle"}, {}) in 191ms lib/modules/identity/adapters/driving/login-action.ts
[WebServer]  POST /pedidos?pageSize=25&sort=createdAt%3Adesc 200 in 725ms (next.js: 24ms, proxy.ts: 61ms, application-code: 640ms)
[WebServer]   └─ ƒ createOrderAction({"status":"idle"}, {}) in 607ms lib/modules/pedidos/adapters/driving/order-actions.ts
[WebServer]  GET /pedidos?pageSize=25&sort=createdAt%3Adesc 200 in 489ms (next.js: 15ms, proxy.ts: 7ms, application-code: 467ms)
[WebServer]  GET /asignacion/f9a675fc-4076-443f-a095-687d5a23e1db 404 in 264ms (next.js: 38ms, proxy.ts: 14ms, application-code: 211ms)
  ✓   7 [chromium] › e2e\versiones-de-receta.spec.ts:317:7 › version de receta en el pedido › R44, R30 - el pedido con una version guarda la version y reserva sus lineas, no las de la original (17.8s)
[WebServer] [browser] Encountered a script tag while rendering React component. Scripts inside React components are never executed when rendering on the client. Consider using template tag instead (https://developer.mozilla.org/en-US/docs/Web/HTML/Element/template). 
  ✓   9 [webkit] › e2e\ejecucion-receta.spec.ts:564:7 › la ejecucion de la receta de un pedido asignado › R30 - quien no tiene asignaciones.consultar pide la direccion del pedido y recibe 404 (5.0s)
[WebServer]  GET /asignacion 200 in 282ms (next.js: 9ms, proxy.ts: 12ms, application-code: 261ms)
[WebServer]  POST /login 200 in 489ms (next.js: 8ms, proxy.ts: 10ms, application-code: 470ms)
[WebServer]   └─ ƒ loginAction({"status":"idle"}, {}) in 169ms lib/modules/identity/adapters/driving/login-action.ts
[WebServer]  GET /login 200 in 141ms (next.js: 19ms, proxy.ts: 10ms, application-code: 111ms)
[WebServer]  GET /login 200 in 165ms (next.js: 12ms, proxy.ts: 11ms, application-code: 142ms)
[WebServer]  GET /asignacion/bf3ecb58-b925-4cd1-bf4d-d1de81dcd9a3 200 in 475ms (next.js: 40ms, proxy.ts: 15ms, application-code: 420ms)
[WebServer]  GET /login 200 in 218ms (next.js: 10ms, proxy.ts: 11ms, application-code: 197ms)
[WebServer]  GET /asignacion/bf3ecb58-b925-4cd1-bf4d-d1de81dcd9a3 200 in 968ms (next.js: 212ms, proxy.ts: 20ms, application-code: 736ms)
[WebServer]  GET /asignacion 200 in 880ms (next.js: 114ms, proxy.ts: 13ms, application-code: 753ms)
[WebServer]  POST /login 200 in 1474ms (next.js: 31ms, proxy.ts: 15ms, application-code: 1429ms)
[WebServer]   └─ ƒ loginAction({"status":"idle"}, {}) in 351ms lib/modules/identity/adapters/driving/login-action.ts
[WebServer]  GET /asignacion 200 in 697ms (next.js: 16ms, proxy.ts: 15ms, application-code: 666ms)
[WebServer]  POST /login 200 in 1366ms (next.js: 26ms, proxy.ts: 16ms, application-code: 1324ms)
[WebServer]   └─ ƒ loginAction({"status":"idle"}, {}) in 429ms lib/modules/identity/adapters/driving/login-action.ts
  ✓  10 [webkit] › e2e\ejecucion-receta.spec.ts:582:7 › la ejecucion de la receta de un pedido asignado › R9 - recargar la pantalla de un pedido ya EN_CURSO la vuelve a mostrar sin error y sin mover el estado (7.5s)
[WebServer]  GET /asignacion 200 in 219ms (next.js: 8ms, proxy.ts: 8ms, application-code: 203ms)
[WebServer]  POST /login 200 in 418ms (next.js: 22ms, proxy.ts: 8ms, application-code: 389ms)
[WebServer]   └─ ƒ loginAction({"status":"idle"}, {}) in 150ms lib/modules/identity/adapters/driving/login-action.ts
[WebServer]  GET /login 200 in 352ms (next.js: 76ms, proxy.ts: 9ms, application-code: 266ms)
[WebServer]  GET /produccion/formulas/nueva 200 in 404ms (next.js: 43ms, proxy.ts: 24ms, application-code: 337ms)
[WebServer]  GET /produccion/formulas 200 in 646ms (next.js: 14ms, proxy.ts: 13ms, application-code: 620ms)
[WebServer]  GET /asignacion/e10ce4dd-ecc7-42df-8ba2-56b62af84752 200 in 595ms (next.js: 85ms, proxy.ts: 90ms, application-code: 420ms)
[WebServer]  GET /asignacion?entregado=2026-0824569 200 in 989ms (next.js: 53ms, proxy.ts: 45ms, application-code: 891ms)
[WebServer]  POST /asignacion/2c1e6612-b25f-4d0b-b3d5-0ff23dd8f3cf 200 in 1488ms (next.js: 67ms, proxy.ts: 29ms, application-code: 1392ms)
[WebServer]   └─ ƒ finishAssignedOrderAction({"status":"success"}, {}) in 352ms lib/modules/asignaciones/adapters/driving/order-execution-actions.ts
[WebServer]  GET /asignacion 200 in 411ms (next.js: 26ms, proxy.ts: 20ms, application-code: 365ms)
[WebServer]  POST /login 200 in 921ms (next.js: 110ms, proxy.ts: 34ms, application-code: 777ms)
[WebServer]   └─ ƒ loginAction({"status":"idle"}, {}) in 240ms lib/modules/identity/adapters/driving/login-action.ts
  ✓   8 [webkit] › e2e\ejecucion-receta.spec.ts:511:7 › la ejecucion de la receta de un pedido asignado › R29 - el Operador entra, ve su pedido asignado, lo abre, el pedido queda EN_CURSO en base, recorre los pasos hasta Finalizar y el pedido queda POR_EMPACAR en base (23.7s)
[WebServer]  GET /pedidos?pageSize=25&sort=createdAt%3Adesc 200 in 1024ms (next.js: 6ms, proxy.ts: 6ms, application-code: 1012ms)
[WebServer]  POST /produccion/formulas 200 in 851ms (next.js: 20ms, proxy.ts: 802ms, application-code: 30ms)
[WebServer]   └─ ƒ issueUploadLinksAction({"files":["[Object]"]}) in 12ms lib/modules/documentos/adapters/driving/document-upload-actions.ts
[WebServer]  POST /produccion/formulas 200 in 150ms (next.js: 34ms, proxy.ts: 23ms, application-code: 93ms)
[WebServer]   └─ ƒ enqueueBatchAction({"paths":["b8ca77c1-5c3c-4708-9082-f8d645a7b91a/8ed2baf0-fd5b-4996-a4ee-f8cee8f3d39d.pdf"],"strategy":"formula"}) in 69ms lib/modules/documentos/adapters/driving/document-batch-actions.ts
[WebServer]  POST /produccion/formulas 200 in 62ms (next.js: 9ms, proxy.ts: 6ms, application-code: 47ms)
[WebServer]   └─ ƒ getBatchStatusAction("8b630daf-1fed-4b21-9ca1-25e98f9a79d7") in 32ms lib/modules/documentos/adapters/driving/document-batch-actions.ts
[WebServer] {"level":30,"time":1791244714323,"pid":22684,"hostname":"DESKTOP-5KTSTAH","modulo":"documentos","fileId":"8374cd26-9c1f-4ad8-880b-b892e6c2328a","messageId":"inline-99116c18-4aaf-4bcb-a414-0d6fcadd9450","msg":"trabajo recibido"}
[WebServer] {"level":30,"time":1791244714333,"pid":22684,"hostname":"DESKTOP-5KTSTAH","modulo":"documentos","fileId":"8374cd26-9c1f-4ad8-880b-b892e6c2328a","batchId":"8b630daf-1fed-4b21-9ca1-25e98f9a79d7","msg":"fila reclamada"}
[WebServer] {"level":30,"time":1791244714345,"pid":22684,"hostname":"DESKTOP-5KTSTAH","modulo":"documentos","fileId":"8374cd26-9c1f-4ad8-880b-b892e6c2328a","byteLength":346,"msg":"pdf descargado"}
[WebServer] [process-pdf-by-strategy] estrategia=formula modo=pdf ruta='b8ca77c1-5c3c-4708-9082-f8d645a7b91a/8ed2baf0-fd5b-4996-a4ee-f8cee8f3d39d.pdf' paginas=1 longitud=571
[WebServer] {"level":30,"time":1791244714352,"pid":22684,"hostname":"DESKTOP-5KTSTAH","modulo":"documentos","fileId":"8374cd26-9c1f-4ad8-880b-b892e6c2328a","strategy":"formula","ok":true,"mode":"pdf","msg":"pdf procesado"}
[WebServer] {"level":30,"time":1791244714359,"pid":22684,"hostname":"DESKTOP-5KTSTAH","modulo":"documentos","fileId":"8374cd26-9c1f-4ad8-880b-b892e6c2328a","outcome":"done","msg":"trabajo terminado"}
[WebServer]  POST /produccion/formulas 200 in 109ms (next.js: 54ms, proxy.ts: 13ms, application-code: 43ms)
[WebServer]   └─ ƒ getBatchStatusAction("8b630daf-1fed-4b21-9ca1-25e98f9a79d7") in 21ms lib/modules/documentos/adapters/driving/document-batch-actions.ts
[WebServer]  POST /pedidos?pageSize=25&sort=createdAt%3Adesc 200 in 116ms (next.js: 19ms, proxy.ts: 11ms, application-code: 86ms)
[WebServer]   └─ ƒ listRecipesAction({"page":1,"pageSize":25,"search":"qc172_e2e_b2b2e1f2c498485c93ec7c680dd0cd88_sinversiones"}) in 61ms lib/modules/recetas/adapters/driving/recipe-actions.ts
[WebServer]  POST /produccion/formulas/nueva 200 in 90ms (next.js: 22ms, proxy.ts: 16ms, application-code: 52ms)
[WebServer]   └─ ƒ createRecipeAction({"description":null,"lines":["[Object]"],"name":"qc64_e2e_receta_3a7f151e414a4bfa9957afb1d59b0d65","...":"3 items not stringified"}) in 32ms lib/modules/recetas/adapters/driving/recipe-actions.ts
[WebServer]  GET /produccion/formulas 200 in 496ms (next.js: 9ms, proxy.ts: 10ms, application-code: 477ms)
[WebServer]  GET /produccion/formulas/importar/8374cd26-9c1f-4ad8-880b-b892e6c2328a 200 in 316ms (next.js: 145ms, proxy.ts: 19ms, application-code: 153ms)
[WebServer]  GET /produccion/formulas 200 in 321ms (next.js: 23ms, proxy.ts: 18ms, application-code: 280ms)
[WebServer]  POST /pedidos?pageSize=25&sort=createdAt%3Adesc 200 in 159ms (next.js: 106ms, proxy.ts: 11ms, application-code: 42ms)
[WebServer]   └─ ƒ getRecipeAction("8a609948-9b38-429f-bd40-37207f1d2085") in 17ms lib/modules/recetas/adapters/driving/recipe-actions.ts
[WebServer]  POST /pedidos?pageSize=25&sort=createdAt%3Adesc 200 in 59ms (next.js: 10ms, proxy.ts: 7ms, application-code: 42ms)
[WebServer]   └─ ƒ listRecipeVersionsAction("8a609948-9b38-429f-bd40-37207f1d2085") in 22ms lib/modules/recetas/adapters/driving/recipe-actions.ts
[WebServer]  POST /pedidos?pageSize=25&sort=createdAt%3Adesc 200 in 65ms (next.js: 9ms, proxy.ts: 12ms, application-code: 45ms)
[WebServer]   └─ ƒ listRecipeVersionsAction("8a609948-9b38-429f-bd40-37207f1d2085") in 21ms lib/modules/recetas/adapters/driving/recipe-actions.ts
[WebServer]  GET /produccion/formulas?pageSize=25 200 in 607ms (next.js: 7ms, proxy.ts: 6ms, application-code: 594ms)
[WebServer]  POST /pedidos?pageSize=25&sort=createdAt%3Adesc 200 in 197ms (next.js: 24ms, proxy.ts: 18ms, application-code: 155ms)
[WebServer]   └─ ƒ listRecipesAction({"page":1,"pageSize":25,"search":"qc172_e2e_b2b2e1f2c498485c93ec7c680dd0cd88_original"}) in 97ms lib/modules/recetas/adapters/driving/recipe-actions.ts
[WebServer]  GET /produccion/formulas/f11ecdca-331b-4233-8954-f31a4f9eca2b 200 in 256ms (next.js: 78ms, proxy.ts: 18ms, application-code: 160ms)
[WebServer]  POST /pedidos?pageSize=25&sort=createdAt%3Adesc 200 in 142ms (next.js: 42ms, proxy.ts: 16ms, application-code: 83ms)
[WebServer]   └─ ƒ getRecipeAction("1dffb9d9-7bea-4ec1-b25d-34c0aa9df6ec") in 57ms lib/modules/recetas/adapters/driving/recipe-actions.ts
[WebServer]  POST /pedidos?pageSize=25&sort=createdAt%3Adesc 200 in 191ms (next.js: 8ms, proxy.ts: 10ms, application-code: 172ms)
[WebServer]   └─ ƒ listRecipeVersionsAction("1dffb9d9-7bea-4ec1-b25d-34c0aa9df6ec") in 118ms lib/modules/recetas/adapters/driving/recipe-actions.ts
[WebServer]  POST /produccion/formulas/importar/8374cd26-9c1f-4ad8-880b-b892e6c2328a 200 in 464ms (next.js: 47ms, proxy.ts: 11ms, application-code: 406ms)
[WebServer]   └─ ƒ confirmFormulaImportAction({"description":null,"documentFileId":"8374cd26-9c1f-4ad8-880b-b892e6c2328a","lines":["[Object]","[Object]","[Object]"],"...":"4 items not stringified"}) in 215ms lib/modules/documentos/adapters/driving/formula-import-actions.ts
[WebServer]  POST /pedidos?pageSize=25&sort=createdAt%3Adesc 200 in 75ms (next.js: 10ms, proxy.ts: 14ms, application-code: 51ms)
[WebServer]   └─ ƒ listRecipeVersionsAction("1dffb9d9-7bea-4ec1-b25d-34c0aa9df6ec") in 38ms lib/modules/recetas/adapters/driving/recipe-actions.ts
[WebServer]  GET /produccion/formulas/fb37dcb9-163c-472d-9bc9-a3a6dbf01d4b 200 in 215ms (next.js: 62ms, proxy.ts: 6ms, application-code: 147ms)
  ✓  12 [webkit] › e2e\recetas-pasos.spec.ts:307:7 › editor y lectura de pasos › el Administrador redacta un paso con negrilla y lista de verificacion, lo guarda, lo reabre igual y recorre la vista previa hasta Finalizar (R28) (20.1s)
[WebServer]  GET /produccion/formulas/importar/8374cd26-9c1f-4ad8-880b-b892e6c2328a 200 in 266ms (next.js: 19ms, proxy.ts: 5ms, application-code: 242ms)
[WebServer]  POST /pedidos?pageSize=25&sort=createdAt%3Adesc 200 in 100ms (next.js: 14ms, proxy.ts: 61ms, application-code: 25ms)
[WebServer]   └─ ƒ getRecipeAction("97d7ad70-6efe-41b3-8773-471aa277452d") in 15ms lib/modules/recetas/adapters/driving/recipe-actions.ts
[WebServer]  POST /pedidos?pageSize=25&sort=createdAt%3Adesc 200 in 98ms (next.js: 7ms, proxy.ts: 5ms, application-code: 85ms)
[WebServer]   └─ ƒ quoteOrderCostAction({"quantity":"1000","recipeId":"97d7ad70-6efe-41b3-8773-471aa277452d"}) in 68ms lib/modules/pedidos/adapters/driving/order-actions.ts
[WebServer] [browser] A tree hydrated but some attributes of the server rendered HTML didn't match the client properties. This won't be patched up. This can happen if a SSR-ed Client Component used:
[WebServer] 
[WebServer] - A server/client branch `if (typeof window !== 'undefined')`.
[WebServer] - Variable input such as `Date.now()` or `Math.random()` which changes each time it's called.
[WebServer] - Date formatting in a user's locale which doesn't match the server.
[WebServer] - External changing data without sending a snapshot of it along with the HTML.
[WebServer] - Invalid HTML tag nesting.
[WebServer] 
[WebServer] It can also happen if the client has a browser extension installed which messes with the HTML before React loaded.
[WebServer] 
[WebServer] https://react.dev/link/hydration-mismatch
[WebServer] 
[WebServer]   ...
[WebServer]     <FormulaImportPage>
[WebServer]       <div className="flex flex-...">
[WebServer]         <h1>
[WebServer]         <FormulaImportReview documentFileId="8374cd26-9..." units={[...]} initialProductPage={{items:[...], ...}} ...>
[WebServer]           <div className="flex flex-..." data-testid="formula-im...">
[WebServer]             <div>
[WebServer]             <FormulaNameClash>
[WebServer]             <div>
[WebServer]             <div>
[WebServer]             <p>
[WebServer]             ...
[WebServer]               <DndContext sensors={[...]} collisionDetection={function closestCenter} accessibility={{...}} ...>
[WebServer]                 <SortableContext items={[...]} strategy={function verticalListSortingStrategy}>
[WebServer]                   <ol className="flex flex-..." data-testid="recipe-ste...">
[WebServer]                     <RecipeStepRow step={{key:"formu...", ...}} index={0} total={3} testIdPrefix="recipe-step" ...>
[WebServer]                       <li ref={function useCombinedRefs.useMemo} style={{...}} data-testid="recipe-ste..." ...>
[WebServer]                         <button
[WebServer]                           type="button"
[WebServer]                           role="button"
[WebServer]                           tabIndex={0}
[WebServer]                           aria-disabled={false}
[WebServer]                           aria-pressed={undefined}
[WebServer]                           aria-roledescription="sortable"
[WebServer] +                         aria-describedby="DndDescribedBy-0"
[WebServer] -                         aria-describedby="DndDescribedBy-6"
[WebServer]                           onPointerDown={function useSyntheticListeners.useMemo}
[WebServer]                           onKeyDown={function useSyntheticListeners.useMemo}
[WebServer]                           className="min-h-11 min-w-11 flex shrink-0 touch-none items-center justify-center rounded-lg..."
[WebServer]                           aria-label="Arrastrar el paso en la posición 1 de 3"
[WebServer]                           data-testid="recipe-step-handle-0"
[WebServer]                         >
[WebServer]                         ...
[WebServer]                     <RecipeStepRow step={{key:"formu...", ...}} index={1} total={3} testIdPrefix="recipe-step" ...>
[WebServer]                       <li ref={function useCombinedRefs.useMemo} style={{...}} data-testid="recipe-ste..." ...>
[WebServer]                         <button
[WebServer]                           type="button"
[WebServer]                           role="button"
[WebServer]                           tabIndex={0}
[WebServer]                           aria-disabled={false}
[WebServer]                           aria-pressed={undefined}
[WebServer]                           aria-roledescription="sortable"
[WebServer] +                         aria-describedby="DndDescribedBy-0"
[WebServer] -                         aria-describedby="DndDescribedBy-6"
[WebServer]                           onPointerDown={function useSyntheticListeners.useMemo}
[WebServer]                           onKeyDown={function useSyntheticListeners.useMemo}
[WebServer]                           className="min-h-11 min-w-11 flex shrink-0 touch-none items-center justify-center rounded-lg..."
[WebServer]                           aria-label="Arrastrar el paso en la posición 2 de 3"
[WebServer]                           data-testid="recipe-step-handle-1"
[WebServer]                         >
[WebServer]                         ...
[WebServer]                     <RecipeStepRow step={{key:"formu...", ...}} index={2} total={3} testIdPrefix="recipe-step" ...>
[WebServer]                       <li ref={function useCombinedRefs.useMemo} style={{...}} data-testid="recipe-ste..." ...>
[WebServer]                         <button
[WebServer]                           type="button"
[WebServer]                           role="button"
[WebServer]                           tabIndex={0}
[WebServer]                           aria-disabled={false}
[WebServer]                           aria-pressed={undefined}
[WebServer]                           aria-roledescription="sortable"
[WebServer] +                         aria-describedby="DndDescribedBy-0"
[WebServer] -                         aria-describedby="DndDescribedBy-6"
[WebServer]                           onPointerDown={function useSyntheticListeners.useMemo}
[WebServer]                           onKeyDown={function useSyntheticListeners.useMemo}
[WebServer]                           className="min-h-11 min-w-11 flex shrink-0 touch-none items-center justify-center rounded-lg..."
[WebServer]                           aria-label="Arrastrar el paso en la posición 3 de 3"
[WebServer]                           data-testid="recipe-step-handle-2"
[WebServer]                         >
[WebServer]                         ...
[WebServer]                 ...
[WebServer]                 ...
[WebServer]             ...
[WebServer]               <DndContext sensors={[...]} collisionDetection={function closestCenter} accessibility={{...}} ...>
[WebServer]                 <SortableContext items={[...]} strategy={function verticalListSortingStrategy}>
[WebServer]                   <ol className="flex flex-..." data-testid="recipe-pac...">
[WebServer]                     <RecipeStepRow step={{key:"formu...", ...}} index={0} total={2} testIdPrefix="recipe-pac..." ...>
[WebServer]                       <li ref={function useCombinedRefs.useMemo} style={{...}} data-testid="recipe-pac..." ...>
[WebServer]                         <button
[WebServer]                           type="button"
[WebServer]                           role="button"
[WebServer]                           tabIndex={0}
[WebServer]                           aria-disabled={false}
[WebServer]                           aria-pressed={undefined}
[WebServer]                           aria-roledescription="sortable"
[WebServer] +                         aria-describedby="DndDescribedBy-2"
[WebServer] -                         aria-describedby="DndDescribedBy-7"
[WebServer]                           onPointerDown={function useSyntheticListeners.useMemo}
[WebServer]                           onKeyDown={function useSyntheticListeners.useMemo}
[WebServer]                           className="min-h-11 min-w-11 flex shrink-0 touch-none items-center justify-center rounded-lg..."
[WebServer]                           aria-label="Arrastrar el paso en la posición 1 de 2"
[WebServer]                           data-testid="recipe-packing-step-handle-0"
[WebServer]                         >
[WebServer]                         ...
[WebServer]                     <RecipeStepRow step={{key:"formu...", ...}} index={1} total={2} testIdPrefix="recipe-pac..." ...>
[WebServer]                       <li ref={function useCombinedRefs.useMemo} style={{...}} data-testid="recipe-pac..." ...>
[WebServer]                         <button
[WebServer]                           type="button"
[WebServer]                           role="button"
[WebServer]                           tabIndex={0}
[WebServer]                           aria-disabled={false}
[WebServer]                           aria-pressed={undefined}
[WebServer]                           aria-roledescription="sortable"
[WebServer] +                         aria-describedby="DndDescribedBy-2"
[WebServer] -                         aria-describedby="DndDescribedBy-7"
[WebServer]                           onPointerDown={function useSyntheticListeners.useMemo}
[WebServer]                           onKeyDown={function useSyntheticListeners.useMemo}
[WebServer]                           className="min-h-11 min-w-11 flex shrink-0 touch-none items-center justify-center rounded-lg..."
[WebServer]                           aria-label="Arrastrar el paso en la posición 2 de 2"
[WebServer]                           data-testid="recipe-packing-step-handle-1"
[WebServer]                         >
[WebServer]                         ...
[WebServer]                 ...
[WebServer]                 ...
[WebServer]             ...
[WebServer]  
[WebServer]  POST /produccion/formulas/importar/8374cd26-9c1f-4ad8-880b-b892e6c2328a 200 in 63ms (next.js: 13ms, proxy.ts: 7ms, application-code: 43ms)
[WebServer]   └─ ƒ previewFormulaImportAction({"documentFileId":"8374cd26-9c1f-4ad8-880b-b892e6c2328a","name":"qc159_e2e_renombrada_8b8a62ec1b174c278fbde4b7051db862"}) in 29ms lib/modules/documentos/adapters/driving/formula-import-actions.ts
[WebServer]  POST /pedidos?pageSize=25&sort=createdAt%3Adesc 200 in 38ms (next.js: 4ms, proxy.ts: 4ms, application-code: 30ms)
[WebServer]   └─ ƒ quoteOrderPresentationAvailabilityAction({"presentationLines":[],"quantity":"1000","unitId":"b7a8f4c4-4738-44ec-899c-b73105c84658"}) in 21ms lib/modules/pedidos/adapters/driving/order-actions.ts
[WebServer]  POST /pedidos?pageSize=25&sort=createdAt%3Adesc 200 in 63ms (next.js: 9ms, proxy.ts: 5ms, application-code: 50ms)
[WebServer]   └─ ƒ listProductsAction({"filters":{"presentationUnitId":"[Object]","type":"[Object]"},"page":1,"pageSize":25}) in 41ms lib/modules/inventario/adapters/driving/product-actions.ts
[WebServer]  POST /produccion/formulas/importar/8374cd26-9c1f-4ad8-880b-b892e6c2328a 200 in 170ms (next.js: 23ms, proxy.ts: 5ms, application-code: 142ms)
[WebServer]   └─ ƒ confirmFormulaImportAction({"description":null,"documentFileId":"8374cd26-9c1f-4ad8-880b-b892e6c2328a","lines":["[Object]","[Object]","[Object]"],"...":"4 items not stringified"}) in 48ms lib/modules/documentos/adapters/driving/formula-import-actions.ts
[WebServer]  POST /pedidos?pageSize=25&sort=createdAt%3Adesc 200 in 49ms (next.js: 6ms, proxy.ts: 8ms, application-code: 35ms)
[WebServer]   └─ ƒ listProductsAction({"filters":{"presentationUnitId":"[Object]","type":"[Object]"},"page":1,"pageSize":25,"...":"1 item not stringified"}) in 24ms lib/modules/inventario/adapters/driving/product-actions.ts
  ✓  13 [webkit] › e2e\formula-desde-pdf.spec.ts:276:7 › formula-desde-pdf › sube un PDF de fórmula, reemplaza una receta con el mismo nombre y luego renombra para crear una nueva (R1, R11, R12, R14, R17, R18, R19, R25, R39) (22.3s)
[WebServer]  POST /pedidos?pageSize=25&sort=createdAt%3Adesc 200 in 28ms (next.js: 3ms, proxy.ts: 3ms, application-code: 22ms)
[WebServer]   └─ ƒ quoteOrderPresentationAvailabilityAction({"presentationLines":["[Object]"],"quantity":"1000","unitId":"b7a8f4c4-4738-44ec-899c-b73105c84658"}) in 16ms lib/modules/pedidos/adapters/driving/order-actions.ts
[WebServer]  POST /pedidos?pageSize=25&sort=createdAt%3Adesc 200 in 43ms (next.js: 4ms, proxy.ts: 3ms, application-code: 36ms)
[WebServer]   └─ ƒ quoteOrderCostAction({"presentationLines":["[Object]"],"quantity":"1000","recipeId":"97d7ad70-6efe-41b3-8773-471aa277452d"}) in 29ms lib/modules/pedidos/adapters/driving/order-actions.ts
[WebServer]  POST /pedidos?pageSize=25&sort=createdAt%3Adesc 200 in 79ms (next.js: 4ms, proxy.ts: 4ms, application-code: 71ms)
[WebServer]   └─ ƒ createOrderAction({"status":"idle"}, {}) in 63ms lib/modules/pedidos/adapters/driving/order-actions.ts
[WebServer]  GET /pedidos?pageSize=25&sort=createdAt%3Adesc 200 in 178ms (next.js: 4ms, proxy.ts: 3ms, application-code: 171ms)
  ✓  14 [webkit] › e2e\versiones-de-receta.spec.ts:317:7 › version de receta en el pedido › R44, R30 - el pedido con una version guarda la version y reserva sus lineas, no las de la original (22.1s)
  ✘   6 [chromium] › e2e\empaque.spec.ts:569:7 › el recorrido de empaque (R48) › el Operario finaliza y queda Por empacar, no ve la pestaña, Pedidos no lo deja cancelar, y el Empacador lo comienza, lo termina y lo ve en Terminados (1.4m)
  ✘  11 [webkit] › e2e\empaque.spec.ts:569:7 › el recorrido de empaque (R48) › el Operario finaliza y queda Por empacar, no ve la pestaña, Pedidos no lo deja cancelar, y el Empacador lo comienza, lo termina y lo ve en Terminados (1.1m)


  1) [chromium] › e2e\empaque.spec.ts:569:7 › el recorrido de empaque (R48) › el Operario finaliza y queda Por empacar, no ve la pestaña, Pedidos no lo deja cancelar, y el Empacador lo comienza, lo termina y lo ve en Terminados 

    Error: expect(locator).toBeVisible() failed

    Locator: getByTestId('assigned-order-start-confirm')
    Expected: visible
    Timeout: 5000ms
    Error: element(s) not found

    Call log:
      - Expect "toBeVisible" with timeout 5000ms
      - waiting for getByTestId('assigned-order-start-confirm')


    Call Log:
    - Timeout 60000ms exceeded while waiting on the predicate

       at helpers\confirm-dialog.ts:23

      21 |     if ((await confirm.count()) === 0) await trigger.click();
      22 |     await expect(confirm).toBeVisible({ timeout: 5_000 });
    > 23 |   }).toPass({ timeout: 60_000 });
         |      ^
      24 |   await confirm.click();
      25 | }
      26 |
        at clickAndConfirm (C:\Users\Cristian\Documents\trabajo\arc\labs\.worktrees\QC-211-pasos-de-envasado\e2e\helpers\confirm-dialog.ts:23:6)
        at C:\Users\Cristian\Documents\trabajo\arc\labs\.worktrees\QC-211-pasos-de-envasado\e2e\empaque.spec.ts:587:26

    Error Context: test-results\empaque-el-recorrido-de-em-b9945-rmina-y-lo-ve-en-Terminados-chromium\error-context.md

    Error Context: test-results\empaque-el-recorrido-de-em-b9945-rmina-y-lo-ve-en-Terminados-chromium\error-context.md

  2) [webkit] › e2e\empaque.spec.ts:569:7 › el recorrido de empaque (R48) › el Operario finaliza y queda Por empacar, no ve la pestaña, Pedidos no lo deja cancelar, y el Empacador lo comienza, lo termina y lo ve en Terminados 

    Error: expect(locator).toBeVisible() failed

    Locator: getByTestId('assigned-order-start-confirm')
    Expected: visible
    Timeout: 5000ms
    Error: element(s) not found

    Call log:
      - Expect "toBeVisible" with timeout 5000ms
      - waiting for getByTestId('assigned-order-start-confirm')


    Call Log:
    - Timeout 60000ms exceeded while waiting on the predicate

       at helpers\confirm-dialog.ts:23

      21 |     if ((await confirm.count()) === 0) await trigger.click();
      22 |     await expect(confirm).toBeVisible({ timeout: 5_000 });
    > 23 |   }).toPass({ timeout: 60_000 });
         |      ^
      24 |   await confirm.click();
      25 | }
      26 |
        at clickAndConfirm (C:\Users\Cristian\Documents\trabajo\arc\labs\.worktrees\QC-211-pasos-de-envasado\e2e\helpers\confirm-dialog.ts:23:6)
        at C:\Users\Cristian\Documents\trabajo\arc\labs\.worktrees\QC-211-pasos-de-envasado\e2e\empaque.spec.ts:587:26

    Error Context: test-results\empaque-el-recorrido-de-em-b9945-rmina-y-lo-ve-en-Terminados-webkit\error-context.md

    Error Context: test-results\empaque-el-recorrido-de-em-b9945-rmina-y-lo-ve-en-Terminados-webkit\error-context.md

  2 failed
    [chromium] › e2e\empaque.spec.ts:569:7 › el recorrido de empaque (R48) › el Operario finaliza y queda Por empacar, no ve la pestaña, Pedidos no lo deja cancelar, y el Empacador lo comienza, lo termina y lo ve en Terminados 
    [webkit] › e2e\empaque.spec.ts:569:7 › el recorrido de empaque (R48) › el Operario finaliza y queda Por empacar, no ve la pestaña, Pedidos no lo deja cancelar, y el Empacador lo comienza, lo termina y lo ve en Terminados 
  12 passed (2.0m)
