[WebServer] 
[WebServer] > quimicloude@0.1.0 dev C:\Users\Cristian\Documents\trabajo\arc\labs\.worktrees\QC-141-reserva-de-material-del-pedido
[WebServer] > next dev "--port" "3117"
[WebServer] 
[WebServer] ▲ Next.js 16.3.0 (Turbopack)
[WebServer] - Local:         http://localhost:3117
[WebServer] - Network:       http://172.29.16.1:3117
[WebServer] - Environments: .env
[WebServer] ✓ Ready in 1719ms
[WebServer] ✓ Running next.config.ts took 103ms
[WebServer] ⚠ The "middleware" file convention is deprecated. Please use "proxy" instead.
[WebServer] 
[WebServer]   To migrate automatically, run:
[WebServer]   npx @next/codemod@canary middleware-to-proxy .
[WebServer] 
[WebServer]   Learn more: https://nextjs.org/docs/messages/middleware-to-proxy
[WebServer] 
[WebServer] ○ Compiling / ...
[WebServer]  GET / 200 in 8.1s (next.js: 5.4s, proxy.ts: 778ms, application-code: 1904ms)

Running 26 tests using 6 workers

[WebServer]  GET /login 200 in 3.1s (next.js: 999ms, proxy.ts: 34ms, application-code: 2.0s)
[WebServer]  GET /login 200 in 3.1s (next.js: 1191ms, proxy.ts: 23ms, application-code: 1858ms)
[WebServer]  GET /login 200 in 3.0s (next.js: 1226ms, proxy.ts: 21ms, application-code: 1788ms)
[WebServer]  GET /login 200 in 2.0s (next.js: 797ms, proxy.ts: 169ms, application-code: 1047ms)
[WebServer]  GET /login 200 in 2.0s (next.js: 805ms, proxy.ts: 173ms, application-code: 1031ms)
[WebServer]  GET /login 200 in 2.0s (next.js: 809ms, proxy.ts: 180ms, application-code: 1016ms)
[WebServer]  GET /dashboard 200 in 10.6s (next.js: 1542ms, proxy.ts: 224ms, application-code: 8.8s)
[WebServer]  GET /dashboard 200 in 11.3s (next.js: 7.0s, proxy.ts: 214ms, application-code: 4.1s)
[WebServer]  GET /dashboard 200 in 11.3s (next.js: 1365ms, proxy.ts: 5.9s, application-code: 4.0s)
[WebServer]  POST /login 200 in 20.5s (next.js: 1951ms, proxy.ts: 181ms, application-code: 18.4s)
[WebServer]   └─ ƒ loginAction({"status":"idle"}, {}) in 3309ms lib/modules/identity/adapters/driving/login-action.ts
[WebServer]  POST /login 200 in 21.7s (next.js: 2.7s, proxy.ts: 97ms, application-code: 19.0s)
[WebServer]   └─ ƒ loginAction({"status":"idle"}, {}) in 3738ms lib/modules/identity/adapters/driving/login-action.ts
[WebServer]  POST /login 200 in 20.2s (next.js: 1623ms, proxy.ts: 354ms, application-code: 18.2s)
[WebServer]   └─ ƒ loginAction({"status":"idle"}, {}) in 3830ms lib/modules/identity/adapters/driving/login-action.ts
[WebServer]  GET /asignacion 200 in 14.2s (next.js: 5.4s, proxy.ts: 248ms, application-code: 8.5s)
[WebServer]  GET /asignacion 200 in 14.0s (next.js: 6.3s, proxy.ts: 89ms, application-code: 7.6s)
[WebServer]  GET /asignacion 200 in 10.3s (next.js: 543ms, proxy.ts: 1073ms, application-code: 8.7s)
[WebServer]  POST /login 200 in 26.4s (next.js: 2.8s, proxy.ts: 100ms, application-code: 23.6s)
[WebServer]   └─ ƒ loginAction({"status":"idle"}, {}) in 3283ms lib/modules/identity/adapters/driving/login-action.ts
[WebServer]  POST /login 200 in 27.8s (next.js: 2.8s, proxy.ts: 148ms, application-code: 24.9s)
[WebServer]   └─ ƒ loginAction({"status":"idle"}, {}) in 3643ms lib/modules/identity/adapters/driving/login-action.ts
[WebServer]  POST /login 200 in 29.7s (next.js: 824ms, proxy.ts: 94ms, application-code: 28.7s)
[WebServer]   └─ ƒ loginAction({"status":"idle"}, {}) in 9866ms lib/modules/identity/adapters/driving/login-action.ts
[WebServer]  GET /inventario?pageSize=25&q=qc92_e2e_d2c7a8d30474401faf1e1f647d49a9b3_pd 200 in 10.6s (next.js: 674ms, proxy.ts: 220ms, application-code: 9.7s)
[WebServer]  GET /inventario?pageSize=25&q=qc92_e2e_f58888219e4d4bdf8a72682d5cffbd97_pd 200 in 10.9s (next.js: 820ms, proxy.ts: 233ms, application-code: 9.9s)
[WebServer]  GET /inventario?pageSize=25&q=qc92_e2e_fe23effaa8bd45088ead052944d95f30_pd 200 in 10.8s (next.js: 725ms, proxy.ts: 221ms, application-code: 9.9s)
[WebServer]  GET /asignacion/51b29034-27bc-4316-a6e9-109862d5b9c8 404 in 11.0s (next.js: 7.7s, proxy.ts: 268ms, application-code: 3.1s)
[WebServer] [browser] Encountered a script tag while rendering React component. Scripts inside React components are never executed when rendering on the client. Consider using template tag instead (https://developer.mozilla.org/en-US/docs/Web/HTML/Element/template). 
  ✓   6 [chromium] › e2e\ejecucion-receta.spec.ts:481:7 › la ejecucion de la receta de un pedido asignado › R30 - quien no tiene asignaciones.consultar pide la direccion del pedido y recibe 404 (1.6m)
[WebServer]  GET /asignacion/e0aa29f3-367b-411a-8f9f-eeb58e3b6521 200 in 5.8s (next.js: 1250ms, proxy.ts: 442ms, application-code: 4.1s)
[WebServer]  GET /asignacion/22b85582-52b9-42fe-bb90-9b1254a72966 200 in 4.1s (next.js: 1313ms, proxy.ts: 302ms, application-code: 2.5s)
[WebServer] [browser] Encountered two children with the same key, `0`. Keys should be unique so that components maintain their identity across updates. Non-unique keys may cause children to be duplicated and/or omitted — the behavior is unsupported and could change in a future version. 
[WebServer] [browser] Encountered two children with the same key, `0`. Keys should be unique so that components maintain their identity across updates. Non-unique keys may cause children to be duplicated and/or omitted — the behavior is unsupported and could change in a future version. 
[WebServer] [browser] Encountered two children with the same key, `0`. Keys should be unique so that components maintain their identity across updates. Non-unique keys may cause children to be duplicated and/or omitted — the behavior is unsupported and could change in a future version. 
[WebServer]  POST /inventario?pageSize=25&q=qc92_e2e_fe23effaa8bd45088ead052944d95f30_pd 200 in 2.0s (next.js: 679ms, proxy.ts: 219ms, application-code: 1128ms)
[WebServer]   └─ ƒ listProductBatchesAction("7f5b95f8-43a6-4862-8eb4-3285bed931ff") in 467ms lib/modules/inventario/adapters/driving/batch-actions.ts
[WebServer]  POST /inventario?pageSize=25&q=qc92_e2e_d2c7a8d30474401faf1e1f647d49a9b3_pd 200 in 1484ms (next.js: 255ms, proxy.ts: 216ms, application-code: 1013ms)
[WebServer]   └─ ƒ listProductBatchesAction("22891b05-48dd-4626-8886-397f19f0ab61") in 609ms lib/modules/inventario/adapters/driving/batch-actions.ts
[WebServer]  POST /inventario?pageSize=25&q=qc92_e2e_f58888219e4d4bdf8a72682d5cffbd97_pd 200 in 2.0s (next.js: 460ms, proxy.ts: 188ms, application-code: 1401ms)
[WebServer]   └─ ƒ listProductBatchesAction("03c13ae7-71cf-4c05-a29c-cc66d6a7aeeb") in 710ms lib/modules/inventario/adapters/driving/batch-actions.ts
[WebServer]  GET /login 200 in 1431ms (next.js: 229ms, proxy.ts: 110ms, application-code: 1092ms)
[WebServer]  POST /inventario?pageSize=25&q=qc92_e2e_d2c7a8d30474401faf1e1f647d49a9b3_pd 200 in 921ms (next.js: 64ms, proxy.ts: 289ms, application-code: 568ms)
[WebServer]   └─ ƒ listBatchMovementsAction("cdfffe9b-2bda-4db8-bd70-bb7c0ce16058") in 384ms lib/modules/inventario/adapters/driving/batch-actions.ts
[WebServer]  GET /asignacion/e0aa29f3-367b-411a-8f9f-eeb58e3b6521 200 in 2.9s (next.js: 386ms, proxy.ts: 358ms, application-code: 2.2s)
[WebServer]  POST /inventario?pageSize=25&q=qc92_e2e_f58888219e4d4bdf8a72682d5cffbd97_pd 200 in 1074ms (next.js: 188ms, proxy.ts: 107ms, application-code: 779ms)
[WebServer]   └─ ƒ listBatchMovementsAction("a8675c64-7694-4bb5-a627-3ee9b2063c63") in 423ms lib/modules/inventario/adapters/driving/batch-actions.ts
  ✓   3 [chromium] › e2e\ajuste-de-inventario.spec.ts:463:7 › ajuste de existencia de un lote › quien solo tiene inventario.consultar ve el panel y el historial, pero el control de ajuste no existe en el DOM (1.8m)
[WebServer]  POST /inventario?pageSize=25&q=qc92_e2e_fe23effaa8bd45088ead052944d95f30_pd 200 in 1210ms (next.js: 140ms, proxy.ts: 92ms, application-code: 978ms)
[WebServer]   └─ ƒ adjustBatchStockAction({"status":"idle"}, {}) in 743ms lib/modules/inventario/adapters/driving/batch-actions.ts
[WebServer] [browser] Encountered two children with the same key, `0`. Keys should be unique so that components maintain their identity across updates. Non-unique keys may cause children to be duplicated and/or omitted — the behavior is unsupported and could change in a future version. 
[WebServer] [browser] Encountered two children with the same key, `1`. Keys should be unique so that components maintain their identity across updates. Non-unique keys may cause children to be duplicated and/or omitted — the behavior is unsupported and could change in a future version. 
[WebServer]  POST /inventario?pageSize=25&q=qc92_e2e_f58888219e4d4bdf8a72682d5cffbd97_pd 200 in 538ms (next.js: 102ms, proxy.ts: 217ms, application-code: 219ms)
[WebServer]   └─ ƒ adjustBatchStockAction({"status":"idle"}, {}) in 188ms lib/modules/inventario/adapters/driving/batch-actions.ts
  ✓   5 [chromium] › e2e\ejecucion-receta.spec.ts:499:7 › la ejecucion de la receta de un pedido asignado › R9 - recargar la pantalla de un pedido ya EN_CURSO la vuelve a mostrar sin error y sin mover el estado (1.8m)
  ✓   1 [chromium] › e2e\ajuste-de-inventario.spec.ts:420:7 › ajuste de existencia de un lote › un ajuste que dejaria la existencia bajo cero se rechaza y no deja rastro (1.8m)
[WebServer]  POST /inventario?pageSize=25&q=qc92_e2e_f58888219e4d4bdf8a72682d5cffbd97_pd 200 in 919ms (next.js: 47ms, proxy.ts: 17ms, application-code: 854ms)
[WebServer]   └─ ƒ listProductBatchesAction("03c13ae7-71cf-4c05-a29c-cc66d6a7aeeb") in 266ms lib/modules/inventario/adapters/driving/batch-actions.ts
[WebServer]  GET /inventario?pageSize=25&q=qc92_e2e_f58888219e4d4bdf8a72682d5cffbd97_pd 200 in 1392ms (next.js: 176ms, proxy.ts: 61ms, application-code: 1155ms)
[WebServer]  GET /asignacion 200 in 688ms (next.js: 45ms, proxy.ts: 14ms, application-code: 629ms)
[WebServer]  POST /login 200 in 1682ms (next.js: 159ms, proxy.ts: 56ms, application-code: 1467ms)
[WebServer]   └─ ƒ loginAction({"status":"idle"}, {}) in 566ms lib/modules/identity/adapters/driving/login-action.ts
[WebServer]  GET /login 200 in 947ms (next.js: 44ms, proxy.ts: 28ms, application-code: 875ms)
[WebServer]  GET /login 200 in 1126ms (next.js: 52ms, proxy.ts: 15ms, application-code: 1059ms)
[WebServer]  GET /login 200 in 1001ms (next.js: 124ms, proxy.ts: 59ms, application-code: 819ms)
[WebServer]  POST /inventario?pageSize=25&q=qc92_e2e_f58888219e4d4bdf8a72682d5cffbd97_pd 200 in 1226ms (next.js: 100ms, proxy.ts: 244ms, application-code: 882ms)
[WebServer]   └─ ƒ listBatchMovementsAction("a8675c64-7694-4bb5-a627-3ee9b2063c63") in 624ms lib/modules/inventario/adapters/driving/batch-actions.ts
  ✓   7 [chromium] › e2e\pedidos-terminados.spec.ts:442:7 › QC-145 — los tres roles en /asignacion y el cierre de /pedidos › el Operador aterriza en «Mis asignados» y no ve ninguna pestaña ni las otras vistas (R28) (8.3s)
  ✓   2 [chromium] › e2e\ajuste-de-inventario.spec.ts:334:7 › ajuste de existencia de un lote › un ajuste con motivo cambia la cantidad del lote y queda su asiento junto al de alta, en Postgres (1.9m)
[WebServer]  GET /login 200 in 1705ms (next.js: 99ms, proxy.ts: 497ms, application-code: 1109ms)
[WebServer]  GET /login 200 in 2.4s (next.js: 353ms, proxy.ts: 39ms, application-code: 2.0s)
[WebServer]  GET /dashboard 200 in 6.8s (next.js: 674ms, proxy.ts: 301ms, application-code: 5.9s)
[WebServer]  GET /dashboard 200 in 6.8s (next.js: 458ms, proxy.ts: 364ms, application-code: 6.0s)
[WebServer]  POST /login 200 in 10.0s (next.js: 321ms, proxy.ts: 268ms, application-code: 9.4s)
[WebServer]   └─ ƒ loginAction({"status":"idle"}, {}) in 717ms lib/modules/identity/adapters/driving/login-action.ts
[WebServer]  GET /asignacion?entregado=2026-0856198 200 in 9.3s (next.js: 467ms, proxy.ts: 359ms, application-code: 8.5s)
[WebServer]  GET /asignacion 200 in 9.4s (next.js: 412ms, proxy.ts: 280ms, application-code: 8.7s)
[WebServer]  POST /login 200 in 10.1s (next.js: 319ms, proxy.ts: 97ms, application-code: 9.7s)
[WebServer]   └─ ƒ loginAction({"status":"idle"}, {}) in 1122ms lib/modules/identity/adapters/driving/login-action.ts
[WebServer]  POST /asignacion/22b85582-52b9-42fe-bb90-9b1254a72966 200 in 17.8s (next.js: 1151ms, proxy.ts: 173ms, application-code: 16.5s)
[WebServer]   └─ ƒ finishAssignedOrderAction({"status":"success"}, {}) in 4455ms lib/modules/asignaciones/adapters/driving/order-execution-actions.ts
[WebServer]  POST /login 200 in 13.6s (next.js: 287ms, proxy.ts: 32ms, application-code: 13.3s)
[WebServer]   └─ ƒ loginAction({"status":"idle"}, {}) in 1214ms lib/modules/identity/adapters/driving/login-action.ts
  ✓   4 [chromium] › e2e\ejecucion-receta.spec.ts:431:7 › la ejecucion de la receta de un pedido asignado › R29 - el Operador entra, ve su pedido asignado, lo abre, el pedido queda EN_CURSO en base, recorre los pasos hasta Finalizar y el pedido queda ENTREGADO en base (2.2m)
[WebServer]  GET /asignacion 200 in 4.8s (next.js: 212ms, proxy.ts: 70ms, application-code: 4.5s)
[WebServer]  GET /login 200 in 3.6s (next.js: 511ms, proxy.ts: 124ms, application-code: 3.0s)
[WebServer]  GET /dashboard 200 in 4.9s (next.js: 215ms, proxy.ts: 180ms, application-code: 4.5s)
[WebServer]  GET /pedidos?pageSize=25&sort=createdAt%3Adesc 200 in 4.7s (next.js: 1303ms, proxy.ts: 65ms, application-code: 3.3s)
[WebServer]  POST /login 200 in 8.3s (next.js: 1057ms, proxy.ts: 38ms, application-code: 7.2s)
[WebServer]   └─ ƒ loginAction({"status":"idle"}, {}) in 1903ms lib/modules/identity/adapters/driving/login-action.ts
[WebServer]  GET /asignacion?vista=terminados 200 in 4.2s (next.js: 2.0s, proxy.ts: 354ms, application-code: 1891ms)
  ✓   8 [chromium] › e2e\pedidos-terminados.spec.ts:458:7 › QC-145 — los tres roles en /asignacion y el cierre de /pedidos › el Empacador ve «Terminados» con el pedido ajeno, su fecha y sus responsables, el «sin fecha» al final, y no ve «Todos» (R28, R30) (31.0s)
[WebServer]  GET /asignacion 200 in 4.3s (next.js: 127ms, proxy.ts: 82ms, application-code: 4.1s)
  ✓  10 [chromium] › e2e\pedidos-terminados.spec.ts:621:7 › QC-145 — los tres roles en /asignacion y el cierre de /pedidos › en «Pedidos», el panel de edicion del Administrador no ofrece estado y el selector de responsables no ofrece a otro Administrador (R7, R32) (32.8s)
[WebServer]  POST /login 200 in 6.6s (next.js: 234ms, proxy.ts: 781ms, application-code: 5.6s)
[WebServer]   └─ ƒ loginAction({"status":"idle"}, {}) in 809ms lib/modules/identity/adapters/driving/login-action.ts
[WebServer]  GET /pedidos?pageSize=25&sort=createdAt%3Adesc 200 in 3.4s (next.js: 172ms, proxy.ts: 89ms, application-code: 3.2s)
[WebServer]  GET /asignacion?page=1&pageSize=10&vista=todos&status=ENTREGADO 200 in 2.6s (next.js: 114ms, proxy.ts: 1190ms, application-code: 1316ms)
[WebServer]  GET /pedidos 404 in 857ms (next.js: 58ms, proxy.ts: 27ms, application-code: 773ms)
[WebServer] [browser] Encountered a script tag while rendering React component. Scripts inside React components are never executed when rendering on the client. Consider using template tag instead (https://developer.mozilla.org/en-US/docs/Web/HTML/Element/template). 
[WebServer]  GET /asignacion/31a341c1-ca24-4192-a881-4a968f7226d3 200 in 721ms (next.js: 126ms, proxy.ts: 83ms, application-code: 512ms)
[WebServer]  GET /dashboard 200 in 870ms (next.js: 199ms, proxy.ts: 76ms, application-code: 594ms)
[WebServer]  POST /login 200 in 1675ms (next.js: 58ms, proxy.ts: 145ms, application-code: 1473ms)
[WebServer]   └─ ƒ loginAction({"status":"idle"}, {}) in 426ms lib/modules/identity/adapters/driving/login-action.ts
  ✓  12 [chromium] › e2e\pedidos.spec.ts:494:7 › pantalla de pedidos › un usuario sin pedidos.consultar recibe 404 dentro del layout privado y no ve ningun dato de pedidos (R49) (28.0s)
  ✓   9 [chromium] › e2e\pedidos-terminados.spec.ts:525:7 › QC-145 — los tres roles en /asignacion y el cierre de /pedidos › el Administrador ve solo «Todos» con los cuatro estados; filtrar por Entregado trae la fecha y el orden de terminados; sin entrada a ejecucion; `/asignacion/<id>` de un pedido no asignado dice "no encontrado" (R28, R35) (36.7s)
[WebServer]  GET /pedidos?pageSize=25&sort=createdAt%3Adesc 200 in 2.4s (next.js: 62ms, proxy.ts: 16ms, application-code: 2.3s)
[WebServer]  POST /pedidos?pageSize=25&sort=createdAt%3Adesc 200 in 1398ms (next.js: 113ms, proxy.ts: 912ms, application-code: 373ms)
[WebServer]   └─ ƒ listRecipesAction({"page":1,"pageSize":25,"search":"qc35_e2e_receta_4e2ea954abe54e3db20f237736512056"}) in 170ms lib/modules/recetas/adapters/driving/recipe-actions.ts
[WebServer]  GET /login 200 in 1485ms (next.js: 102ms, proxy.ts: 879ms, application-code: 503ms)
[WebServer]  GET /login 200 in 463ms (next.js: 110ms, proxy.ts: 27ms, application-code: 326ms)
[WebServer]  POST /pedidos?pageSize=25&sort=createdAt%3Adesc 200 in 223ms (next.js: 54ms, proxy.ts: 29ms, application-code: 140ms)
[WebServer]   └─ ƒ getRecipeAction("92794399-34ca-4cac-8629-fe1804ff2f6a") in 65ms lib/modules/recetas/adapters/driving/recipe-actions.ts
[WebServer]  POST /pedidos?pageSize=25&sort=createdAt%3Adesc 200 in 149ms (next.js: 27ms, proxy.ts: 32ms, application-code: 90ms)
[WebServer]   └─ ƒ listPresentationsAction({"page":1,"pageSize":25}) in 67ms lib/modules/inventario/adapters/driving/presentation-actions.ts
[WebServer]  POST /pedidos?pageSize=25&sort=createdAt%3Adesc 200 in 92ms (next.js: 11ms, proxy.ts: 9ms, application-code: 72ms)
[WebServer]   └─ ƒ listPresentationsAction({"page":1,"pageSize":25,"search":"qc35_e2e_presentacion_4e2ea954abe54e3db20f237736512056"}) in 44ms lib/modules/inventario/adapters/driving/presentation-actions.ts
[WebServer]  POST /pedidos?pageSize=25&sort=createdAt%3Adesc 200 in 82ms (next.js: 16ms, proxy.ts: 16ms, application-code: 50ms)
[WebServer]   └─ ƒ listRecipesAction({"page":1,"pageSize":25,"search":"qc141_e2e_1755d104e3944c4e99cd97ec5f1afa18_receta"}) in 22ms lib/modules/recetas/adapters/driving/recipe-actions.ts
[WebServer]  GET /login 200 in 258ms (next.js: 12ms, proxy.ts: 6ms, application-code: 240ms)
[WebServer]  POST /pedidos?pageSize=25&sort=createdAt%3Adesc 200 in 411ms (next.js: 26ms, proxy.ts: 11ms, application-code: 373ms)
[WebServer]   └─ ƒ createOrderAction({"status":"idle"}, {}) in 305ms lib/modules/pedidos/adapters/driving/order-actions.ts
[WebServer]  POST /pedidos?pageSize=25&sort=createdAt%3Adesc 200 in 683ms (next.js: 33ms, proxy.ts: 29ms, application-code: 621ms)
[WebServer]   └─ ƒ getRecipeAction("8054c3d9-de03-43a0-b3e5-9fa8cced202e") in 167ms lib/modules/recetas/adapters/driving/recipe-actions.ts
[WebServer]  GET /login 200 in 1478ms (next.js: 79ms, proxy.ts: 34ms, application-code: 1364ms)
[WebServer]  POST /pedidos?pageSize=25&sort=createdAt%3Adesc 200 in 1218ms (next.js: 362ms, proxy.ts: 234ms, application-code: 622ms)
[WebServer]   └─ ƒ listPresentationsAction({"page":1,"pageSize":25}) in 480ms lib/modules/inventario/adapters/driving/presentation-actions.ts
[WebServer]  POST /pedidos?pageSize=25&sort=createdAt%3Adesc 200 in 428ms (next.js: 53ms, proxy.ts: 39ms, application-code: 336ms)
[WebServer]   └─ ƒ listPresentationsAction({"page":1,"pageSize":25,"search":"qc141_e2e_1755d104e3944c4e99cd97ec5f1afa18_presentacion"}) in 65ms lib/modules/inventario/adapters/driving/presentation-actions.ts
[WebServer]  GET /dashboard 200 in 478ms (next.js: 54ms, proxy.ts: 32ms, application-code: 391ms)
[WebServer]  GET /dashboard 200 in 522ms (next.js: 135ms, proxy.ts: 34ms, application-code: 353ms)
[WebServer]  POST /login 200 in 1662ms (next.js: 382ms, proxy.ts: 40ms, application-code: 1239ms)
[WebServer]   └─ ƒ loginAction({"status":"idle"}, {}) in 558ms lib/modules/identity/adapters/driving/login-action.ts
[WebServer]  POST /login 200 in 1660ms (next.js: 398ms, proxy.ts: 41ms, application-code: 1220ms)
[WebServer]   └─ ƒ loginAction({"status":"idle"}, {}) in 543ms lib/modules/identity/adapters/driving/login-action.ts
[WebServer]  GET /pedidos?pageSize=25&sort=createdAt%3Adesc 200 in 2.5s (next.js: 239ms, proxy.ts: 54ms, application-code: 2.2s)
[WebServer]  POST /pedidos?pageSize=25&sort=createdAt%3Adesc 200 in 349ms (next.js: 75ms, proxy.ts: 33ms, application-code: 241ms)
[WebServer]   └─ ƒ getRecipeAction("92794399-34ca-4cac-8629-fe1804ff2f6a") in 200ms lib/modules/recetas/adapters/driving/recipe-actions.ts
[WebServer]  POST /pedidos?pageSize=25&sort=createdAt%3Adesc 200 in 899ms (next.js: 70ms, proxy.ts: 85ms, application-code: 745ms)
[WebServer]   └─ ƒ createOrderAction({"status":"idle"}, {}) in 690ms lib/modules/pedidos/adapters/driving/order-actions.ts
[WebServer]  POST /pedidos?pageSize=25&sort=createdAt%3Adesc 200 in 312ms (next.js: 78ms, proxy.ts: 58ms, application-code: 177ms)
[WebServer]   └─ ƒ getRecipeAction("92794399-34ca-4cac-8629-fe1804ff2f6a") in 137ms lib/modules/recetas/adapters/driving/recipe-actions.ts
[WebServer]  POST /pedidos?pageSize=25&sort=createdAt%3Adesc 200 in 3.5s (next.js: 317ms, proxy.ts: 19ms, application-code: 3.2s)
[WebServer]   └─ ƒ cancelOrderAction({"status":"idle"}, {}) in 2861ms lib/modules/pedidos/adapters/driving/order-actions.ts
[WebServer]  GET /inventario?pageSize=25&q=qc92_e2e_a9ac2b8ab98f48aa841b4f33de74e07d_pd 200 in 3.6s (next.js: 65ms, proxy.ts: 76ms, application-code: 3.4s)
[WebServer]  GET /inventario?pageSize=25&q=qc92_e2e_14591845a0254e9abe804fc8c1ad177d_pd 200 in 3.9s (next.js: 140ms, proxy.ts: 69ms, application-code: 3.7s)
[WebServer]  GET /pedidos?pageSize=25&sort=createdAt%3Adesc 200 in 5.9s (next.js: 62ms, proxy.ts: 36ms, application-code: 5.8s)
[WebServer]  GET /asignacion 200 in 2.0s (next.js: 84ms, proxy.ts: 159ms, application-code: 1792ms)
[WebServer]  GET /asignacion 200 in 1724ms (next.js: 376ms, proxy.ts: 189ms, application-code: 1159ms)
[WebServer]  POST /login 200 in 5.5s (next.js: 267ms, proxy.ts: 118ms, application-code: 5.1s)
[WebServer]   └─ ƒ loginAction({"status":"idle"}, {}) in 2503ms lib/modules/identity/adapters/driving/login-action.ts
[WebServer]  POST /login 200 in 5.3s (next.js: 1305ms, proxy.ts: 96ms, application-code: 3.9s)
[WebServer]   └─ ƒ loginAction({"status":"idle"}, {}) in 1447ms lib/modules/identity/adapters/driving/login-action.ts
[WebServer]  POST /pedidos?pageSize=25&sort=createdAt%3Adesc 200 in 633ms (next.js: 141ms, proxy.ts: 78ms, application-code: 414ms)
[WebServer]   └─ ƒ getRecipeAction("8054c3d9-de03-43a0-b3e5-9fa8cced202e") in 160ms lib/modules/recetas/adapters/driving/recipe-actions.ts
[WebServer]  POST /pedidos?pageSize=25&sort=createdAt%3Adesc 200 in 1791ms (next.js: 1324ms, proxy.ts: 200ms, application-code: 267ms)
  ✓  11 [chromium] › e2e\pedidos.spec.ts:369:7 › pantalla de pedidos › el Administrador entra, da de alta un pedido, lo ve por su correlativo y lo cancela con motivo (R48, R29) (50.2s)
[WebServer]  GET /pedidos?pageSize=25&sort=createdAt%3Adesc 200 in 5.3s (next.js: 272ms, proxy.ts: 44ms, application-code: 5.0s)
[WebServer]  GET /inventario?pageSize=25&q=qc141_e2e_1755d104e3944c4e99cd97ec5f1afa18_producto 200 in 3.7s (next.js: 81ms, proxy.ts: 73ms, application-code: 3.6s)
[WebServer]  POST /inventario?pageSize=25&q=qc92_e2e_a9ac2b8ab98f48aa841b4f33de74e07d_pd 200 in 1891ms (next.js: 297ms, proxy.ts: 57ms, application-code: 1537ms)
[WebServer]   └─ ƒ listProductBatchesAction("2720fc38-4846-45e9-8ee1-69124e48eb76") in 1296ms lib/modules/inventario/adapters/driving/batch-actions.ts
[WebServer]  POST /inventario?pageSize=25&q=qc92_e2e_14591845a0254e9abe804fc8c1ad177d_pd 200 in 1905ms (next.js: 274ms, proxy.ts: 62ms, application-code: 1568ms)
[WebServer]   └─ ƒ listProductBatchesAction("f46591ca-ed9b-4885-adb4-57e7933cf885") in 1325ms lib/modules/inventario/adapters/driving/batch-actions.ts
[WebServer]  GET /inventario?pageSize=25&q=qc92_e2e_1ac5581ec2c34b67881946e2b2fdaa53_pd 200 in 2.7s (next.js: 114ms, proxy.ts: 644ms, application-code: 1972ms)
[WebServer]  GET /pedidos?pageSize=25&sort=createdAt%3Adesc 200 in 2.9s (next.js: 38ms, proxy.ts: 24ms, application-code: 2.8s)
[WebServer]  POST /inventario?pageSize=25&q=qc92_e2e_1ac5581ec2c34b67881946e2b2fdaa53_pd 200 in 884ms (next.js: 232ms, proxy.ts: 75ms, application-code: 578ms)
[WebServer]   └─ ƒ listProductBatchesAction("e520eb38-2dc0-4b10-9979-0fa39632ca4d") in 303ms lib/modules/inventario/adapters/driving/batch-actions.ts
[WebServer]  POST /inventario?pageSize=25&q=qc92_e2e_14591845a0254e9abe804fc8c1ad177d_pd 200 in 2.1s (next.js: 248ms, proxy.ts: 1204ms, application-code: 611ms)
[WebServer]   └─ ƒ listBatchMovementsAction("aab022a0-6c8a-416f-8052-ae79dbdfb208") in 359ms lib/modules/inventario/adapters/driving/batch-actions.ts
[WebServer]  GET /asignacion/59d28b09-166f-46b5-b907-cea7b387de0b 200 in 3.5s (next.js: 516ms, proxy.ts: 75ms, application-code: 2.9s)
[WebServer]  POST /pedidos?pageSize=25&sort=createdAt%3Adesc 200 in 2.3s (next.js: 1953ms, proxy.ts: 35ms, application-code: 360ms)
[WebServer] ⨯ Error: aborted
[WebServer]     at ignore-listed frames
[WebServer]  POST /inventario?pageSize=25&q=qc92_e2e_a9ac2b8ab98f48aa841b4f33de74e07d_pd 200 in 2.9s (next.js: 1923ms, proxy.ts: 31ms, application-code: 974ms)
[WebServer]   └─ ƒ adjustBatchStockAction({"status":"idle"}, {}) in 598ms lib/modules/inventario/adapters/driving/batch-actions.ts
[WebServer]  GET /pedidos?pageSize=25&sort=createdAt%3Adesc 200 in 3.5s (next.js: 65ms, proxy.ts: 21ms, application-code: 3.4s)
[WebServer]  POST /inventario?pageSize=25&q=qc92_e2e_1ac5581ec2c34b67881946e2b2fdaa53_pd 200 in 2.2s (next.js: 352ms, proxy.ts: 1052ms, application-code: 817ms)
[WebServer]   └─ ƒ listBatchMovementsAction("40ee4f03-3760-4e1c-ae43-d55b3d9b4471") in 575ms lib/modules/inventario/adapters/driving/batch-actions.ts
[WebServer]  GET /login 200 in 2.2s (next.js: 216ms, proxy.ts: 1027ms, application-code: 997ms)
  ✓  16 [webkit] › e2e\ajuste-de-inventario.spec.ts:463:7 › ajuste de existencia de un lote › quien solo tiene inventario.consultar ve el panel y el historial, pero el control de ajuste no existe en el DOM (23.6s)
  ✓  15 [webkit] › e2e\ajuste-de-inventario.spec.ts:420:7 › ajuste de existencia de un lote › un ajuste que dejaria la existencia bajo cero se rechaza y no deja rastro (26.1s)
[WebServer] [browser] Encountered two children with the same key, `0`. Keys should be unique so that components maintain their identity across updates. Non-unique keys may cause children to be duplicated and/or omitted — the behavior is unsupported and could change in a future version. 
[WebServer]  POST /pedidos?pageSize=25&sort=createdAt%3Adesc 200 in 391ms (next.js: 59ms, proxy.ts: 97ms, application-code: 236ms)
[WebServer]   └─ ƒ getRecipeAction("8054c3d9-de03-43a0-b3e5-9fa8cced202e") in 112ms lib/modules/recetas/adapters/driving/recipe-actions.ts
[WebServer] [browser] Encountered two children with the same key, `0`. Keys should be unique so that components maintain their identity across updates. Non-unique keys may cause children to be duplicated and/or omitted — the behavior is unsupported and could change in a future version. 
[WebServer]  POST /pedidos?pageSize=25&sort=createdAt%3Adesc 200 in 443ms (next.js: 152ms, proxy.ts: 35ms, application-code: 256ms)
[WebServer]   └─ ƒ getRecipeAction("8054c3d9-de03-43a0-b3e5-9fa8cced202e") in 185ms lib/modules/recetas/adapters/driving/recipe-actions.ts
[WebServer]  POST /inventario?pageSize=25&q=qc92_e2e_14591845a0254e9abe804fc8c1ad177d_pd 200 in 623ms (next.js: 127ms, proxy.ts: 35ms, application-code: 461ms)
[WebServer]   └─ ƒ adjustBatchStockAction({"status":"idle"}, {}) in 357ms lib/modules/inventario/adapters/driving/batch-actions.ts
[WebServer]  POST /pedidos?pageSize=25&sort=createdAt%3Adesc 200 in 201ms (next.js: 49ms, proxy.ts: 30ms, application-code: 122ms)
[WebServer]   └─ ƒ listRecipesAction({"page":1,"pageSize":25,"search":"qc141_e2e_1755d104e3944c4e99cd97ec5f1afa18_receta"}) in 86ms lib/modules/recetas/adapters/driving/recipe-actions.ts
[WebServer]  POST /inventario?pageSize=25&q=qc92_e2e_14591845a0254e9abe804fc8c1ad177d_pd 200 in 623ms (next.js: 52ms, proxy.ts: 26ms, application-code: 544ms)
[WebServer]   └─ ƒ listProductBatchesAction("f46591ca-ed9b-4885-adb4-57e7933cf885") in 344ms lib/modules/inventario/adapters/driving/batch-actions.ts
[WebServer]  POST /pedidos?pageSize=25&sort=createdAt%3Adesc 200 in 827ms (next.js: 310ms, proxy.ts: 127ms, application-code: 390ms)
[WebServer]   └─ ƒ getRecipeAction("8054c3d9-de03-43a0-b3e5-9fa8cced202e") in 249ms lib/modules/recetas/adapters/driving/recipe-actions.ts
[WebServer]  GET /login 200 in 625ms (next.js: 73ms, proxy.ts: 23ms, application-code: 529ms)
[WebServer]  POST /pedidos?pageSize=25&sort=createdAt%3Adesc 200 in 336ms (next.js: 176ms, proxy.ts: 35ms, application-code: 125ms)
[WebServer]   └─ ƒ listPresentationsAction({"page":1,"pageSize":25}) in 70ms lib/modules/inventario/adapters/driving/presentation-actions.ts
[WebServer]  GET /login 200 in 439ms (next.js: 41ms, proxy.ts: 63ms, application-code: 335ms)
[WebServer]  POST /pedidos?pageSize=25&sort=createdAt%3Adesc 200 in 212ms (next.js: 47ms, proxy.ts: 31ms, application-code: 134ms)
[WebServer]   └─ ƒ listPresentationsAction({"page":1,"pageSize":25,"search":"qc141_e2e_1755d104e3944c4e99cd97ec5f1afa18_presentacion"}) in 67ms lib/modules/inventario/adapters/driving/presentation-actions.ts
[WebServer]  GET /inventario?pageSize=25&q=qc92_e2e_14591845a0254e9abe804fc8c1ad177d_pd 200 in 1468ms (next.js: 85ms, proxy.ts: 20ms, application-code: 1363ms)
[WebServer]  GET /dashboard 200 in 395ms (next.js: 53ms, proxy.ts: 34ms, application-code: 307ms)
[WebServer]  POST /login 200 in 1020ms (next.js: 58ms, proxy.ts: 26ms, application-code: 937ms)
[WebServer]   └─ ƒ loginAction({"status":"idle"}, {}) in 336ms lib/modules/identity/adapters/driving/login-action.ts
[WebServer]  POST /pedidos?pageSize=25&sort=createdAt%3Adesc 200 in 807ms (next.js: 121ms, proxy.ts: 27ms, application-code: 659ms)
[WebServer]   └─ ƒ createOrderAction({"status":"idle"}, {}) in 598ms lib/modules/pedidos/adapters/driving/order-actions.ts
[WebServer] [browser] Encountered two children with the same key, `1`. Keys should be unique so that components maintain their identity across updates. Non-unique keys may cause children to be duplicated and/or omitted — the behavior is unsupported and could change in a future version. 
[WebServer]  GET /asignacion/8b08cacb-a038-46cd-953f-ede99201640e 404 in 917ms (next.js: 159ms, proxy.ts: 37ms, application-code: 720ms)
[WebServer]  POST /inventario?pageSize=25&q=qc92_e2e_14591845a0254e9abe804fc8c1ad177d_pd 200 in 844ms (next.js: 44ms, proxy.ts: 28ms, application-code: 772ms)
[WebServer]   └─ ƒ listBatchMovementsAction("aab022a0-6c8a-416f-8052-ae79dbdfb208") in 473ms lib/modules/inventario/adapters/driving/batch-actions.ts
[WebServer]  GET /pedidos?pageSize=25&sort=createdAt%3Adesc 200 in 2.7s (next.js: 78ms, proxy.ts: 33ms, application-code: 2.6s)
[WebServer] [browser] Encountered a script tag while rendering React component. Scripts inside React components are never executed when rendering on the client. Consider using template tag instead (https://developer.mozilla.org/en-US/docs/Web/HTML/Element/template). 
[WebServer]  GET /asignacion 200 in 1567ms (next.js: 126ms, proxy.ts: 18ms, application-code: 1423ms)
[WebServer]  GET /asignacion 200 in 1719ms (next.js: 202ms, proxy.ts: 149ms, application-code: 1367ms)
  ✓  14 [webkit] › e2e\ajuste-de-inventario.spec.ts:334:7 › ajuste de existencia de un lote › un ajuste con motivo cambia la cantidad del lote y queda su asiento junto al de alta, en Postgres (37.4s)
  ✓  18 [webkit] › e2e\ejecucion-receta.spec.ts:481:7 › la ejecucion de la receta de un pedido asignado › R30 - quien no tiene asignaciones.consultar pide la direccion del pedido y recibe 404 (13.9s)
[WebServer]  POST /pedidos?pageSize=25&sort=createdAt%3Adesc 200 in 1497ms (next.js: 203ms, proxy.ts: 49ms, application-code: 1246ms)
[WebServer]   └─ ƒ getRecipeAction("8054c3d9-de03-43a0-b3e5-9fa8cced202e") in 249ms lib/modules/recetas/adapters/driving/recipe-actions.ts
[WebServer]  POST /login 200 in 3.9s (next.js: 182ms, proxy.ts: 20ms, application-code: 3.7s)
[WebServer]   └─ ƒ loginAction({"status":"idle"}, {}) in 549ms lib/modules/identity/adapters/driving/login-action.ts
[WebServer]  POST /pedidos?pageSize=25&sort=createdAt%3Adesc 200 in 1437ms (next.js: 571ms, proxy.ts: 793ms, application-code: 74ms)
[WebServer]  POST /login 200 in 3.9s (next.js: 233ms, proxy.ts: 17ms, application-code: 3.6s)
[WebServer]   └─ ƒ loginAction({"status":"idle"}, {}) in 357ms lib/modules/identity/adapters/driving/login-action.ts
[WebServer]  GET /inventario?pageSize=25&q=qc141_e2e_1755d104e3944c4e99cd97ec5f1afa18_producto 200 in 2.4s (next.js: 153ms, proxy.ts: 81ms, application-code: 2.2s)
  ✓  20 [webkit] › e2e\pedidos-terminados.spec.ts:442:7 › QC-145 — los tres roles en /asignacion y el cierre de /pedidos › el Operador aterriza en «Mis asignados» y no ve ninguna pestaña ni las otras vistas (R28) (10.4s)
[WebServer]  GET /pedidos?pageSize=25&sort=createdAt%3Adesc 200 in 2.8s (next.js: 15ms, proxy.ts: 12ms, application-code: 2.8s)
[WebServer]  GET /login 200 in 2.6s (next.js: 1669ms, proxy.ts: 47ms, application-code: 927ms)
[WebServer]  GET /login 200 in 2.6s (next.js: 1683ms, proxy.ts: 43ms, application-code: 912ms)
[WebServer]  GET /login 200 in 827ms (next.js: 74ms, proxy.ts: 82ms, application-code: 672ms)
[WebServer]  GET /asignacion/8040a248-7bbf-4274-8928-08f2b2453f8b 200 in 1321ms (next.js: 478ms, proxy.ts: 208ms, application-code: 635ms)
[WebServer]  GET /asignacion?entregado=2026-0860846 200 in 1595ms (next.js: 225ms, proxy.ts: 56ms, application-code: 1313ms)
[WebServer]  POST /pedidos?pageSize=25&sort=createdAt%3Adesc 200 in 1075ms (next.js: 72ms, proxy.ts: 957ms, application-code: 46ms)
[WebServer] ⨯ Error: aborted
[WebServer]     at ignore-listed frames
[WebServer]  POST /asignacion/59d28b09-166f-46b5-b907-cea7b387de0b 200 in 4.8s (next.js: 99ms, proxy.ts: 38ms, application-code: 4.6s)
[WebServer]   └─ ƒ finishAssignedOrderAction({"status":"success"}, {}) in 1997ms lib/modules/asignaciones/adapters/driving/order-execution-actions.ts
[WebServer]  GET /pedidos?pageSize=25&sort=createdAt%3Adesc 200 in 1788ms (next.js: 68ms, proxy.ts: 23ms, application-code: 1697ms)
  ✓  17 [webkit] › e2e\ejecucion-receta.spec.ts:431:7 › la ejecucion de la receta de un pedido asignado › R29 - el Operador entra, ve su pedido asignado, lo abre, el pedido queda EN_CURSO en base, recorre los pasos hasta Finalizar y el pedido queda ENTREGADO en base (41.0s)
[WebServer]  POST /pedidos?pageSize=25&sort=createdAt%3Adesc 200 in 462ms (next.js: 117ms, proxy.ts: 96ms, application-code: 249ms)
[WebServer]   └─ ƒ getRecipeAction("8054c3d9-de03-43a0-b3e5-9fa8cced202e") in 133ms lib/modules/recetas/adapters/driving/recipe-actions.ts
[WebServer]  GET /asignacion/8040a248-7bbf-4274-8928-08f2b2453f8b 200 in 939ms (next.js: 43ms, proxy.ts: 8ms, application-code: 888ms)
[WebServer]  POST /pedidos?pageSize=25&sort=createdAt%3Adesc 200 in 222ms (next.js: 22ms, proxy.ts: 155ms, application-code: 46ms)
[WebServer]   └─ ƒ getRecipeAction("8054c3d9-de03-43a0-b3e5-9fa8cced202e") in 21ms lib/modules/recetas/adapters/driving/recipe-actions.ts
[WebServer]  POST /pedidos?pageSize=25&sort=createdAt%3Adesc 200 in 242ms (next.js: 123ms, proxy.ts: 27ms, application-code: 91ms)
[WebServer]   └─ ƒ getRecipeAction("8054c3d9-de03-43a0-b3e5-9fa8cced202e") in 70ms lib/modules/recetas/adapters/driving/recipe-actions.ts
[WebServer]  POST /pedidos?pageSize=25&sort=createdAt%3Adesc 200 in 83ms (next.js: 11ms, proxy.ts: 11ms, application-code: 61ms)
[WebServer]   └─ ƒ getRecipeAction("8054c3d9-de03-43a0-b3e5-9fa8cced202e") in 23ms lib/modules/recetas/adapters/driving/recipe-actions.ts
[WebServer]  POST /pedidos?pageSize=25&sort=createdAt%3Adesc 200 in 389ms (next.js: 23ms, proxy.ts: 11ms, application-code: 355ms)
[WebServer]   └─ ƒ cancelOrderAction({"status":"idle"}, {}) in 329ms lib/modules/pedidos/adapters/driving/order-actions.ts
  ✓  19 [webkit] › e2e\ejecucion-receta.spec.ts:499:7 › la ejecucion de la receta de un pedido asignado › R9 - recargar la pantalla de un pedido ya EN_CURSO la vuelve a mostrar sin error y sin mover el estado (17.5s)
[WebServer]  GET /login 200 in 845ms (next.js: 301ms, proxy.ts: 82ms, application-code: 462ms)
[WebServer]  GET /dashboard 200 in 1736ms (next.js: 373ms, proxy.ts: 48ms, application-code: 1315ms)
[WebServer]  POST /login 200 in 2.7s (next.js: 86ms, proxy.ts: 12ms, application-code: 2.6s)
[WebServer]   └─ ƒ loginAction({"status":"idle"}, {}) in 291ms lib/modules/identity/adapters/driving/login-action.ts
[WebServer]  GET /login 200 in 757ms (next.js: 204ms, proxy.ts: 25ms, application-code: 528ms)
[WebServer]  GET /dashboard 200 in 996ms (next.js: 54ms, proxy.ts: 18ms, application-code: 924ms)
[WebServer]  POST /login 200 in 2.4s (next.js: 551ms, proxy.ts: 15ms, application-code: 1836ms)
[WebServer]   └─ ƒ loginAction({"status":"idle"}, {}) in 584ms lib/modules/identity/adapters/driving/login-action.ts
[WebServer]  GET /asignacion 200 in 1416ms (next.js: 118ms, proxy.ts: 172ms, application-code: 1125ms)
[WebServer]  GET /pedidos?pageSize=25&sort=createdAt%3Adesc 200 in 3.0s (next.js: 74ms, proxy.ts: 77ms, application-code: 2.9s)
[WebServer]  POST /login 200 in 2.5s (next.js: 263ms, proxy.ts: 177ms, application-code: 2.1s)
[WebServer]   └─ ƒ loginAction({"status":"idle"}, {}) in 471ms lib/modules/identity/adapters/driving/login-action.ts
[WebServer]  GET /inventario?pageSize=25&q=qc141_e2e_1755d104e3944c4e99cd97ec5f1afa18_producto 200 in 5.6s (next.js: 34ms, proxy.ts: 27ms, application-code: 5.6s)
[WebServer]  GET /asignacion 200 in 5.6s (next.js: 137ms, proxy.ts: 538ms, application-code: 4.9s)
[WebServer]  GET /pedidos?pageSize=25&sort=createdAt%3Adesc 200 in 5.3s (next.js: 375ms, proxy.ts: 34ms, application-code: 4.9s)
[WebServer]  GET /asignacion?vista=terminados 200 in 4.3s (next.js: 286ms, proxy.ts: 463ms, application-code: 3.6s)
[WebServer]  GET /dashboard 200 in 3.5s (next.js: 534ms, proxy.ts: 110ms, application-code: 2.9s)
[WebServer]  POST /login 200 in 7.5s (next.js: 1763ms, proxy.ts: 482ms, application-code: 5.3s)
[WebServer]   └─ ƒ loginAction({"status":"idle"}, {}) in 1035ms lib/modules/identity/adapters/driving/login-action.ts
  ✓  21 [webkit] › e2e\pedidos-terminados.spec.ts:458:7 › QC-145 — los tres roles en /asignacion y el cierre de /pedidos › el Empacador ve «Terminados» con el pedido ajeno, su fecha y sus responsables, el «sin fecha» al final, y no ve «Todos» (R28, R30) (21.8s)
[WebServer]  GET /pedidos?pageSize=25&sort=createdAt%3Adesc 200 in 3.1s (next.js: 196ms, proxy.ts: 110ms, application-code: 2.8s)
[WebServer]  GET /asignacion 200 in 891ms (next.js: 65ms, proxy.ts: 255ms, application-code: 571ms)
[WebServer]  POST /login 200 in 3.3s (next.js: 215ms, proxy.ts: 61ms, application-code: 3.0s)
[WebServer]   └─ ƒ loginAction({"status":"idle"}, {}) in 1984ms lib/modules/identity/adapters/driving/login-action.ts
[WebServer]  POST /pedidos?pageSize=25&sort=createdAt%3Adesc 200 in 74ms (next.js: 16ms, proxy.ts: 12ms, application-code: 46ms)
[WebServer]   └─ ƒ getRecipeAction("8054c3d9-de03-43a0-b3e5-9fa8cced202e") in 25ms lib/modules/recetas/adapters/driving/recipe-actions.ts
[WebServer]  POST /pedidos?pageSize=25&sort=createdAt%3Adesc 200 in 222ms (next.js: 40ms, proxy.ts: 26ms, application-code: 157ms)
[WebServer]   └─ ƒ getRecipeAction("8054c3d9-de03-43a0-b3e5-9fa8cced202e") in 52ms lib/modules/recetas/adapters/driving/recipe-actions.ts
[WebServer]  POST /pedidos?pageSize=25&sort=createdAt%3Adesc 200 in 175ms (next.js: 17ms, proxy.ts: 11ms, application-code: 148ms)
[WebServer]   └─ ƒ getRecipeAction("8054c3d9-de03-43a0-b3e5-9fa8cced202e") in 56ms lib/modules/recetas/adapters/driving/recipe-actions.ts
[WebServer]  POST /pedidos?pageSize=25&sort=createdAt%3Adesc 200 in 597ms (next.js: 74ms, proxy.ts: 14ms, application-code: 509ms)
[WebServer]   └─ ƒ getRecipeAction("8054c3d9-de03-43a0-b3e5-9fa8cced202e") in 177ms lib/modules/recetas/adapters/driving/recipe-actions.ts
[WebServer]  GET /pedidos 404 in 2.2s (next.js: 53ms, proxy.ts: 54ms, application-code: 2.1s)
[WebServer]  GET /login 200 in 2.2s (next.js: 261ms, proxy.ts: 45ms, application-code: 1931ms)
[WebServer]  POST /pedidos?pageSize=25&sort=createdAt%3Adesc 200 in 1918ms (next.js: 265ms, proxy.ts: 112ms, application-code: 1541ms)
[WebServer]   └─ ƒ getRecipeAction("15ca2a0e-3b87-466e-9aaf-d75dcbbedf83") in 1323ms lib/modules/recetas/adapters/driving/recipe-actions.ts
[WebServer]  GET /pedidos?pageSize=25&sort=createdAt%3Adesc 200 in 2.5s (next.js: 200ms, proxy.ts: 188ms, application-code: 2.1s)
[WebServer] [browser] Encountered a script tag while rendering React component. Scripts inside React components are never executed when rendering on the client. Consider using template tag instead (https://developer.mozilla.org/en-US/docs/Web/HTML/Element/template). 
[WebServer]  POST /pedidos?pageSize=25&sort=createdAt%3Adesc 200 in 674ms (next.js: 186ms, proxy.ts: 80ms, application-code: 408ms)
[WebServer]   └─ ƒ getRecipeAction("15ca2a0e-3b87-466e-9aaf-d75dcbbedf83") in 189ms lib/modules/recetas/adapters/driving/recipe-actions.ts
[WebServer]  POST /pedidos?pageSize=25&sort=createdAt%3Adesc 200 in 2.9s (next.js: 295ms, proxy.ts: 172ms, application-code: 2.4s)
[WebServer]   └─ ƒ updateOrderAction("6fd27ad5-be14-412a-9df9-17504f983ff1", {"status":"idle"}, {}) in 2274ms lib/modules/pedidos/adapters/driving/order-actions.ts
[WebServer]  GET /asignacion?page=1&pageSize=10&vista=todos&status=ENTREGADO 200 in 1878ms (next.js: 125ms, proxy.ts: 655ms, application-code: 1099ms)
[WebServer]  POST /pedidos?pageSize=25&sort=createdAt%3Adesc 200 in 509ms (next.js: 123ms, proxy.ts: 54ms, application-code: 332ms)
[WebServer]   └─ ƒ getRecipeAction("15ca2a0e-3b87-466e-9aaf-d75dcbbedf83") in 163ms lib/modules/recetas/adapters/driving/recipe-actions.ts
[WebServer]  POST /pedidos?pageSize=25&sort=createdAt%3Adesc 200 in 704ms (next.js: 226ms, proxy.ts: 213ms, application-code: 265ms)
[WebServer]   └─ ƒ getRecipeAction("15ca2a0e-3b87-466e-9aaf-d75dcbbedf83") in 170ms lib/modules/recetas/adapters/driving/recipe-actions.ts
[WebServer]  POST /pedidos?pageSize=25&sort=createdAt%3Adesc 200 in 196ms (next.js: 64ms, proxy.ts: 26ms, application-code: 106ms)
[WebServer]   └─ ƒ getRecipeAction("15ca2a0e-3b87-466e-9aaf-d75dcbbedf83") in 53ms lib/modules/recetas/adapters/driving/recipe-actions.ts
  ✓  25 [webkit] › e2e\pedidos.spec.ts:494:7 › pantalla de pedidos › un usuario sin pedidos.consultar recibe 404 dentro del layout privado y no ve ningun dato de pedidos (R49) (18.3s)
[WebServer]  POST /pedidos?pageSize=25&sort=createdAt%3Adesc 200 in 472ms (next.js: 35ms, proxy.ts: 24ms, application-code: 413ms)
[WebServer]   └─ ƒ getRecipeAction("15ca2a0e-3b87-466e-9aaf-d75dcbbedf83") in 190ms lib/modules/recetas/adapters/driving/recipe-actions.ts
[WebServer]  GET /asignacion/e9b94a24-938c-4cc9-a7ac-0441eac817d2 200 in 579ms (next.js: 115ms, proxy.ts: 20ms, application-code: 443ms)
[WebServer]  GET /pedidos?pageSize=25&sort=createdAt%3Adesc 200 in 1750ms (next.js: 68ms, proxy.ts: 37ms, application-code: 1645ms)
[WebServer]  POST /pedidos?pageSize=25&sort=createdAt%3Adesc 200 in 196ms (next.js: 29ms, proxy.ts: 14ms, application-code: 153ms)
[WebServer]   └─ ƒ getRecipeAction("15ca2a0e-3b87-466e-9aaf-d75dcbbedf83") in 87ms lib/modules/recetas/adapters/driving/recipe-actions.ts
[WebServer]  POST /pedidos?pageSize=25&sort=createdAt%3Adesc 200 in 422ms (next.js: 27ms, proxy.ts: 36ms, application-code: 359ms)
[WebServer]   └─ ƒ getRecipeAction("15ca2a0e-3b87-466e-9aaf-d75dcbbedf83") in 80ms lib/modules/recetas/adapters/driving/recipe-actions.ts
  ✓  23 [webkit] › e2e\pedidos-terminados.spec.ts:621:7 › QC-145 — los tres roles en /asignacion y el cierre de /pedidos › en «Pedidos», el panel de edicion del Administrador no ofrece estado y el selector de responsables no ofrece a otro Administrador (R7, R32) (26.7s)
[WebServer] Error: aborted
[WebServer]     at ignore-listed frames {
[WebServer]   code: 'ECONNRESET'
[WebServer] }
[WebServer] ⨯ uncaughtException: Error: aborted
[WebServer]     at ignore-listed frames {
[WebServer]   code: 'ECONNRESET'
[WebServer] }
[WebServer] ⨯ uncaughtException:  Error: aborted
[WebServer]     at ignore-listed frames {
[WebServer]   code: 'ECONNRESET'
[WebServer] }
  ✓  22 [webkit] › e2e\pedidos-terminados.spec.ts:525:7 › QC-145 — los tres roles en /asignacion y el cierre de /pedidos › el Administrador ve solo «Todos» con los cuatro estados; filtrar por Entregado trae la fecha y el orden de terminados; sin entrada a ejecucion; `/asignacion/<id>` de un pedido no asignado dice "no encontrado" (R28, R35) (30.9s)
[WebServer]  GET /pedidos?pageSize=25&sort=createdAt%3Adesc 200 in 2.6s (next.js: 43ms, proxy.ts: 34ms, application-code: 2.6s)
[WebServer]  POST /pedidos?pageSize=25&sort=createdAt%3Adesc 200 in 574ms (next.js: 266ms, proxy.ts: 108ms, application-code: 201ms)
[WebServer]   └─ ƒ listRecipesAction({"page":1,"pageSize":25,"search":"qc35_e2e_receta_58b712a20885421caefee0395b9d0510"}) in 55ms lib/modules/recetas/adapters/driving/recipe-actions.ts
[WebServer]  GET /dashboard 200 in 385ms (next.js: 41ms, proxy.ts: 43ms, application-code: 301ms)
[WebServer]  POST /login 200 in 1970ms (next.js: 41ms, proxy.ts: 868ms, application-code: 1060ms)
[WebServer]   └─ ƒ loginAction({"status":"idle"}, {}) in 562ms lib/modules/identity/adapters/driving/login-action.ts
[WebServer]  POST /pedidos?pageSize=25&sort=createdAt%3Adesc 200 in 760ms (next.js: 184ms, proxy.ts: 471ms, application-code: 105ms)
[WebServer]  GET /inventario?pageSize=25&q=qc141_e2e_1755d104e3944c4e99cd97ec5f1afa18_producto 200 in 2.6s (next.js: 10ms, proxy.ts: 8ms, application-code: 2.5s)
[WebServer]  POST /pedidos?pageSize=25&sort=createdAt%3Adesc 200 in 1237ms (next.js: 129ms, proxy.ts: 24ms, application-code: 1083ms)
[WebServer]   └─ ƒ getRecipeAction("e4acbb20-a305-4667-88dd-976ede0bd901") in 1029ms lib/modules/recetas/adapters/driving/recipe-actions.ts
[WebServer]  GET /pedidos?pageSize=25&sort=createdAt%3Adesc 200 in 1592ms (next.js: 186ms, proxy.ts: 125ms, application-code: 1280ms)
[WebServer]  POST /pedidos?pageSize=25&sort=createdAt%3Adesc 200 in 220ms (next.js: 59ms, proxy.ts: 38ms, application-code: 123ms)
[WebServer]   └─ ƒ listPresentationsAction({"page":1,"pageSize":25}) in 70ms lib/modules/inventario/adapters/driving/presentation-actions.ts
[WebServer]  GET /dashboard 200 in 343ms (next.js: 25ms, proxy.ts: 23ms, application-code: 295ms)
[WebServer]  POST /pedidos?pageSize=25&sort=createdAt%3Adesc 200 in 68ms (next.js: 11ms, proxy.ts: 20ms, application-code: 38ms)
[WebServer]   └─ ƒ listPresentationsAction({"page":1,"pageSize":25,"search":"qc35_e2e_presentacion_58b712a20885421caefee0395b9d0510"}) in 14ms lib/modules/inventario/adapters/driving/presentation-actions.ts
[WebServer]  POST /pedidos?pageSize=25&sort=createdAt%3Adesc 200 in 33ms (next.js: 5ms, proxy.ts: 7ms, application-code: 20ms)
[WebServer]   └─ ƒ listRecipesAction({"page":1,"pageSize":25,"search":"qc141_e2e_01d43a1004b54afc9ec68315cdffa0a8_receta"}) in 10ms lib/modules/recetas/adapters/driving/recipe-actions.ts
[WebServer]  POST /pedidos?pageSize=25&sort=createdAt%3Adesc 200 in 68ms (next.js: 8ms, proxy.ts: 7ms, application-code: 53ms)
[WebServer]   └─ ƒ createOrderAction({"status":"idle"}, {}) in 40ms lib/modules/pedidos/adapters/driving/order-actions.ts
[WebServer]  POST /pedidos?pageSize=25&sort=createdAt%3Adesc 200 in 212ms (next.js: 30ms, proxy.ts: 91ms, application-code: 91ms)
[WebServer]   └─ ƒ getRecipeAction("4c11cce5-de96-4fa4-9404-82e2c8f89f98") in 74ms lib/modules/recetas/adapters/driving/recipe-actions.ts
[WebServer]  GET /pedidos?pageSize=25&sort=createdAt%3Adesc 200 in 428ms (next.js: 5ms, proxy.ts: 5ms, application-code: 418ms)
[WebServer]  POST /pedidos?pageSize=25&sort=createdAt%3Adesc 200 in 46ms (next.js: 5ms, proxy.ts: 5ms, application-code: 35ms)
[WebServer]   └─ ƒ getRecipeAction("e4acbb20-a305-4667-88dd-976ede0bd901") in 20ms lib/modules/recetas/adapters/driving/recipe-actions.ts
[WebServer]  POST /pedidos?pageSize=25&sort=createdAt%3Adesc 200 in 38ms (next.js: 6ms, proxy.ts: 5ms, application-code: 27ms)
[WebServer]   └─ ƒ getRecipeAction("e4acbb20-a305-4667-88dd-976ede0bd901") in 15ms lib/modules/recetas/adapters/driving/recipe-actions.ts
[WebServer]  POST /pedidos?pageSize=25&sort=createdAt%3Adesc 200 in 46ms (next.js: 6ms, proxy.ts: 8ms, application-code: 32ms)
[WebServer]   └─ ƒ listPresentationsAction({"page":1,"pageSize":25}) in 17ms lib/modules/inventario/adapters/driving/presentation-actions.ts
[WebServer]  POST /pedidos?pageSize=25&sort=createdAt%3Adesc 200 in 47ms (next.js: 10ms, proxy.ts: 7ms, application-code: 30ms)
[WebServer]   └─ ƒ listPresentationsAction({"page":1,"pageSize":25,"search":"qc141_e2e_01d43a1004b54afc9ec68315cdffa0a8_presentacion"}) in 14ms lib/modules/inventario/adapters/driving/presentation-actions.ts
[WebServer]  POST /pedidos?pageSize=25&sort=createdAt%3Adesc 200 in 75ms (next.js: 9ms, proxy.ts: 7ms, application-code: 58ms)
[WebServer]   └─ ƒ cancelOrderAction({"status":"idle"}, {}) in 44ms lib/modules/pedidos/adapters/driving/order-actions.ts
[WebServer]  GET /pedidos?pageSize=25&sort=createdAt%3Adesc 200 in 401ms (next.js: 9ms, proxy.ts: 8ms, application-code: 384ms)
[WebServer]  POST /pedidos?pageSize=25&sort=createdAt%3Adesc 200 in 84ms (next.js: 8ms, proxy.ts: 8ms, application-code: 67ms)
[WebServer]   └─ ƒ createOrderAction({"status":"idle"}, {}) in 54ms lib/modules/pedidos/adapters/driving/order-actions.ts
  ✓  24 [webkit] › e2e\pedidos.spec.ts:369:7 › pantalla de pedidos › el Administrador entra, da de alta un pedido, lo ve por su correlativo y lo cancela con motivo (R48, R29) (33.7s)
[WebServer]  GET /pedidos?pageSize=25&sort=createdAt%3Adesc 200 in 302ms (next.js: 7ms, proxy.ts: 6ms, application-code: 288ms)
[WebServer]  POST /pedidos?pageSize=25&sort=createdAt%3Adesc 200 in 47ms (next.js: 6ms, proxy.ts: 7ms, application-code: 34ms)
[WebServer]   └─ ƒ getRecipeAction("4c11cce5-de96-4fa4-9404-82e2c8f89f98") in 25ms lib/modules/recetas/adapters/driving/recipe-actions.ts
[WebServer]  POST /pedidos?pageSize=25&sort=createdAt%3Adesc 200 in 30ms (next.js: 5ms, proxy.ts: 5ms, application-code: 20ms)
[WebServer]   └─ ƒ getRecipeAction("4c11cce5-de96-4fa4-9404-82e2c8f89f98") in 10ms lib/modules/recetas/adapters/driving/recipe-actions.ts
[WebServer]  GET /inventario?pageSize=25&q=qc141_e2e_01d43a1004b54afc9ec68315cdffa0a8_producto 200 in 717ms (next.js: 6ms, proxy.ts: 5ms, application-code: 706ms)
[WebServer]  GET /pedidos?pageSize=25&sort=createdAt%3Adesc 200 in 1252ms (next.js: 7ms, proxy.ts: 13ms, application-code: 1232ms)
[WebServer]  GET /pedidos?pageSize=25&sort=createdAt%3Adesc 200 in 951ms (next.js: 5ms, proxy.ts: 5ms, application-code: 941ms)
[WebServer]  POST /pedidos?pageSize=25&sort=createdAt%3Adesc 200 in 49ms (next.js: 7ms, proxy.ts: 5ms, application-code: 37ms)
[WebServer]   └─ ƒ getRecipeAction("4c11cce5-de96-4fa4-9404-82e2c8f89f98") in 23ms lib/modules/recetas/adapters/driving/recipe-actions.ts
[WebServer]  POST /pedidos?pageSize=25&sort=createdAt%3Adesc 200 in 36ms (next.js: 5ms, proxy.ts: 6ms, application-code: 25ms)
[WebServer]   └─ ƒ getRecipeAction("4c11cce5-de96-4fa4-9404-82e2c8f89f98") in 14ms lib/modules/recetas/adapters/driving/recipe-actions.ts
[WebServer]  POST /pedidos?pageSize=25&sort=createdAt%3Adesc 200 in 40ms (next.js: 5ms, proxy.ts: 5ms, application-code: 30ms)
[WebServer]   └─ ƒ listRecipesAction({"page":1,"pageSize":25,"search":"qc141_e2e_01d43a1004b54afc9ec68315cdffa0a8_receta"}) in 21ms lib/modules/recetas/adapters/driving/recipe-actions.ts
[WebServer]  POST /pedidos?pageSize=25&sort=createdAt%3Adesc 200 in 40ms (next.js: 5ms, proxy.ts: 5ms, application-code: 30ms)
[WebServer]   └─ ƒ getRecipeAction("4c11cce5-de96-4fa4-9404-82e2c8f89f98") in 20ms lib/modules/recetas/adapters/driving/recipe-actions.ts
[WebServer]  POST /pedidos?pageSize=25&sort=createdAt%3Adesc 200 in 41ms (next.js: 5ms, proxy.ts: 7ms, application-code: 30ms)
[WebServer]   └─ ƒ listPresentationsAction({"page":1,"pageSize":25}) in 18ms lib/modules/inventario/adapters/driving/presentation-actions.ts
[WebServer]  POST /pedidos?pageSize=25&sort=createdAt%3Adesc 200 in 40ms (next.js: 4ms, proxy.ts: 4ms, application-code: 31ms)
[WebServer]   └─ ƒ listPresentationsAction({"page":1,"pageSize":25,"search":"qc141_e2e_01d43a1004b54afc9ec68315cdffa0a8_presentacion"}) in 23ms lib/modules/inventario/adapters/driving/presentation-actions.ts
[WebServer]  POST /pedidos?pageSize=25&sort=createdAt%3Adesc 200 in 78ms (next.js: 6ms, proxy.ts: 5ms, application-code: 67ms)
[WebServer]   └─ ƒ createOrderAction({"status":"idle"}, {}) in 54ms lib/modules/pedidos/adapters/driving/order-actions.ts
[WebServer]  GET /pedidos?pageSize=25&sort=createdAt%3Adesc 200 in 228ms (next.js: 6ms, proxy.ts: 5ms, application-code: 217ms)
[WebServer]  POST /pedidos?pageSize=25&sort=createdAt%3Adesc 200 in 38ms (next.js: 4ms, proxy.ts: 5ms, application-code: 29ms)
[WebServer]  GET /inventario?pageSize=25&q=qc141_e2e_01d43a1004b54afc9ec68315cdffa0a8_producto 200 in 601ms (next.js: 8ms, proxy.ts: 13ms, application-code: 580ms)
[WebServer]  GET /pedidos?pageSize=25&sort=createdAt%3Adesc 200 in 905ms (next.js: 6ms, proxy.ts: 6ms, application-code: 893ms)
[WebServer]  GET /pedidos?pageSize=25&sort=createdAt%3Adesc 200 in 995ms (next.js: 5ms, proxy.ts: 4ms, application-code: 986ms)
[WebServer]  POST /pedidos?pageSize=25&sort=createdAt%3Adesc 200 in 44ms (next.js: 8ms, proxy.ts: 7ms, application-code: 29ms)
[WebServer]   └─ ƒ getRecipeAction("4c11cce5-de96-4fa4-9404-82e2c8f89f98") in 18ms lib/modules/recetas/adapters/driving/recipe-actions.ts
[WebServer]  POST /pedidos?pageSize=25&sort=createdAt%3Adesc 200 in 39ms (next.js: 7ms, proxy.ts: 6ms, application-code: 26ms)
[WebServer]   └─ ƒ getRecipeAction("4c11cce5-de96-4fa4-9404-82e2c8f89f98") in 14ms lib/modules/recetas/adapters/driving/recipe-actions.ts
[WebServer]  POST /pedidos?pageSize=25&sort=createdAt%3Adesc 200 in 33ms (next.js: 5ms, proxy.ts: 5ms, application-code: 23ms)
[WebServer]   └─ ƒ getRecipeAction("4c11cce5-de96-4fa4-9404-82e2c8f89f98") in 12ms lib/modules/recetas/adapters/driving/recipe-actions.ts
[WebServer]  POST /pedidos?pageSize=25&sort=createdAt%3Adesc 200 in 42ms (next.js: 9ms, proxy.ts: 6ms, application-code: 27ms)
[WebServer]   └─ ƒ getRecipeAction("4c11cce5-de96-4fa4-9404-82e2c8f89f98") in 12ms lib/modules/recetas/adapters/driving/recipe-actions.ts
[WebServer]  POST /pedidos?pageSize=25&sort=createdAt%3Adesc 200 in 69ms (next.js: 7ms, proxy.ts: 8ms, application-code: 55ms)
[WebServer]   └─ ƒ cancelOrderAction({"status":"idle"}, {}) in 42ms lib/modules/pedidos/adapters/driving/order-actions.ts
[WebServer]  GET /pedidos?pageSize=25&sort=createdAt%3Adesc 200 in 367ms (next.js: 18ms, proxy.ts: 8ms, application-code: 341ms)
[WebServer]  GET /inventario?pageSize=25&q=qc141_e2e_01d43a1004b54afc9ec68315cdffa0a8_producto 200 in 586ms (next.js: 4ms, proxy.ts: 5ms, application-code: 577ms)
[WebServer]  GET /pedidos?pageSize=25&sort=createdAt%3Adesc 200 in 932ms (next.js: 7ms, proxy.ts: 4ms, application-code: 921ms)
[WebServer]  POST /pedidos?pageSize=25&sort=createdAt%3Adesc 200 in 30ms (next.js: 6ms, proxy.ts: 5ms, application-code: 19ms)
[WebServer]   └─ ƒ getRecipeAction("4c11cce5-de96-4fa4-9404-82e2c8f89f98") in 10ms lib/modules/recetas/adapters/driving/recipe-actions.ts
[WebServer]  POST /pedidos?pageSize=25&sort=createdAt%3Adesc 200 in 38ms (next.js: 6ms, proxy.ts: 5ms, application-code: 26ms)
[WebServer]   └─ ƒ getRecipeAction("4c11cce5-de96-4fa4-9404-82e2c8f89f98") in 14ms lib/modules/recetas/adapters/driving/recipe-actions.ts
[WebServer]  POST /pedidos?pageSize=25&sort=createdAt%3Adesc 200 in 29ms (next.js: 5ms, proxy.ts: 6ms, application-code: 18ms)
[WebServer]   └─ ƒ getRecipeAction("4c11cce5-de96-4fa4-9404-82e2c8f89f98") in 10ms lib/modules/recetas/adapters/driving/recipe-actions.ts
[WebServer]  POST /pedidos?pageSize=25&sort=createdAt%3Adesc 200 in 39ms (next.js: 6ms, proxy.ts: 4ms, application-code: 29ms)
[WebServer]   └─ ƒ getRecipeAction("4c11cce5-de96-4fa4-9404-82e2c8f89f98") in 17ms lib/modules/recetas/adapters/driving/recipe-actions.ts
[WebServer]  POST /pedidos?pageSize=25&sort=createdAt%3Adesc 200 in 70ms (next.js: 5ms, proxy.ts: 8ms, application-code: 57ms)
[WebServer]   └─ ƒ updateOrderAction("0dacc8a2-e539-44ed-acf7-a1dfb7d41603", {"status":"idle"}, {}) in 47ms lib/modules/pedidos/adapters/driving/order-actions.ts
[WebServer]  GET /pedidos?pageSize=25&sort=createdAt%3Adesc 200 in 268ms (next.js: 6ms, proxy.ts: 5ms, application-code: 257ms)
[WebServer]  GET /pedidos?pageSize=25&sort=createdAt%3Adesc 200 in 924ms (next.js: 5ms, proxy.ts: 4ms, application-code: 915ms)
[WebServer]  GET /inventario?pageSize=25&q=qc141_e2e_01d43a1004b54afc9ec68315cdffa0a8_producto 200 in 628ms (next.js: 5ms, proxy.ts: 10ms, application-code: 613ms)
[WebServer]  GET /dashboard 200 in 153ms (next.js: 5ms, proxy.ts: 9ms, application-code: 138ms)
  ✘  13 [chromium] › e2e\reserva-de-material.spec.ts:465:7 › reserva de material del pedido › R48 - dos pedidos compiten por el mismo lote, cancelar libera, reeditar vuelve a apartar y entregar consume (4.0m)
  ✘  26 [webkit] › e2e\reserva-de-material.spec.ts:465:7 › reserva de material del pedido › R48 - dos pedidos compiten por el mismo lote, cancelar libera, reeditar vuelve a apartar y entregar consume (4.0m)


  1) [chromium] › e2e\reserva-de-material.spec.ts:465:7 › reserva de material del pedido › R48 - dos pedidos compiten por el mismo lote, cancelar libera, reeditar vuelve a apartar y entregar consume 

    Test timeout of 240000ms exceeded.

    Error: locator.fill: Test timeout of 240000ms exceeded.
    Call log:
      - waiting for getByTestId('login-username')


       at helpers\landing.ts:76

      74 |
      75 |   await page.goto(LOGIN_ROUTE);
    > 76 |   await page.getByTestId('login-username').fill(credentials.username);
         |                                            ^
      77 |   await page.getByTestId('login-password').fill(credentials.password);
      78 |   await page.getByTestId('login-submit').click();
      79 |   await page.waitForURL((url) => url.pathname === destination, { timeout: 60_000 });
        at loginAndLand (C:\Users\Cristian\Documents\trabajo\arc\labs\.worktrees\QC-141-reserva-de-material-del-pedido\e2e\helpers\landing.ts:76:44)
        at C:\Users\Cristian\Documents\trabajo\arc\labs\.worktrees\QC-141-reserva-de-material-del-pedido\e2e\reserva-de-material.spec.ts:573:5

    Error Context: test-results\reserva-de-material-reserv-27228--apartar-y-entregar-consume-chromium\error-context.md

    Error Context: test-results\reserva-de-material-reserv-27228--apartar-y-entregar-consume-chromium\error-context.md

  2) [webkit] › e2e\reserva-de-material.spec.ts:465:7 › reserva de material del pedido › R48 - dos pedidos compiten por el mismo lote, cancelar libera, reeditar vuelve a apartar y entregar consume 

    Test timeout of 240000ms exceeded.

    Error: locator.fill: Test timeout of 240000ms exceeded.
    Call log:
      - waiting for getByTestId('login-username')


       at helpers\landing.ts:76

      74 |
      75 |   await page.goto(LOGIN_ROUTE);
    > 76 |   await page.getByTestId('login-username').fill(credentials.username);
         |                                            ^
      77 |   await page.getByTestId('login-password').fill(credentials.password);
      78 |   await page.getByTestId('login-submit').click();
      79 |   await page.waitForURL((url) => url.pathname === destination, { timeout: 60_000 });
        at loginAndLand (C:\Users\Cristian\Documents\trabajo\arc\labs\.worktrees\QC-141-reserva-de-material-del-pedido\e2e\helpers\landing.ts:76:44)
        at C:\Users\Cristian\Documents\trabajo\arc\labs\.worktrees\QC-141-reserva-de-material-del-pedido\e2e\reserva-de-material.spec.ts:573:5

    Error Context: test-results\reserva-de-material-reserv-27228--apartar-y-entregar-consume-webkit\error-context.md

    Error Context: test-results\reserva-de-material-reserv-27228--apartar-y-entregar-consume-webkit\error-context.md

  2 failed
    [chromium] › e2e\reserva-de-material.spec.ts:465:7 › reserva de material del pedido › R48 - dos pedidos compiten por el mismo lote, cancelar libera, reeditar vuelve a apartar y entregar consume 
    [webkit] › e2e\reserva-de-material.spec.ts:465:7 › reserva de material del pedido › R48 - dos pedidos compiten por el mismo lote, cancelar libera, reeditar vuelve a apartar y entregar consume 
  24 passed (8.0m)
exit=1
