== 1. migrate deploy (se espera parada en 20260911130000)
Loaded Prisma config from prisma.config.ts.

Prisma config detected, skipping environment variable loading.
Prisma schema loaded from db\schema.prisma
Datasource "db": PostgreSQL database "QuimiCloude_QC93", schema "public" at "localhost:5432"

PostgreSQL database QuimiCloude_QC93 created at localhost:5432

28 migrations found in prisma/migrations

Applying migration `20260806122638_users_and_roles`
Applying migration `20260901220609_user_login_lockout`
Applying migration `20260902005510_products_and_presentations`
Applying migration `20260902132253_user_must_change_credential`
Applying migration `20260902163256_recipes_and_recipe_lines`
Applying migration `20260902170759_product_audit_and_presentation_uniqueness`
Applying migration `20260903121404_units_catalog`
Applying migration `20260903131417_suppliers_and_supplier_catalog_lines`
Applying migration `20260903191204_orders`
Applying migration `20260903200000_product_image_path`
Applying migration `20260903200343_supplier_contact_cost_and_line_audit`
Applying migration `20260904123854_split_product_and_supplier_catalog`
Applying migration `20260904135210_order_cancellation`
Applying migration `20260904160000_list_query_indexes`
Applying migration `20260904180600_companies_and_user_company`
Applying migration `20260904181500_recipe_steps_reset`
Applying migration `20260907120000_orders_drop_unit_and_unit_price`
Applying migration `20260907183034_permissions_and_role_permissions`
Applying migration `20260907190000_units_equivalence_and_scope`
Applying migration `20260908190002_user_account_status`
Applying migration `20260908210000_work_groups_and_members`
Applying migration `20260909120000_product_batches`
Applying migration `20260910120000_user_permissions_catalog`
Applying migration `20260911120000_order_assignments`
Applying migration `20260911120000_presentation_unit`
Applying migration `20260911130000_inventory_company_scope`
Error: P3018

A migration failed to apply. New migrations cannot be applied before the error is recovered from. Read more about how to resolve migration issues in a production database: https://pris.ly/d/migrate-resolve

Migration name: 20260911130000_inventory_company_scope

Database error code: P0001

Database error:
ERROR: QC-49: no se pudo identificar la empresa «QuimiCloud» (name_normalized = 'quimicloud') y hay 0 empresa(s) en la tabla, asi que no hay una sola candidata. La migracion se detiene ENTERA y no deja ninguna columna, indice ni restriccion a medias (R3). Crea la empresa inicial --`pnpm run db:seed`-- o renombra la que corresponda antes de migrar.

DbError { severity: "ERROR", parsed_severity: Some(Error), code: SqlState(EP0001), message: "QC-49: no se pudo identificar la empresa «QuimiCloud» (name_normalized = 'quimicloud') y hay 0 empresa(s) en la tabla, asi que no hay una sola candidata. La migracion se detiene ENTERA y no deja ninguna columna, indice ni restriccion a medias (R3). Crea la empresa inicial --`pnpm run db:seed`-- o renombra la que corresponda antes de migrar.", detail: None, hint: None, position: None, where_: Some("función PL/pgSQL inline_code_block en la línea 24 en RAISE"), schema: None, table: None, column: None, datatype: None, constraint: None, file: Some("pl_exec.c"), line: Some(3923), routine: Some("exec_stmt_raise") }


exit1=1
== 2. db:seed

> quimicloude@0.1.0 db:seed C:\Users\Cristian\Documents\trabajo\arc\labs\.worktrees\QC-93-aterrizaje-sin-permiso-de-modulo
> tsx scripts/seed.ts

db:seed: fallo — 
Invalid `db.user.create()` invocation in
C:\Users\Cristian\Documents\trabajo\arc\labs\.worktrees\QC-93-aterrizaje-sin-permiso-de-modulo\lib\modules\identity\adapters\driven\persistence\initial-access-repository-prisma.ts:127:39

  124 // en UNA sola sentencia dentro del mismo `tx`. No hay creacion anidada ni un
  125 // segundo `update` posterior: no existe ningun instante en el que la fila este
  126 // escrita sin su empresa o sin su rol.
→ 127 const created = await db.user.create(
The column `existe` does not exist in the current database.
 ELIFECYCLE  Command failed with exit code 1.
exit2=1
== 3. resolve --rolled-back
Loaded Prisma config from prisma.config.ts.

Prisma config detected, skipping environment variable loading.
Prisma schema loaded from db\schema.prisma
Datasource "db": PostgreSQL database "QuimiCloude_QC93", schema "public" at "localhost:5432"

Migration 20260911130000_inventory_company_scope marked as rolled back.

exit3=0
== 4. migrate deploy
Loaded Prisma config from prisma.config.ts.

Prisma config detected, skipping environment variable loading.
Prisma schema loaded from db\schema.prisma
Datasource "db": PostgreSQL database "QuimiCloude_QC93", schema "public" at "localhost:5432"

28 migrations found in prisma/migrations

Applying migration `20260911130000_inventory_company_scope`
Error: P3018

A migration failed to apply. New migrations cannot be applied before the error is recovered from. Read more about how to resolve migration issues in a production database: https://pris.ly/d/migrate-resolve

Migration name: 20260911130000_inventory_company_scope

Database error code: P0001

Database error:
ERROR: QC-49: no se pudo identificar la empresa «QuimiCloud» (name_normalized = 'quimicloud') y hay 0 empresa(s) en la tabla, asi que no hay una sola candidata. La migracion se detiene ENTERA y no deja ninguna columna, indice ni restriccion a medias (R3). Crea la empresa inicial --`pnpm run db:seed`-- o renombra la que corresponda antes de migrar.

DbError { severity: "ERROR", parsed_severity: Some(Error), code: SqlState(EP0001), message: "QC-49: no se pudo identificar la empresa «QuimiCloud» (name_normalized = 'quimicloud') y hay 0 empresa(s) en la tabla, asi que no hay una sola candidata. La migracion se detiene ENTERA y no deja ninguna columna, indice ni restriccion a medias (R3). Crea la empresa inicial --`pnpm run db:seed`-- o renombra la que corresponda antes de migrar.", detail: None, hint: None, position: None, where_: Some("función PL/pgSQL inline_code_block en la línea 24 en RAISE"), schema: None, table: None, column: None, datatype: None, constraint: None, file: Some("pl_exec.c"), line: Some(3923), routine: Some("exec_stmt_raise") }


exit4=1
== 5. migrate status
Loaded Prisma config from prisma.config.ts.

Prisma config detected, skipping environment variable loading.
Prisma schema loaded from db\schema.prisma
Datasource "db": PostgreSQL database "QuimiCloude_QC93", schema "public" at "localhost:5432"

28 migrations found in prisma/migrations
Following migrations have not yet been applied:
20260911155021_credential_setup_tokens
20260912103000_session_revocation

To apply migrations in development run prisma migrate dev.
To apply migrations in production run prisma migrate deploy.
exit5=1
