[WebServer] 
[WebServer] > quimicloude@0.1.0 dev C:\Users\Cristian\Documents\trabajo\arc\labs\.worktrees\QC-174-crear-versiones-en-la-receta
[WebServer] > next dev "--port" "3117"
[WebServer] 
[WebServer] ▲ Next.js 16.3.0 (Turbopack)
[WebServer] - Local:         http://localhost:3117
[WebServer] - Network:       http://172.29.16.1:3117
[WebServer] - Environments: .env
[WebServer] ✓ Ready in 642ms
[WebServer] ✓ Running next.config.ts took 57ms
[WebServer] ⚠ The "middleware" file convention is deprecated. Please use "proxy" instead.
[WebServer] 
[WebServer]   To migrate automatically, run:
[WebServer]   npx @next/codemod@canary middleware-to-proxy .
[WebServer] 
[WebServer]   Learn more: https://nextjs.org/docs/messages/middleware-to-proxy
[WebServer] 
[WebServer]  GET / 200 in 712ms (next.js: 274ms, proxy.ts: 191ms, application-code: 246ms)

Running 1 test using 1 worker

[WebServer]  GET /login 200 in 507ms (next.js: 193ms, proxy.ts: 8ms, application-code: 307ms)
[WebServer]  GET /dashboard 200 in 287ms (next.js: 113ms, proxy.ts: 24ms, application-code: 150ms)
[WebServer]  POST /login 200 in 1090ms (next.js: 6ms, proxy.ts: 14ms, application-code: 1069ms)
[WebServer]   └─ ƒ loginAction({"status":"idle"}, {}) in 327ms lib/modules/identity/adapters/driving/login-action.ts
[WebServer]  GET /produccion/formulas/73f8ed98-272e-4725-a19b-1788e0c5612f 200 in 1999ms (next.js: 1379ms, proxy.ts: 13ms, application-code: 607ms)
[WebServer]  GET /produccion/formulas/73f8ed98-272e-4725-a19b-1788e0c5612f/versiones/nueva 200 in 1856ms (next.js: 1738ms, proxy.ts: 6ms, application-code: 111ms)
[WebServer]  POST /produccion/formulas/73f8ed98-272e-4725-a19b-1788e0c5612f/versiones/nueva 200 in 201ms (next.js: 37ms, proxy.ts: 11ms, application-code: 153ms)
[WebServer]   └─ ƒ createRecipeVersionAction("73f8ed98-272e-4725-a19b-1788e0c5612f", {"lines":["[Object]","[Object]"],"name":"Copia"}) in 124ms lib/modules/recetas/adapters/driving/recipe-actions.ts
[WebServer]  GET /produccion/formulas/73f8ed98-272e-4725-a19b-1788e0c5612f 200 in 162ms (next.js: 38ms, proxy.ts: 6ms, application-code: 118ms)
[WebServer]  GET /produccion/formulas/73f8ed98-272e-4725-a19b-1788e0c5612f 200 in 215ms (next.js: 25ms, proxy.ts: 26ms, application-code: 165ms)
[WebServer]  GET /produccion/formulas/73f8ed98-272e-4725-a19b-1788e0c5612f/versiones/nueva 200 in 175ms (next.js: 16ms, proxy.ts: 6ms, application-code: 152ms)
[WebServer]  POST /produccion/formulas/73f8ed98-272e-4725-a19b-1788e0c5612f/versiones/nueva 200 in 101ms (next.js: 34ms, proxy.ts: 8ms, application-code: 59ms)
[WebServer]   └─ ƒ listProductsAction({"filters":{"type":"[Object]"},"page":1,"pageSize":25,"...":"1 item not stringified"}) in 25ms lib/modules/inventario/adapters/driving/product-actions.ts
[WebServer]  POST /produccion/formulas/73f8ed98-272e-4725-a19b-1788e0c5612f/versiones/nueva 200 in 89ms (next.js: 10ms, proxy.ts: 8ms, application-code: 71ms)
[WebServer]   └─ ƒ createRecipeVersionAction("73f8ed98-272e-4725-a19b-1788e0c5612f", {"lines":["[Object]","[Object]","[Object]"],"name":"Cambiada"}) in 60ms lib/modules/recetas/adapters/driving/recipe-actions.ts
[WebServer]  GET /produccion/formulas/73f8ed98-272e-4725-a19b-1788e0c5612f 200 in 151ms (next.js: 28ms, proxy.ts: 7ms, application-code: 116ms)
[WebServer]  GET /produccion/formulas/73f8ed98-272e-4725-a19b-1788e0c5612f 200 in 151ms (next.js: 28ms, proxy.ts: 16ms, application-code: 107ms)
[WebServer]  GET /produccion/formulas/73f8ed98-272e-4725-a19b-1788e0c5612f/versiones/5f01a514-d35c-47ca-aa38-8462d45b458e 200 in 2.1s (next.js: 1885ms, proxy.ts: 8ms, application-code: 177ms)
[WebServer]  POST /produccion/formulas/73f8ed98-272e-4725-a19b-1788e0c5612f/versiones/5f01a514-d35c-47ca-aa38-8462d45b458e 200 in 103ms (next.js: 22ms, proxy.ts: 6ms, application-code: 75ms)
[WebServer]   └─ ƒ updateRecipeVersionAction("5f01a514-d35c-47ca-aa38-8462d45b458e", {"lines":["[Object]","[Object]","[Object]"],"name":"Cambiada 2"}) in 63ms lib/modules/recetas/adapters/driving/recipe-actions.ts
[WebServer]  GET /produccion/formulas/73f8ed98-272e-4725-a19b-1788e0c5612f 200 in 120ms (next.js: 23ms, proxy.ts: 5ms, application-code: 91ms)
[WebServer]  GET /produccion/formulas/73f8ed98-272e-4725-a19b-1788e0c5612f 200 in 150ms (next.js: 23ms, proxy.ts: 11ms, application-code: 116ms)
[WebServer]  GET /produccion/formulas?pageSize=25 200 in 1053ms (next.js: 59ms, proxy.ts: 10ms, application-code: 984ms)
[WebServer]  GET /produccion/formulas/73f8ed98-272e-4725-a19b-1788e0c5612f 200 in 252ms (next.js: 21ms, proxy.ts: 5ms, application-code: 226ms)
[WebServer]  POST /produccion/formulas/73f8ed98-272e-4725-a19b-1788e0c5612f 200 in 189ms (next.js: 37ms, proxy.ts: 11ms, application-code: 140ms)
[WebServer]   └─ ƒ updateRecipeAction("73f8ed98-272e-4725-a19b-1788e0c5612f", {"description":null,"lines":["[Object]","[Object]"],"name":"qc174_e2e_e8f6117b695b4fa5b544686b970dd7e0_original","...":"2 items not stringified"}) in 91ms lib/modules/recetas/adapters/driving/recipe-actions.ts
[WebServer]  GET /produccion/formulas/73f8ed98-272e-4725-a19b-1788e0c5612f 200 in 161ms (next.js: 14ms, proxy.ts: 15ms, application-code: 131ms)
  ✓  1 [webkit] › e2e\versiones-en-la-receta.spec.ts:211:7 › versiones en la ficha de la receta › R38, R6 - crear y editar versiones desde la ficha, no salen en la lista, y propagar deja por revisar solo la que cambio sus lineas (26.0s)

  1 passed (31.6s)
