2026-09-15T11:18:27-05:00
e40203bcd113d17eee507d035a4fe21d8b78689f
T14 (d): e2e/inventario.spec.ts solo, chromium + webkit, workers=3, base recien copiada de qct_tpl_5a5346ed8f4d · puerto 3117 escuchando antes: 0
[WebServer] ⚠ The "middleware" file convention is deprecated. Please use "proxy" instead.
[WebServer] 
[WebServer]   To migrate automatically, run:
[WebServer]   npx @next/codemod@canary middleware-to-proxy .
[WebServer] 
[WebServer]   Learn more: https://nextjs.org/docs/messages/middleware-to-proxy

Running 8 tests using 3 workers

  ✘  1 [chromium] › e2e\inventario.spec.ts:426:7 › catalogo de productos › el Administrador entra, da de alta un producto con una presentacion nueva y lo ve en la lista (R4, R17, R18, R21, R24) (1.1m)
  ✘  3 [chromium] › e2e\inventario.spec.ts:550:7 › catalogo de productos › elegir un producto que ya existe le agrega un lote y no crea otro producto (QC-90 R17, R18) (1.1m)
  ✘  2 [webkit] › e2e\inventario.spec.ts:426:7 › catalogo de productos › el Administrador entra, da de alta un producto con una presentacion nueva y lo ve en la lista (R4, R17, R18, R21, R24) (1.1m)
[WebServer] [browser] Encountered a script tag while rendering React component. Scripts inside React components are never executed when rendering on the client. Consider using template tag instead (https://developer.mozilla.org/en-US/docs/Web/HTML/Element/template). 
  ✓  5 [chromium] › e2e\inventario.spec.ts:606:7 › catalogo de productos › un usuario sin inventario.consultar recibe 404 dentro del layout privado y no ve el catalogo (R4) (3.6s)
  ✘  4 [chromium] › e2e\inventario.spec.ts:494:7 › catalogo de productos › el alta con presentacion y solo costo total deja el lote con el costo unitario derivado (QC-90 R32, R7) (1.1m)
  ✘  6 [webkit] › e2e\inventario.spec.ts:494:7 › catalogo de productos › el alta con presentacion y solo costo total deja el lote con el costo unitario derivado (QC-90 R32, R7) (1.1m)
  ✘  7 [webkit] › e2e\inventario.spec.ts:550:7 › catalogo de productos › elegir un producto que ya existe le agrega un lote y no crea otro producto (QC-90 R17, R18) (1.1m)
[WebServer] [browser] Encountered a script tag while rendering React component. Scripts inside React components are never executed when rendering on the client. Consider using template tag instead (https://developer.mozilla.org/en-US/docs/Web/HTML/Element/template). 
  ✓  8 [webkit] › e2e\inventario.spec.ts:606:7 › catalogo de productos › un usuario sin inventario.consultar recibe 404 dentro del layout privado y no ve el catalogo (R4) (2.0s)


  1) [chromium] › e2e\inventario.spec.ts:426:7 › catalogo de productos › el Administrador entra, da de alta un producto con una presentacion nueva y lo ve en la lista (R4, R17, R18, R21, R24) 

    Error: expect(locator).toHaveCount(expected) failed

    Locator:  getByTestId('presentation-create')
    Expected: 0
    Received: 1
    Timeout:  60000ms

    Call log:
      - Expect "toHaveCount" with timeout 60000ms
      - waiting for getByTestId('presentation-create')
        122 × locator resolved to 1 element
            - unexpected value "1"


      452 |     await page.getByTestId('presentation-create-submit').click();
      453 |
    > 454 |     await expect(page.getByTestId('presentation-create')).toHaveCount(0, { timeout: 60_000 });
          |                                                           ^
      455 |     // Desde el 2026-09-07 el selector es un campo de autocompletado, asi que lo elegido se lee
      456 |     // en su VALOR y no en su texto contenido.
      457 |     await expect(page.getByTestId('presentation-select')).toHaveValue(presentationName);
        at C:\Users\Cristian\Documents\trabajo\arc\labs\.worktrees\QC-93-aterrizaje-sin-permiso-de-modulo\e2e\inventario.spec.ts:454:59

    Error Context: test-results\inventario-catalogo-de-pro-71717-a-lista-R4-R17-R18-R21-R24--chromium\error-context.md

    Error Context: test-results\inventario-catalogo-de-pro-71717-a-lista-R4-R17-R18-R21-R24--chromium\error-context.md

  2) [chromium] › e2e\inventario.spec.ts:494:7 › catalogo de productos › el alta con presentacion y solo costo total deja el lote con el costo unitario derivado (QC-90 R32, R7) 

    Error: expect(locator).toHaveCount(expected) failed

    Locator:  getByTestId('presentation-create')
    Expected: 0
    Received: 1
    Timeout:  60000ms

    Call log:
      - Expect "toHaveCount" with timeout 60000ms
      - waiting for getByTestId('presentation-create')
        121 × locator resolved to 1 element
            - unexpected value "1"


      252 |   await page.getByTestId('presentation-create-submit').click();
      253 |
    > 254 |   await expect(page.getByTestId('presentation-create')).toHaveCount(0, { timeout: 60_000 });
          |                                                         ^
      255 |   // El selector es un campo de autocompletado, asi que lo elegido se lee en su VALOR.
      256 |   await expect(page.getByTestId('presentation-select')).toHaveValue(nombre, { timeout: 60_000 });
      257 | }
        at crearPresentacionEnLinea (C:\Users\Cristian\Documents\trabajo\arc\labs\.worktrees\QC-93-aterrizaje-sin-permiso-de-modulo\e2e\inventario.spec.ts:254:57)
        at C:\Users\Cristian\Documents\trabajo\arc\labs\.worktrees\QC-93-aterrizaje-sin-permiso-de-modulo\e2e\inventario.spec.ts:514:5

    Error Context: test-results\inventario-catalogo-de-pro-a655f-ario-derivado-QC-90-R32-R7--chromium\error-context.md

    Error Context: test-results\inventario-catalogo-de-pro-a655f-ario-derivado-QC-90-R32-R7--chromium\error-context.md

  3) [chromium] › e2e\inventario.spec.ts:550:7 › catalogo de productos › elegir un producto que ya existe le agrega un lote y no crea otro producto (QC-90 R17, R18) 

    Error: expect(locator).toHaveCount(expected) failed

    Locator:  getByTestId('presentation-create')
    Expected: 0
    Received: 1
    Timeout:  60000ms

    Call log:
      - Expect "toHaveCount" with timeout 60000ms
      - waiting for getByTestId('presentation-create')
        122 × locator resolved to 1 element
            - unexpected value "1"


      252 |   await page.getByTestId('presentation-create-submit').click();
      253 |
    > 254 |   await expect(page.getByTestId('presentation-create')).toHaveCount(0, { timeout: 60_000 });
          |                                                         ^
      255 |   // El selector es un campo de autocompletado, asi que lo elegido se lee en su VALOR.
      256 |   await expect(page.getByTestId('presentation-select')).toHaveValue(nombre, { timeout: 60_000 });
      257 | }
        at crearPresentacionEnLinea (C:\Users\Cristian\Documents\trabajo\arc\labs\.worktrees\QC-93-aterrizaje-sin-permiso-de-modulo\e2e\inventario.spec.ts:254:57)
        at C:\Users\Cristian\Documents\trabajo\arc\labs\.worktrees\QC-93-aterrizaje-sin-permiso-de-modulo\e2e\inventario.spec.ts:565:5

    Error Context: test-results\inventario-catalogo-de-pro-4512f-tro-producto-QC-90-R17-R18--chromium\error-context.md

    Error Context: test-results\inventario-catalogo-de-pro-4512f-tro-producto-QC-90-R17-R18--chromium\error-context.md

  4) [webkit] › e2e\inventario.spec.ts:426:7 › catalogo de productos › el Administrador entra, da de alta un producto con una presentacion nueva y lo ve en la lista (R4, R17, R18, R21, R24) 

    Error: expect(locator).toHaveCount(expected) failed

    Locator:  getByTestId('presentation-create')
    Expected: 0
    Received: 1
    Timeout:  60000ms

    Call log:
      - Expect "toHaveCount" with timeout 60000ms
      - waiting for getByTestId('presentation-create')
        121 × locator resolved to 1 element
            - unexpected value "1"


      452 |     await page.getByTestId('presentation-create-submit').click();
      453 |
    > 454 |     await expect(page.getByTestId('presentation-create')).toHaveCount(0, { timeout: 60_000 });
          |                                                           ^
      455 |     // Desde el 2026-09-07 el selector es un campo de autocompletado, asi que lo elegido se lee
      456 |     // en su VALOR y no en su texto contenido.
      457 |     await expect(page.getByTestId('presentation-select')).toHaveValue(presentationName);
        at C:\Users\Cristian\Documents\trabajo\arc\labs\.worktrees\QC-93-aterrizaje-sin-permiso-de-modulo\e2e\inventario.spec.ts:454:59

    Error Context: test-results\inventario-catalogo-de-pro-71717-a-lista-R4-R17-R18-R21-R24--webkit\error-context.md

    Error Context: test-results\inventario-catalogo-de-pro-71717-a-lista-R4-R17-R18-R21-R24--webkit\error-context.md

  5) [webkit] › e2e\inventario.spec.ts:494:7 › catalogo de productos › el alta con presentacion y solo costo total deja el lote con el costo unitario derivado (QC-90 R32, R7) 

    Error: expect(locator).toHaveCount(expected) failed

    Locator:  getByTestId('presentation-create')
    Expected: 0
    Received: 1
    Timeout:  60000ms

    Call log:
      - Expect "toHaveCount" with timeout 60000ms
      - waiting for getByTestId('presentation-create')
        121 × locator resolved to 1 element
            - unexpected value "1"


      252 |   await page.getByTestId('presentation-create-submit').click();
      253 |
    > 254 |   await expect(page.getByTestId('presentation-create')).toHaveCount(0, { timeout: 60_000 });
          |                                                         ^
      255 |   // El selector es un campo de autocompletado, asi que lo elegido se lee en su VALOR.
      256 |   await expect(page.getByTestId('presentation-select')).toHaveValue(nombre, { timeout: 60_000 });
      257 | }
        at crearPresentacionEnLinea (C:\Users\Cristian\Documents\trabajo\arc\labs\.worktrees\QC-93-aterrizaje-sin-permiso-de-modulo\e2e\inventario.spec.ts:254:57)
        at C:\Users\Cristian\Documents\trabajo\arc\labs\.worktrees\QC-93-aterrizaje-sin-permiso-de-modulo\e2e\inventario.spec.ts:514:5

    Error Context: test-results\inventario-catalogo-de-pro-a655f-ario-derivado-QC-90-R32-R7--webkit\error-context.md

    Error Context: test-results\inventario-catalogo-de-pro-a655f-ario-derivado-QC-90-R32-R7--webkit\error-context.md

  6) [webkit] › e2e\inventario.spec.ts:550:7 › catalogo de productos › elegir un producto que ya existe le agrega un lote y no crea otro producto (QC-90 R17, R18) 

    Error: expect(locator).toHaveCount(expected) failed

    Locator:  getByTestId('presentation-create')
    Expected: 0
    Received: 1
    Timeout:  60000ms

    Call log:
      - Expect "toHaveCount" with timeout 60000ms
      - waiting for getByTestId('presentation-create')
        121 × locator resolved to 1 element
            - unexpected value "1"


      252 |   await page.getByTestId('presentation-create-submit').click();
      253 |
    > 254 |   await expect(page.getByTestId('presentation-create')).toHaveCount(0, { timeout: 60_000 });
          |                                                         ^
      255 |   // El selector es un campo de autocompletado, asi que lo elegido se lee en su VALOR.
      256 |   await expect(page.getByTestId('presentation-select')).toHaveValue(nombre, { timeout: 60_000 });
      257 | }
        at crearPresentacionEnLinea (C:\Users\Cristian\Documents\trabajo\arc\labs\.worktrees\QC-93-aterrizaje-sin-permiso-de-modulo\e2e\inventario.spec.ts:254:57)
        at C:\Users\Cristian\Documents\trabajo\arc\labs\.worktrees\QC-93-aterrizaje-sin-permiso-de-modulo\e2e\inventario.spec.ts:565:5

    Error Context: test-results\inventario-catalogo-de-pro-4512f-tro-producto-QC-90-R17-R18--webkit\error-context.md

    Error Context: test-results\inventario-catalogo-de-pro-4512f-tro-producto-QC-90-R17-R18--webkit\error-context.md

  6 failed
    [chromium] › e2e\inventario.spec.ts:426:7 › catalogo de productos › el Administrador entra, da de alta un producto con una presentacion nueva y lo ve en la lista (R4, R17, R18, R21, R24) 
    [chromium] › e2e\inventario.spec.ts:494:7 › catalogo de productos › el alta con presentacion y solo costo total deja el lote con el costo unitario derivado (QC-90 R32, R7) 
    [chromium] › e2e\inventario.spec.ts:550:7 › catalogo de productos › elegir un producto que ya existe le agrega un lote y no crea otro producto (QC-90 R17, R18) 
    [webkit] › e2e\inventario.spec.ts:426:7 › catalogo de productos › el Administrador entra, da de alta un producto con una presentacion nueva y lo ve en la lista (R4, R17, R18, R21, R24) 
    [webkit] › e2e\inventario.spec.ts:494:7 › catalogo de productos › el alta con presentacion y solo costo total deja el lote con el costo unitario derivado (QC-90 R32, R7) 
    [webkit] › e2e\inventario.spec.ts:550:7 › catalogo de productos › elegir un producto que ya existe le agrega un lote y no crea otro producto (QC-90 R17, R18) 
  2 passed (2.5m)
EXIT=1
2026-09-15T11:21:00-05:00
