[WebServer] 
[WebServer] > quimicloude@0.1.0 dev C:\Users\Cristian\Documents\trabajo\arc\labs\.worktrees\QC-174-crear-versiones-en-la-receta
[WebServer] > next dev "--port" "3117"
[WebServer] 
[WebServer] ▲ Next.js 16.3.0 (Turbopack)
[WebServer] - Local:         http://localhost:3117
[WebServer] - Network:       http://172.29.16.1:3117
[WebServer] - Environments: .env
[WebServer] ✓ Ready in 721ms
[WebServer] ✓ Running next.config.ts took 66ms
[WebServer] ⚠ The "middleware" file convention is deprecated. Please use "proxy" instead.
[WebServer] 
[WebServer]   To migrate automatically, run:
[WebServer]   npx @next/codemod@canary middleware-to-proxy .
[WebServer] 
[WebServer]   Learn more: https://nextjs.org/docs/messages/middleware-to-proxy
[WebServer] 
[WebServer]  GET / 200 in 1933ms (next.js: 1320ms, proxy.ts: 203ms, application-code: 410ms)

Running 1 test using 1 worker

[WebServer]  GET /login 200 in 623ms (next.js: 246ms, proxy.ts: 15ms, application-code: 361ms)
[WebServer]  GET /dashboard 200 in 183ms (next.js: 76ms, proxy.ts: 11ms, application-code: 96ms)
[WebServer]  POST /login 200 in 1055ms (next.js: 9ms, proxy.ts: 10ms, application-code: 1036ms)
[WebServer]   └─ ƒ loginAction({"status":"idle"}, {}) in 271ms lib/modules/identity/adapters/driving/login-action.ts
[WebServer]  GET /produccion/formulas/9f781527-8420-4eee-8954-d095a65451be 200 in 2.2s (next.js: 1473ms, proxy.ts: 11ms, application-code: 752ms)
[WebServer]  GET /produccion/formulas/9f781527-8420-4eee-8954-d095a65451be/versiones/nueva 200 in 1468ms (next.js: 1366ms, proxy.ts: 7ms, application-code: 95ms)
[WebServer]  POST /produccion/formulas/9f781527-8420-4eee-8954-d095a65451be/versiones/nueva 200 in 106ms (next.js: 17ms, proxy.ts: 6ms, application-code: 83ms)
[WebServer]   └─ ƒ createRecipeVersionAction("9f781527-8420-4eee-8954-d095a65451be", {"lines":["[Object]","[Object]"],"name":"Copia"}) in 70ms lib/modules/recetas/adapters/driving/recipe-actions.ts
[WebServer]  GET /produccion/formulas/9f781527-8420-4eee-8954-d095a65451be 200 in 175ms (next.js: 20ms, proxy.ts: 5ms, application-code: 151ms)
[WebServer]  GET /produccion/formulas/9f781527-8420-4eee-8954-d095a65451be 200 in 160ms (next.js: 17ms, proxy.ts: 26ms, application-code: 117ms)
[WebServer]  GET /produccion/formulas/9f781527-8420-4eee-8954-d095a65451be/versiones/nueva 200 in 125ms (next.js: 11ms, proxy.ts: 7ms, application-code: 107ms)
[WebServer]  POST /produccion/formulas/9f781527-8420-4eee-8954-d095a65451be/versiones/nueva 200 in 43ms (next.js: 16ms, proxy.ts: 6ms, application-code: 21ms)
[WebServer]   └─ ƒ listProductsAction({"filters":{"type":"[Object]"},"page":1,"pageSize":25,"...":"1 item not stringified"}) in 12ms lib/modules/inventario/adapters/driving/product-actions.ts
[WebServer]  POST /produccion/formulas/9f781527-8420-4eee-8954-d095a65451be/versiones/nueva 200 in 48ms (next.js: 6ms, proxy.ts: 8ms, application-code: 35ms)
[WebServer]   └─ ƒ createRecipeVersionAction("9f781527-8420-4eee-8954-d095a65451be", {"lines":["[Object]","[Object]","[Object]"],"name":"Cambiada"}) in 27ms lib/modules/recetas/adapters/driving/recipe-actions.ts
[WebServer]  GET /produccion/formulas/9f781527-8420-4eee-8954-d095a65451be 200 in 229ms (next.js: 19ms, proxy.ts: 5ms, application-code: 204ms)
[WebServer]  GET /produccion/formulas/9f781527-8420-4eee-8954-d095a65451be 200 in 155ms (next.js: 15ms, proxy.ts: 15ms, application-code: 125ms)
[WebServer]  GET /produccion/formulas/9f781527-8420-4eee-8954-d095a65451be/versiones/ebb327ff-7e2f-4818-8fc3-b877b604e1ed 200 in 1532ms (next.js: 1454ms, proxy.ts: 13ms, application-code: 65ms)
[WebServer]  POST /produccion/formulas/9f781527-8420-4eee-8954-d095a65451be/versiones/ebb327ff-7e2f-4818-8fc3-b877b604e1ed 200 in 72ms (next.js: 17ms, proxy.ts: 6ms, application-code: 49ms)
[WebServer]   └─ ƒ updateRecipeVersionAction("ebb327ff-7e2f-4818-8fc3-b877b604e1ed", {"lines":["[Object]","[Object]","[Object]"],"name":"Cambiada 2"}) in 39ms lib/modules/recetas/adapters/driving/recipe-actions.ts
[WebServer]  GET /produccion/formulas/9f781527-8420-4eee-8954-d095a65451be 200 in 138ms (next.js: 21ms, proxy.ts: 4ms, application-code: 113ms)
[WebServer]  GET /produccion/formulas/9f781527-8420-4eee-8954-d095a65451be 200 in 102ms (next.js: 13ms, proxy.ts: 12ms, application-code: 77ms)
[WebServer]  GET /produccion/formulas?pageSize=25 200 in 734ms (next.js: 50ms, proxy.ts: 5ms, application-code: 679ms)
[WebServer]  GET /produccion/formulas/9f781527-8420-4eee-8954-d095a65451be 200 in 347ms (next.js: 14ms, proxy.ts: 7ms, application-code: 326ms)
[WebServer]  POST /produccion/formulas/9f781527-8420-4eee-8954-d095a65451be 200 in 147ms (next.js: 31ms, proxy.ts: 6ms, application-code: 109ms)
[WebServer]   └─ ƒ updateRecipeAction("9f781527-8420-4eee-8954-d095a65451be", {"description":null,"lines":["[Object]","[Object]"],"name":"qc174_e2e_d31a5cda5b7349279b4a25f96b384ec4_original","...":"2 items not stringified"}) in 97ms lib/modules/recetas/adapters/driving/recipe-actions.ts
[WebServer]  GET /produccion/formulas/9f781527-8420-4eee-8954-d095a65451be 200 in 75ms (next.js: 8ms, proxy.ts: 7ms, application-code: 60ms)
  ✓  1 [chromium] › e2e\versiones-en-la-receta.spec.ts:211:7 › versiones en la ficha de la receta › R38, R6 - crear y editar versiones desde la ficha, no salen en la lista, y propagar deja por revisar solo la que cambio sus lineas (15.2s)

  1 passed (22.6s)
