[WebServer] 
[WebServer] > quimicloude@0.1.0 dev C:\Users\Cristian\Documents\trabajo\arc\labs\.worktrees\QC-211-pasos-de-envasado
[WebServer] > next dev "--port" "3117"
[WebServer] 
[WebServer] ▲ Next.js 16.3.0 (Turbopack)
[WebServer] - Local:         http://localhost:3117
[WebServer] - Network:       http://192.168.101.8:3117
[WebServer] - Environments: .env
[WebServer] ✓ Ready in 508ms
[WebServer] ✓ Running next.config.ts took 38ms
[WebServer] ⚠ The "middleware" file convention is deprecated. Please use "proxy" instead.
[WebServer] 
[WebServer]   To migrate automatically, run:
[WebServer]   npx @next/codemod@canary middleware-to-proxy .
[WebServer] 
[WebServer]   Learn more: https://nextjs.org/docs/messages/middleware-to-proxy
[WebServer] 
[WebServer]  GET / 200 in 2.8s (next.js: 2.3s, proxy.ts: 171ms, application-code: 320ms)

Running 16 tests using 6 workers

[WebServer]  GET /login 200 in 1509ms (next.js: 373ms, proxy.ts: 14ms, application-code: 1122ms)
[WebServer]  GET /login 200 in 1493ms (next.js: 376ms, proxy.ts: 12ms, application-code: 1104ms)
[WebServer]  GET /login 200 in 1581ms (next.js: 451ms, proxy.ts: 18ms, application-code: 1111ms)
[WebServer]  GET /login 200 in 1481ms (next.js: 369ms, proxy.ts: 11ms, application-code: 1101ms)
[WebServer]  GET /login 200 in 1560ms (next.js: 440ms, proxy.ts: 32ms, application-code: 1088ms)
[WebServer]  GET /login 200 in 996ms (next.js: 469ms, proxy.ts: 94ms, application-code: 433ms)
[WebServer]  GET /dashboard 200 in 4.4s (next.js: 1739ms, proxy.ts: 176ms, application-code: 2.5s)
[WebServer]  POST /login 200 in 8.3s (next.js: 570ms, proxy.ts: 80ms, application-code: 7.6s)
[WebServer]   └─ ƒ loginAction({"status":"idle"}, {}) in 1648ms lib/modules/identity/adapters/driving/login-action.ts
[WebServer]  GET /asignacion 200 in 5.6s (next.js: 997ms, proxy.ts: 72ms, application-code: 4.5s)
[WebServer]  GET /asignacion 200 in 5.7s (next.js: 1123ms, proxy.ts: 153ms, application-code: 4.4s)
[WebServer]  GET /asignacion 200 in 5.7s (next.js: 791ms, proxy.ts: 157ms, application-code: 4.8s)
[WebServer]  GET /asignacion 200 in 5.8s (next.js: 1408ms, proxy.ts: 172ms, application-code: 4.2s)
[WebServer]  GET /asignacion 200 in 5.8s (next.js: 1295ms, proxy.ts: 187ms, application-code: 4.3s)
[WebServer]  POST /login 200 in 9.5s (next.js: 600ms, proxy.ts: 93ms, application-code: 8.8s)
[WebServer]   └─ ƒ loginAction({"status":"idle"}, {}) in 1778ms lib/modules/identity/adapters/driving/login-action.ts
[WebServer]  POST /login 200 in 9.6s (next.js: 330ms, proxy.ts: 81ms, application-code: 9.2s)
[WebServer]   └─ ƒ loginAction({"status":"idle"}, {}) in 1752ms lib/modules/identity/adapters/driving/login-action.ts
[WebServer]  POST /login 200 in 12.0s (next.js: 2.4s, proxy.ts: 149ms, application-code: 9.4s)
[WebServer]   └─ ƒ loginAction({"status":"idle"}, {}) in 1725ms lib/modules/identity/adapters/driving/login-action.ts
[WebServer]  POST /login 200 in 12.2s (next.js: 393ms, proxy.ts: 51ms, application-code: 11.8s)
[WebServer]   └─ ƒ loginAction({"status":"idle"}, {}) in 1637ms lib/modules/identity/adapters/driving/login-action.ts
[WebServer]  POST /login 200 in 9.7s (next.js: 649ms, proxy.ts: 112ms, application-code: 8.9s)
[WebServer]   └─ ƒ loginAction({"status":"idle"}, {}) in 1687ms lib/modules/identity/adapters/driving/login-action.ts
[WebServer]  GET /produccion/formulas 200 in 4.0s (next.js: 304ms, proxy.ts: 146ms, application-code: 3.5s)
[WebServer]  GET /produccion/formulas/nueva 200 in 3.9s (next.js: 491ms, proxy.ts: 131ms, application-code: 3.3s)
[WebServer]  GET /asignacion/92cad366-c635-4cf6-b87a-0ecabc2ec0c1 404 in 5.3s (next.js: 4.4s, proxy.ts: 169ms, application-code: 773ms)
[WebServer] [browser] Encountered a script tag while rendering React component. Scripts inside React components are never executed when rendering on the client. Consider using template tag instead (https://developer.mozilla.org/en-US/docs/Web/HTML/Element/template). 
[WebServer]  GET /asignacion/cd601e11-fb2e-423f-a44f-a69f4fd1aac8 200 in 1577ms (next.js: 279ms, proxy.ts: 33ms, application-code: 1266ms)
[WebServer]  GET /asignacion/52ca2f4a-c7f3-4f9a-bdd7-4c0cf5eec7d1 200 in 1607ms (next.js: 296ms, proxy.ts: 43ms, application-code: 1268ms)
[WebServer]  GET /asignacion/712afaba-01b1-4f24-bbde-26afc65fe5e6 200 in 2.1s (next.js: 654ms, proxy.ts: 82ms, application-code: 1359ms)
  ✓   4 [chromium] › e2e\ejecucion-receta.spec.ts:564:7 › la ejecucion de la receta de un pedido asignado › R30 - quien no tiene asignaciones.consultar pide la direccion del pedido y recibe 404 (32.8s)
[WebServer]  GET /asignacion/712afaba-01b1-4f24-bbde-26afc65fe5e6 200 in 496ms (next.js: 53ms, proxy.ts: 12ms, application-code: 430ms)
[WebServer]  GET /login 200 in 488ms (next.js: 42ms, proxy.ts: 12ms, application-code: 434ms)
[WebServer]  POST /produccion/formulas 200 in 321ms (next.js: 55ms, proxy.ts: 110ms, application-code: 156ms)
[WebServer]   └─ ƒ issueUploadLinksAction({"files":["[Object]"]}) in 43ms lib/modules/documentos/adapters/driving/document-upload-actions.ts
[WebServer]  POST /produccion/formulas 200 in 303ms (next.js: 44ms, proxy.ts: 37ms, application-code: 221ms)
[WebServer]   └─ ƒ enqueueBatchAction({"paths":["c750f285-825f-4674-b5d0-90bc4ba099dc/8f3f3fd2-f557-4127-8fc2-b947c434c8a1.pdf"],"strategy":"formula"}) in 136ms lib/modules/documentos/adapters/driving/document-batch-actions.ts
[WebServer] {"level":30,"time":1791249599769,"pid":25956,"hostname":"DESKTOP-5KTSTAH","modulo":"documentos","fileId":"ab9ba614-45ff-46ee-bb3b-7ec8a65e5943","messageId":"inline-5ffe124b-d792-4dab-ba8a-0246db49c7e1","msg":"trabajo recibido"}
[WebServer] {"level":30,"time":1791249599817,"pid":25956,"hostname":"DESKTOP-5KTSTAH","modulo":"documentos","fileId":"ab9ba614-45ff-46ee-bb3b-7ec8a65e5943","batchId":"8692ae31-cb72-4b1b-a863-21fa4765691e","msg":"fila reclamada"}
  ✓   3 [chromium] › e2e\ejecucion-receta.spec.ts:582:7 › la ejecucion de la receta de un pedido asignado › R9 - recargar la pantalla de un pedido ya EN_CURSO la vuelve a mostrar sin error y sin mover el estado (34.7s)
[WebServer] {"level":30,"time":1791249599878,"pid":25956,"hostname":"DESKTOP-5KTSTAH","modulo":"documentos","fileId":"ab9ba614-45ff-46ee-bb3b-7ec8a65e5943","byteLength":346,"msg":"pdf descargado"}
[WebServer] [process-pdf-by-strategy] estrategia=formula modo=pdf ruta='c750f285-825f-4674-b5d0-90bc4ba099dc/8f3f3fd2-f557-4127-8fc2-b947c434c8a1.pdf' paginas=1 longitud=571
[WebServer] {"level":30,"time":1791249600400,"pid":25956,"hostname":"DESKTOP-5KTSTAH","modulo":"documentos","fileId":"ab9ba614-45ff-46ee-bb3b-7ec8a65e5943","strategy":"formula","ok":true,"mode":"pdf","msg":"pdf procesado"}
[WebServer] {"level":30,"time":1791249600420,"pid":25956,"hostname":"DESKTOP-5KTSTAH","modulo":"documentos","fileId":"ab9ba614-45ff-46ee-bb3b-7ec8a65e5943","outcome":"done","msg":"trabajo terminado"}
[WebServer]  POST /produccion/formulas 200 in 893ms (next.js: 72ms, proxy.ts: 22ms, application-code: 799ms)
[WebServer]   └─ ƒ getBatchStatusAction("8692ae31-cb72-4b1b-a863-21fa4765691e") in 143ms lib/modules/documentos/adapters/driving/document-batch-actions.ts
[WebServer]  GET /login 200 in 604ms (next.js: 9ms, proxy.ts: 10ms, application-code: 585ms)
[WebServer]  GET /asignacion 200 in 904ms (next.js: 54ms, proxy.ts: 46ms, application-code: 804ms)
[WebServer]  POST /login 200 in 1396ms (next.js: 26ms, proxy.ts: 27ms, application-code: 1343ms)
[WebServer]   └─ ƒ loginAction({"status":"idle"}, {}) in 298ms lib/modules/identity/adapters/driving/login-action.ts
[WebServer]  POST /produccion/formulas 200 in 275ms (next.js: 52ms, proxy.ts: 30ms, application-code: 194ms)
[WebServer]   └─ ƒ getBatchStatusAction("8692ae31-cb72-4b1b-a863-21fa4765691e") in 80ms lib/modules/documentos/adapters/driving/document-batch-actions.ts
[WebServer]  GET /produccion/formulas/nueva 200 in 1096ms (next.js: 43ms, proxy.ts: 35ms, application-code: 1018ms)
[WebServer]  GET /asignacion 200 in 1469ms (next.js: 104ms, proxy.ts: 104ms, application-code: 1260ms)
[WebServer]  POST /login 200 in 2.6s (next.js: 233ms, proxy.ts: 79ms, application-code: 2.3s)
[WebServer]   └─ ƒ loginAction({"status":"idle"}, {}) in 431ms lib/modules/identity/adapters/driving/login-action.ts
[WebServer]  GET /pedidos?pageSize=25&sort=createdAt%3Adesc 200 in 3.0s (next.js: 191ms, proxy.ts: 170ms, application-code: 2.6s)
[WebServer]  POST /produccion/formulas/nueva 200 in 584ms (next.js: 91ms, proxy.ts: 62ms, application-code: 431ms)
[WebServer]   └─ ƒ createRecipeAction({"description":null,"lines":["[Object]"],"name":"qc211_e2e_f5b1764790a34af0acd2c9d4181d07e8_receta","...":"3 items not stringified"}) in 171ms lib/modules/recetas/adapters/driving/recipe-actions.ts
[WebServer]  GET /produccion/formulas/importar/ab9ba614-45ff-46ee-bb3b-7ec8a65e5943 200 in 6.2s (next.js: 5.3s, proxy.ts: 153ms, application-code: 682ms)
[WebServer]  GET /asignacion?entregado=2026-0935959 200 in 3.6s (next.js: 26ms, proxy.ts: 36ms, application-code: 3.6s)
[WebServer]  POST /asignacion/52ca2f4a-c7f3-4f9a-bdd7-4c0cf5eec7d1 200 in 6.2s (next.js: 385ms, proxy.ts: 48ms, application-code: 5.8s)
[WebServer]   └─ ƒ finishAssignedOrderAction({"status":"success"}, {}) in 1804ms lib/modules/asignaciones/adapters/driving/order-execution-actions.ts
[WebServer]  GET /asignacion?vista=por_empacar 200 in 1256ms (next.js: 76ms, proxy.ts: 152ms, application-code: 1028ms)
[WebServer]  GET /produccion/formulas 200 in 2.1s (next.js: 81ms, proxy.ts: 64ms, application-code: 1972ms)
[WebServer]  POST /produccion/formulas/nueva 200 in 640ms (next.js: 69ms, proxy.ts: 58ms, application-code: 513ms)
[WebServer]   └─ ƒ createRecipeAction({"description":null,"lines":["[Object]"],"name":"qc64_e2e_receta_0131faa4ecf24ce89f9124d613ddedc0","...":"3 items not stringified"}) in 395ms lib/modules/recetas/adapters/driving/recipe-actions.ts
[WebServer]  GET /produccion/formulas 200 in 3.0s (next.js: 112ms, proxy.ts: 55ms, application-code: 2.9s)
[WebServer]  GET /login 200 in 1073ms (next.js: 31ms, proxy.ts: 67ms, application-code: 975ms)
[WebServer]  GET /asignacion?entregado=2026-0808320 200 in 1999ms (next.js: 86ms, proxy.ts: 64ms, application-code: 1849ms)
[WebServer]  GET /login 200 in 898ms (next.js: 71ms, proxy.ts: 100ms, application-code: 726ms)
[WebServer]  POST /pedidos?pageSize=25&sort=createdAt%3Adesc 200 in 599ms (next.js: 136ms, proxy.ts: 115ms, application-code: 348ms)
[WebServer]   └─ ƒ listRecipesAction({"page":1,"pageSize":25,"search":"qc172_e2e_bd4c1ffa57da4e12b17fe31d35191b10_sinversiones"}) in 128ms lib/modules/recetas/adapters/driving/recipe-actions.ts
[WebServer]  POST /asignacion/cd601e11-fb2e-423f-a44f-a69f4fd1aac8 200 in 4.8s (next.js: 237ms, proxy.ts: 116ms, application-code: 4.4s)
[WebServer]   └─ ƒ finishAssignedOrderAction({"status":"success"}, {}) in 1759ms lib/modules/asignaciones/adapters/driving/order-execution-actions.ts
[WebServer]  GET /produccion/formulas 200 in 2.4s (next.js: 93ms, proxy.ts: 59ms, application-code: 2.3s)
  ✓   2 [chromium] › e2e\ejecucion-receta.spec.ts:511:7 › la ejecucion de la receta de un pedido asignado › R29 - el Operador entra, ve su pedido asignado, lo abre, el pedido queda EN_CURSO en base, recorre los pasos hasta Finalizar y el pedido queda POR_EMPACAR en base (49.3s)
[WebServer]  POST /pedidos?pageSize=25&sort=createdAt%3Adesc 200 in 803ms (next.js: 228ms, proxy.ts: 82ms, application-code: 492ms)
[WebServer]   └─ ƒ getRecipeAction("bd70090f-129d-4ba9-be8e-305960baed98") in 146ms lib/modules/recetas/adapters/driving/recipe-actions.ts
[WebServer]  POST /pedidos?pageSize=25&sort=createdAt%3Adesc 200 in 1233ms (next.js: 306ms, proxy.ts: 306ms, application-code: 621ms)
[WebServer]   └─ ƒ listRecipeVersionsAction("bd70090f-129d-4ba9-be8e-305960baed98") in 233ms lib/modules/recetas/adapters/driving/recipe-actions.ts
[WebServer]  GET /produccion/formulas 200 in 3.7s (next.js: 179ms, proxy.ts: 136ms, application-code: 3.3s)
[WebServer]  POST /pedidos?pageSize=25&sort=createdAt%3Adesc 200 in 1800ms (next.js: 196ms, proxy.ts: 121ms, application-code: 1483ms)
[WebServer]   └─ ƒ listRecipeVersionsAction("bd70090f-129d-4ba9-be8e-305960baed98") in 1308ms lib/modules/recetas/adapters/driving/recipe-actions.ts
[WebServer]  POST /produccion/formulas/importar/ab9ba614-45ff-46ee-bb3b-7ec8a65e5943 200 in 4.7s (next.js: 342ms, proxy.ts: 56ms, application-code: 4.3s)
[WebServer]   └─ ƒ confirmFormulaImportAction({"description":null,"documentFileId":"ab9ba614-45ff-46ee-bb3b-7ec8a65e5943","lines":["[Object]","[Object]","[Object]"],"...":"4 items not stringified"}) in 1265ms lib/modules/documentos/adapters/driving/formula-import-actions.ts
[WebServer]  GET /produccion/formulas?pageSize=25 200 in 2.4s (next.js: 127ms, proxy.ts: 234ms, application-code: 2.0s)
[WebServer]  GET /asignacion 200 in 3.8s (next.js: 219ms, proxy.ts: 265ms, application-code: 3.3s)
[WebServer]  POST /pedidos?pageSize=25&sort=createdAt%3Adesc 200 in 781ms (next.js: 322ms, proxy.ts: 64ms, application-code: 394ms)
[WebServer]   └─ ƒ listRecipesAction({"page":1,"pageSize":25,"search":"qc172_e2e_bd4c1ffa57da4e12b17fe31d35191b10_original"}) in 180ms lib/modules/recetas/adapters/driving/recipe-actions.ts
[WebServer]  POST /login 200 in 4.6s (next.js: 52ms, proxy.ts: 34ms, application-code: 4.5s)
[WebServer]   └─ ƒ loginAction({"status":"idle"}, {}) in 347ms lib/modules/identity/adapters/driving/login-action.ts
[WebServer]  GET /asignacion 200 in 3.3s (next.js: 85ms, proxy.ts: 42ms, application-code: 3.2s)
[WebServer]  POST /login 200 in 4.6s (next.js: 75ms, proxy.ts: 19ms, application-code: 4.5s)
[WebServer]   └─ ƒ loginAction({"status":"idle"}, {}) in 628ms lib/modules/identity/adapters/driving/login-action.ts
[WebServer]  POST /pedidos?pageSize=25&sort=createdAt%3Adesc 200 in 2.1s (next.js: 162ms, proxy.ts: 69ms, application-code: 1917ms)
[WebServer]   └─ ƒ getRecipeAction("0629893d-a950-424b-9a2e-58bdffe18252") in 1042ms lib/modules/recetas/adapters/driving/recipe-actions.ts
[WebServer]  GET /produccion/formulas/89c5c45a-68df-45bb-841f-c2acd5a31401 200 in 6.1s (next.js: 4.5s, proxy.ts: 160ms, application-code: 1465ms)
[WebServer]  GET /login 200 in 2.1s (next.js: 158ms, proxy.ts: 641ms, application-code: 1317ms)
[WebServer]  POST /pedidos?pageSize=25&sort=createdAt%3Adesc 200 in 1367ms (next.js: 251ms, proxy.ts: 78ms, application-code: 1038ms)
[WebServer]   └─ ƒ listRecipeVersionsAction("0629893d-a950-424b-9a2e-58bdffe18252") in 351ms lib/modules/recetas/adapters/driving/recipe-actions.ts
[WebServer]  GET /pedidos?pageSize=25&sort=createdAt%3Adesc 200 in 3.7s (next.js: 157ms, proxy.ts: 153ms, application-code: 3.4s)
[WebServer]  GET /produccion/formulas/e1407efa-d8c3-4a7e-8475-d5e21a87962f 200 in 3.0s (next.js: 1020ms, proxy.ts: 613ms, application-code: 1352ms)
[WebServer]  POST /pedidos?pageSize=25&sort=createdAt%3Adesc 200 in 1188ms (next.js: 103ms, proxy.ts: 386ms, application-code: 699ms)
[WebServer]   └─ ƒ listRecipeVersionsAction("0629893d-a950-424b-9a2e-58bdffe18252") in 283ms lib/modules/recetas/adapters/driving/recipe-actions.ts
[WebServer]  GET /produccion/formulas/importar/ab9ba614-45ff-46ee-bb3b-7ec8a65e5943 200 in 1341ms (next.js: 259ms, proxy.ts: 68ms, application-code: 1014ms)
[WebServer]  GET /asignacion/81aad899-6761-4d0e-a5b6-f10bf7e6dc01 200 in 3.0s (next.js: 554ms, proxy.ts: 80ms, application-code: 2.4s)
[WebServer]  POST /pedidos?pageSize=25&sort=createdAt%3Adesc 200 in 327ms (next.js: 101ms, proxy.ts: 70ms, application-code: 156ms)
[WebServer]   └─ ƒ getRecipeAction("0cc16bef-8712-46e5-bd26-8d9d4d650097") in 93ms lib/modules/recetas/adapters/driving/recipe-actions.ts
  ✓   7 [chromium] › e2e\recetas-pasos.spec.ts:307:7 › editor y lectura de pasos › el Administrador redacta un paso con negrilla y lista de verificacion, lo guarda, lo reabre igual y recorre la vista previa hasta Finalizar (R28) (25.8s)
[WebServer]  POST /pedidos?pageSize=25&sort=createdAt%3Adesc 200 in 822ms (next.js: 137ms, proxy.ts: 98ms, application-code: 586ms)
[WebServer]   └─ ƒ getRecipeAction("1671b249-b1a3-44fd-871f-8fd1122fa743") in 148ms lib/modules/recetas/adapters/driving/recipe-actions.ts
[WebServer]  POST /login?next=%2Fpedidos%3FpageSize%3D25%26sort%3DcreatedAt%253Adesc 200 in 192ms (next.js: 72ms, proxy.ts: 35ms, application-code: 85ms)
[WebServer]  POST /pedidos?pageSize=25&sort=createdAt%3Adesc 200 in 927ms (next.js: 153ms, proxy.ts: 79ms, application-code: 695ms)
[WebServer]   └─ ƒ quoteOrderCostAction({"quantity":"1000","recipeId":"0cc16bef-8712-46e5-bd26-8d9d4d650097"}) in 518ms lib/modules/pedidos/adapters/driving/order-actions.ts
[WebServer] ⨯ Error: aborted
[WebServer]     at ignore-listed frames
[WebServer]  GET /login 200 in 886ms (next.js: 109ms, proxy.ts: 30ms, application-code: 747ms)
[WebServer]  POST /pedidos?pageSize=25&sort=createdAt%3Adesc 200 in 972ms (next.js: 138ms, proxy.ts: 104ms, application-code: 731ms)
[WebServer]   └─ ƒ listProductsAction({"filters":{"presentationUnitId":"[Object]","type":"[Object]"},"page":1,"pageSize":25}) in 605ms lib/modules/inventario/adapters/driving/product-actions.ts
[WebServer]  POST /pedidos?pageSize=25&sort=createdAt%3Adesc 200 in 336ms (next.js: 59ms, proxy.ts: 35ms, application-code: 243ms)
[WebServer]   └─ ƒ quoteOrderPresentationAvailabilityAction({"presentationLines":[],"quantity":"1000","unitId":"b7a8f4c4-4738-44ec-899c-b73105c84658"}) in 104ms lib/modules/pedidos/adapters/driving/order-actions.ts
[WebServer] [browser] A tree hydrated but some attributes of the server rendered HTML didn't match the client properties. This won't be patched up. This can happen if a SSR-ed Client Component used:
[WebServer] 
[WebServer] - A server/client branch `if (typeof window !== 'undefined')`.
[WebServer] - Variable input such as `Date.now()` or `Math.random()` which changes each time it's called.
[WebServer] - Date formatting in a user's locale which doesn't match the server.
[WebServer] - External changing data without sending a snapshot of it along with the HTML.
[WebServer] - Invalid HTML tag nesting.
[WebServer] 
[WebServer] It can also happen if the client has a browser extension installed which messes with the HTML before React loaded.
[WebServer] 
[WebServer] https://react.dev/link/hydration-mismatch
[WebServer] 
[WebServer]   ...
[WebServer]     <FormulaImportPage>
[WebServer]       <div className="flex flex-...">
[WebServer]         <h1>
[WebServer]         <FormulaImportReview documentFileId="ab9ba614-4..." units={[...]} initialProductPage={{items:[...], ...}} ...>
[WebServer]           <div className="flex flex-..." data-testid="formula-im...">
[WebServer]             <div>
[WebServer]             <FormulaNameClash>
[WebServer]             <div>
[WebServer]             <div>
[WebServer]             <p>
[WebServer]             ...
[WebServer]               <DndContext sensors={[...]} collisionDetection={function closestCenter} accessibility={{...}} ...>
[WebServer]                 <SortableContext items={[...]} strategy={function verticalListSortingStrategy}>
[WebServer]                   <ol className="flex flex-..." data-testid="recipe-ste...">
[WebServer]                     <RecipeStepRow step={{key:"formu...", ...}} index={0} total={3} testIdPrefix="recipe-step" ...>
[WebServer]                       <li ref={function useCombinedRefs.useMemo} style={{...}} data-testid="recipe-ste..." ...>
[WebServer]                         <button
[WebServer]                           type="button"
[WebServer]                           role="button"
[WebServer]                           tabIndex={0}
[WebServer]                           aria-disabled={false}
[WebServer]                           aria-pressed={undefined}
[WebServer]                           aria-roledescription="sortable"
[WebServer] +                         aria-describedby="DndDescribedBy-0"
[WebServer] -                         aria-describedby="DndDescribedBy-4"
[WebServer]                           onPointerDown={function useSyntheticListeners.useMemo}
[WebServer]                           onKeyDown={function useSyntheticListeners.useMemo}
[WebServer]                           className="min-h-11 min-w-11 flex shrink-0 touch-none items-center justify-center rounded-lg..."
[WebServer]                           aria-label="Arrastrar el paso en la posición 1 de 3"
[WebServer]                           data-testid="recipe-step-handle-0"
[WebServer]                         >
[WebServer]                         ...
[WebServer]                     <RecipeStepRow step={{key:"formu...", ...}} index={1} total={3} testIdPrefix="recipe-step" ...>
[WebServer]                       <li ref={function useCombinedRefs.useMemo} style={{...}} data-testid="recipe-ste..." ...>
[WebServer]                         <button
[WebServer]                           type="button"
[WebServer]                           role="button"
[WebServer]                           tabIndex={0}
[WebServer]                           aria-disabled={false}
[WebServer]                           aria-pressed={undefined}
[WebServer]                           aria-roledescription="sortable"
[WebServer] +                         aria-describedby="DndDescribedBy-0"
[WebServer] -                         aria-describedby="DndDescribedBy-4"
[WebServer]                           onPointerDown={function useSyntheticListeners.useMemo}
[WebServer]                           onKeyDown={function useSyntheticListeners.useMemo}
[WebServer]                           className="min-h-11 min-w-11 flex shrink-0 touch-none items-center justify-center rounded-lg..."
[WebServer]                           aria-label="Arrastrar el paso en la posición 2 de 3"
[WebServer]                           data-testid="recipe-step-handle-1"
[WebServer]                         >
[WebServer]                         ...
[WebServer]                     <RecipeStepRow step={{key:"formu...", ...}} index={2} total={3} testIdPrefix="recipe-step" ...>
[WebServer]                       <li ref={function useCombinedRefs.useMemo} style={{...}} data-testid="recipe-ste..." ...>
[WebServer]                         <button
[WebServer]                           type="button"
[WebServer]                           role="button"
[WebServer]                           tabIndex={0}
[WebServer]                           aria-disabled={false}
[WebServer]                           aria-pressed={undefined}
[WebServer]                           aria-roledescription="sortable"
[WebServer] +                         aria-describedby="DndDescribedBy-0"
[WebServer] -                         aria-describedby="DndDescribedBy-4"
[WebServer]                           onPointerDown={function useSyntheticListeners.useMemo}
[WebServer]                           onKeyDown={function useSyntheticListeners.useMemo}
[WebServer]                           className="min-h-11 min-w-11 flex shrink-0 touch-none items-center justify-center rounded-lg..."
[WebServer]                           aria-label="Arrastrar el paso en la posición 3 de 3"
[WebServer]                           data-testid="recipe-step-handle-2"
[WebServer]                         >
[WebServer]                         ...
[WebServer]                 ...
[WebServer]                 ...
[WebServer]             ...
[WebServer]               <DndContext sensors={[...]} collisionDetection={function closestCenter} accessibility={{...}} ...>
[WebServer]                 <SortableContext items={[...]} strategy={function verticalListSortingStrategy}>
[WebServer]                   <ol className="flex flex-..." data-testid="recipe-pac...">
[WebServer]                     <RecipeStepRow step={{key:"formu...", ...}} index={0} total={2} testIdPrefix="recipe-pac..." ...>
[WebServer]                       <li ref={function useCombinedRefs.useMemo} style={{...}} data-testid="recipe-pac..." ...>
[WebServer]                         <button
[WebServer]                           type="button"
[WebServer]                           role="button"
[WebServer]                           tabIndex={0}
[WebServer]                           aria-disabled={false}
[WebServer]                           aria-pressed={undefined}
[WebServer]                           aria-roledescription="sortable"
[WebServer] +                         aria-describedby="DndDescribedBy-2"
[WebServer] -                         aria-describedby="DndDescribedBy-5"
[WebServer]                           onPointerDown={function useSyntheticListeners.useMemo}
[WebServer]                           onKeyDown={function useSyntheticListeners.useMemo}
[WebServer]                           className="min-h-11 min-w-11 flex shrink-0 touch-none items-center justify-center rounded-lg..."
[WebServer]                           aria-label="Arrastrar el paso en la posición 1 de 2"
[WebServer]                           data-testid="recipe-packing-step-handle-0"
[WebServer]                         >
[WebServer]                         ...
[WebServer]                     <RecipeStepRow step={{key:"formu...", ...}} index={1} total={2} testIdPrefix="recipe-pac..." ...>
[WebServer]                       <li ref={function useCombinedRefs.useMemo} style={{...}} data-testid="recipe-pac..." ...>
[WebServer]                         <button
[WebServer]                           type="button"
[WebServer]                           role="button"
[WebServer]                           tabIndex={0}
[WebServer]                           aria-disabled={false}
[WebServer]                           aria-pressed={undefined}
[WebServer]                           aria-roledescription="sortable"
[WebServer] +                         aria-describedby="DndDescribedBy-2"
[WebServer] -                         aria-describedby="DndDescribedBy-5"
[WebServer]                           onPointerDown={function useSyntheticListeners.useMemo}
[WebServer]                           onKeyDown={function useSyntheticListeners.useMemo}
[WebServer]                           className="min-h-11 min-w-11 flex shrink-0 touch-none items-center justify-center rounded-lg..."
[WebServer]                           aria-label="Arrastrar el paso en la posición 2 de 2"
[WebServer]                           data-testid="recipe-packing-step-handle-1"
[WebServer]                         >
[WebServer]                         ...
[WebServer]                 ...
[WebServer]                 ...
[WebServer]             ...
[WebServer]  
[WebServer]  POST /pedidos?pageSize=25&sort=createdAt%3Adesc 200 in 973ms (next.js: 51ms, proxy.ts: 126ms, application-code: 796ms)
[WebServer]   └─ ƒ listProductsAction({"filters":{"presentationUnitId":"[Object]","type":"[Object]"},"page":1,"pageSize":25,"...":"1 item not stringified"}) in 656ms lib/modules/inventario/adapters/driving/product-actions.ts
[WebServer] ○ Compiling /_error ...
[WebServer]  POST /produccion/formulas/importar/ab9ba614-45ff-46ee-bb3b-7ec8a65e5943 200 in 1122ms (next.js: 366ms, proxy.ts: 152ms, application-code: 604ms)
[WebServer]   └─ ƒ previewFormulaImportAction({"documentFileId":"ab9ba614-45ff-46ee-bb3b-7ec8a65e5943","name":"qc159_e2e_renombrada_f990de93ed9140dfb30b8971f5648f4b"}) in 409ms lib/modules/documentos/adapters/driving/formula-import-actions.ts
[WebServer]  GET /asignacion 200 in 1507ms (next.js: 77ms, proxy.ts: 134ms, application-code: 1295ms)
[WebServer]  POST /login 200 in 2.5s (next.js: 35ms, proxy.ts: 60ms, application-code: 2.4s)
[WebServer]   └─ ƒ loginAction({"status":"idle"}, {}) in 480ms lib/modules/identity/adapters/driving/login-action.ts
[WebServer]  GET /asignacion 200 in 1364ms (next.js: 162ms, proxy.ts: 98ms, application-code: 1104ms)
[WebServer]  POST /login 200 in 3.7s (next.js: 40ms, proxy.ts: 23ms, application-code: 3.6s)
[WebServer]   └─ ƒ loginAction({"status":"idle"}, {}) in 463ms lib/modules/identity/adapters/driving/login-action.ts
[WebServer]  POST /pedidos?pageSize=25&sort=createdAt%3Adesc 200 in 2.5s (next.js: 141ms, proxy.ts: 45ms, application-code: 2.3s)
[WebServer]   └─ ƒ quoteOrderPresentationAvailabilityAction({"presentationLines":["[Object]"],"quantity":"1000","unitId":"b7a8f4c4-4738-44ec-899c-b73105c84658"}) in 1271ms lib/modules/pedidos/adapters/driving/order-actions.ts
[WebServer]  GET /login 200 in 1142ms (next.js: 426ms, proxy.ts: 104ms, application-code: 612ms)
[WebServer]  POST /pedidos?pageSize=25&sort=createdAt%3Adesc 200 in 1150ms (next.js: 144ms, proxy.ts: 354ms, application-code: 652ms)
[WebServer]   └─ ƒ quoteOrderCostAction({"presentationLines":["[Object]"],"quantity":"1000","recipeId":"0cc16bef-8712-46e5-bd26-8d9d4d650097"}) in 413ms lib/modules/pedidos/adapters/driving/order-actions.ts
[WebServer]  GET /asignacion?vista=por_empacar 200 in 3.0s (next.js: 129ms, proxy.ts: 65ms, application-code: 2.8s)
[WebServer]  POST /produccion/formulas/importar/ab9ba614-45ff-46ee-bb3b-7ec8a65e5943 200 in 1749ms (next.js: 598ms, proxy.ts: 153ms, application-code: 998ms)
[WebServer]   └─ ƒ confirmFormulaImportAction({"description":null,"documentFileId":"ab9ba614-45ff-46ee-bb3b-7ec8a65e5943","lines":["[Object]","[Object]","[Object]"],"...":"4 items not stringified"}) in 464ms lib/modules/documentos/adapters/driving/formula-import-actions.ts
  ✓   1 [chromium] › e2e\formula-desde-pdf.spec.ts:276:7 › formula-desde-pdf › sube un PDF de fórmula, reemplaza una receta con el mismo nombre y luego renombra para crear una nueva (R1, R11, R12, R14, R17, R18, R19, R25, R39) (1.1m)
[WebServer]  POST /pedidos?pageSize=25&sort=createdAt%3Adesc 200 in 1414ms (next.js: 121ms, proxy.ts: 136ms, application-code: 1157ms)
[WebServer]   └─ ƒ createOrderAction({"status":"idle"}, {}) in 1126ms lib/modules/pedidos/adapters/driving/order-actions.ts
[WebServer]  GET /asignacion?entregado=2026-0944992 200 in 664ms (next.js: 124ms, proxy.ts: 39ms, application-code: 500ms)
[WebServer]  POST /asignacion/81aad899-6761-4d0e-a5b6-f10bf7e6dc01 200 in 2.6s (next.js: 299ms, proxy.ts: 359ms, application-code: 1991ms)
[WebServer]   └─ ƒ finishAssignedOrderAction({"status":"success"}, {}) in 1085ms lib/modules/asignaciones/adapters/driving/order-execution-actions.ts
[WebServer]  GET /pedidos?pageSize=25&sort=createdAt%3Adesc 200 in 778ms (next.js: 74ms, proxy.ts: 13ms, application-code: 691ms)
  ✓   8 [chromium] › e2e\versiones-de-receta.spec.ts:317:7 › version de receta en el pedido › R44, R30 - el pedido con una version guarda la version y reserva sus lineas, no las de la original (34.1s)
[WebServer] ⨯ Error: The destination stream closed early.
[WebServer]     at ignore-listed frames {
[WebServer]   digest: '3311555835'
[WebServer] }
[WebServer]  GET /login 200 in 2.1s (next.js: 188ms, proxy.ts: 114ms, application-code: 1776ms)
[WebServer]  GET /dashboard 200 in 1037ms (next.js: 434ms, proxy.ts: 93ms, application-code: 510ms)
[WebServer]  GET /asignacion/empaque/52ca2f4a-c7f3-4f9a-bdd7-4c0cf5eec7d1 200 in 4.3s (next.js: 3.4s, proxy.ts: 31ms, application-code: 839ms)
[WebServer]  POST /login 200 in 1601ms (next.js: 53ms, proxy.ts: 29ms, application-code: 1520ms)
[WebServer]   └─ ƒ loginAction({"status":"idle"}, {}) in 302ms lib/modules/identity/adapters/driving/login-action.ts
[WebServer]  GET /asignacion/f16199dc-e663-4fc7-b164-32e4c93b82a0 200 in 1451ms (next.js: 257ms, proxy.ts: 15ms, application-code: 1180ms)
[WebServer]  GET /asignacion 200 in 555ms (next.js: 39ms, proxy.ts: 24ms, application-code: 492ms)
[WebServer]  POST /login 200 in 1081ms (next.js: 73ms, proxy.ts: 23ms, application-code: 986ms)
[WebServer]   └─ ƒ loginAction({"status":"idle"}, {}) in 309ms lib/modules/identity/adapters/driving/login-action.ts
[WebServer]  GET /login 200 in 1053ms (next.js: 49ms, proxy.ts: 70ms, application-code: 935ms)
[WebServer]  POST /asignacion/empaque/52ca2f4a-c7f3-4f9a-bdd7-4c0cf5eec7d1 200 in 2.2s (next.js: 104ms, proxy.ts: 26ms, application-code: 2.0s)
[WebServer]   └─ ƒ startPackingAction({"status":"success"}, {}) in 240ms lib/modules/asignaciones/adapters/driving/order-packing-actions.ts
[WebServer]  GET /asignacion?vista=por_empacar 200 in 1995ms (next.js: 45ms, proxy.ts: 27ms, application-code: 1922ms)
[WebServer]  GET /asignacion/25366434-bf62-4981-8d5c-54e251c6109e 404 in 1578ms (next.js: 346ms, proxy.ts: 432ms, application-code: 800ms)
[WebServer]  GET /login 200 in 777ms (next.js: 174ms, proxy.ts: 28ms, application-code: 575ms)
[WebServer] [browser] Encountered a script tag while rendering React component. Scripts inside React components are never executed when rendering on the client. Consider using template tag instead (https://developer.mozilla.org/en-US/docs/Web/HTML/Element/template). 
[WebServer]  GET /asignacion/empaque/81aad899-6761-4d0e-a5b6-f10bf7e6dc01 200 in 796ms (next.js: 176ms, proxy.ts: 54ms, application-code: 566ms)
  ✓  10 [webkit] › e2e\ejecucion-receta.spec.ts:564:7 › la ejecucion de la receta de un pedido asignado › R30 - quien no tiene asignaciones.consultar pide la direccion del pedido y recibe 404 (11.4s)
[WebServer]  GET /asignacion?vista=por_empacar&empacado=2026-0935959 200 in 631ms (next.js: 14ms, proxy.ts: 13ms, application-code: 604ms)
[WebServer]  POST /asignacion/empaque/52ca2f4a-c7f3-4f9a-bdd7-4c0cf5eec7d1 200 in 1887ms (next.js: 178ms, proxy.ts: 48ms, application-code: 1660ms)
[WebServer]   └─ ƒ finishPackingAction({"status":"success"}, {}) in 703ms lib/modules/asignaciones/adapters/driving/order-packing-actions.ts
[WebServer]  POST /asignacion/empaque/81aad899-6761-4d0e-a5b6-f10bf7e6dc01 200 in 900ms (next.js: 58ms, proxy.ts: 84ms, application-code: 758ms)
[WebServer]   └─ ƒ startPackingAction({"status":"success"}, {}) in 192ms lib/modules/asignaciones/adapters/driving/order-packing-actions.ts
[WebServer]  GET /asignacion?vista=terminados 200 in 622ms (next.js: 47ms, proxy.ts: 31ms, application-code: 544ms)
  ✓   5 [chromium] › e2e\empaque.spec.ts:568:7 › el recorrido de empaque (R48) › el Operario finaliza y queda Por empacar, no ve la pestaña, Pedidos no lo deja cancelar, y el Empacador lo comienza, lo termina y lo ve en Terminados (1.3m)
[WebServer]  GET /login 200 in 810ms (next.js: 26ms, proxy.ts: 68ms, application-code: 716ms)
[WebServer]  GET /asignacion 200 in 1039ms (next.js: 55ms, proxy.ts: 103ms, application-code: 882ms)
[WebServer]  GET /asignacion 200 in 935ms (next.js: 211ms, proxy.ts: 16ms, application-code: 708ms)
[WebServer]  POST /login 200 in 1721ms (next.js: 39ms, proxy.ts: 10ms, application-code: 1672ms)
[WebServer]   └─ ƒ loginAction({"status":"idle"}, {}) in 422ms lib/modules/identity/adapters/driving/login-action.ts
[WebServer]  POST /login 200 in 1737ms (next.js: 50ms, proxy.ts: 15ms, application-code: 1671ms)
[WebServer]   └─ ƒ loginAction({"status":"idle"}, {}) in 505ms lib/modules/identity/adapters/driving/login-action.ts
[WebServer]  GET /asignacion 200 in 1258ms (next.js: 115ms, proxy.ts: 46ms, application-code: 1097ms)
[WebServer]  POST /login 200 in 2.0s (next.js: 19ms, proxy.ts: 15ms, application-code: 1979ms)
[WebServer]   └─ ƒ loginAction({"status":"idle"}, {}) in 398ms lib/modules/identity/adapters/driving/login-action.ts
[WebServer]  GET /asignacion/8740e70f-88fc-44a2-ae7a-c27253f56b08 200 in 1583ms (next.js: 393ms, proxy.ts: 52ms, application-code: 1138ms)
[WebServer]  GET /login 200 in 691ms (next.js: 36ms, proxy.ts: 14ms, application-code: 641ms)
[WebServer]  GET /asignacion/e82417e2-8934-4290-a96e-10ab805e72ac 200 in 1636ms (next.js: 322ms, proxy.ts: 21ms, application-code: 1293ms)
[WebServer]  GET /asignacion/8740e70f-88fc-44a2-ae7a-c27253f56b08 200 in 1631ms (next.js: 49ms, proxy.ts: 13ms, application-code: 1569ms)
[WebServer]  GET /produccion/formulas 200 in 943ms (next.js: 42ms, proxy.ts: 61ms, application-code: 840ms)
[WebServer]  GET /asignacion?entregado=2026-0810080 200 in 1646ms (next.js: 221ms, proxy.ts: 57ms, application-code: 1368ms)
[WebServer]  POST /asignacion/f16199dc-e663-4fc7-b164-32e4c93b82a0 200 in 2.6s (next.js: 265ms, proxy.ts: 198ms, application-code: 2.2s)
[WebServer]   └─ ƒ finishAssignedOrderAction({"status":"success"}, {}) in 409ms lib/modules/asignaciones/adapters/driving/order-execution-actions.ts
  ✓  11 [webkit] › e2e\ejecucion-receta.spec.ts:582:7 › la ejecucion de la receta de un pedido asignado › R9 - recargar la pantalla de un pedido ya EN_CURSO la vuelve a mostrar sin error y sin mover el estado (15.7s)
[WebServer]  GET /asignacion 200 in 487ms (next.js: 32ms, proxy.ts: 21ms, application-code: 434ms)
[WebServer]  POST /login 200 in 936ms (next.js: 57ms, proxy.ts: 19ms, application-code: 859ms)
[WebServer]   └─ ƒ loginAction({"status":"idle"}, {}) in 249ms lib/modules/identity/adapters/driving/login-action.ts
  ✓   9 [webkit] › e2e\ejecucion-receta.spec.ts:511:7 › la ejecucion de la receta de un pedido asignado › R29 - el Operador entra, ve su pedido asignado, lo abre, el pedido queda EN_CURSO en base, recorre los pasos hasta Finalizar y el pedido queda POR_EMPACAR en base (35.5s)
[WebServer]  GET /asignacion?vista=por_empacar&empacado=2026-0944992 200 in 397ms (next.js: 32ms, proxy.ts: 20ms, application-code: 345ms)
[WebServer]  POST /asignacion/empaque/81aad899-6761-4d0e-a5b6-f10bf7e6dc01 200 in 1266ms (next.js: 38ms, proxy.ts: 14ms, application-code: 1214ms)
[WebServer]   └─ ƒ finishPackingAction({"status":"success"}, {}) in 612ms lib/modules/asignaciones/adapters/driving/order-packing-actions.ts
[WebServer]  GET /login 200 in 243ms (next.js: 17ms, proxy.ts: 11ms, application-code: 216ms)
  ✓   6 [chromium] › e2e\pasos-de-envasado.spec.ts:429:7 › pasos de envasado de punta a punta (R32) › R32: el Administrador crea la formula con pasos de envasado, el operador no los ve, y el empacador los recorre tras Comenzar y termina sin ver los del operador (1.5m)
[WebServer]  GET /produccion/formulas/nueva 200 in 841ms (next.js: 30ms, proxy.ts: 38ms, application-code: 773ms)
[WebServer]  GET /login 200 in 532ms (next.js: 118ms, proxy.ts: 10ms, application-code: 404ms)
[WebServer]  POST /produccion/formulas 200 in 185ms (next.js: 67ms, proxy.ts: 26ms, application-code: 92ms)
[WebServer]   └─ ƒ issueUploadLinksAction({"files":["[Object]"]}) in 34ms lib/modules/documentos/adapters/driving/document-upload-actions.ts
[WebServer]  POST /produccion/formulas 200 in 567ms (next.js: 87ms, proxy.ts: 42ms, application-code: 437ms)
[WebServer]   └─ ƒ enqueueBatchAction({"paths":["875d8ac0-ef5f-4821-aeda-ed52e6f21e3c/0e3f6d4b-0e64-4e17-96f5-a4fc07f2ad8f.pdf"],"strategy":"formula"}) in 323ms lib/modules/documentos/adapters/driving/document-batch-actions.ts
[WebServer] {"level":30,"time":1791249659037,"pid":25956,"hostname":"DESKTOP-5KTSTAH","modulo":"documentos","fileId":"3893114e-c98a-4c2d-b766-1f5cc73ba422","messageId":"inline-1a17bf07-7e62-418d-9931-3f6fc9d1f9aa","msg":"trabajo recibido"}
[WebServer] {"level":30,"time":1791249659122,"pid":25956,"hostname":"DESKTOP-5KTSTAH","modulo":"documentos","fileId":"3893114e-c98a-4c2d-b766-1f5cc73ba422","batchId":"53956611-9ac8-460e-a979-06034783225b","msg":"fila reclamada"}
[WebServer] {"level":30,"time":1791249659169,"pid":25956,"hostname":"DESKTOP-5KTSTAH","modulo":"documentos","fileId":"3893114e-c98a-4c2d-b766-1f5cc73ba422","byteLength":346,"msg":"pdf descargado"}
[WebServer] [process-pdf-by-strategy] estrategia=formula modo=pdf ruta='875d8ac0-ef5f-4821-aeda-ed52e6f21e3c/0e3f6d4b-0e64-4e17-96f5-a4fc07f2ad8f.pdf' paginas=1 longitud=571
[WebServer] {"level":30,"time":1791249659182,"pid":25956,"hostname":"DESKTOP-5KTSTAH","modulo":"documentos","fileId":"3893114e-c98a-4c2d-b766-1f5cc73ba422","strategy":"formula","ok":true,"mode":"pdf","msg":"pdf procesado"}
[WebServer] {"level":30,"time":1791249659209,"pid":25956,"hostname":"DESKTOP-5KTSTAH","modulo":"documentos","fileId":"3893114e-c98a-4c2d-b766-1f5cc73ba422","outcome":"done","msg":"trabajo terminado"}
[WebServer]  POST /produccion/formulas 200 in 332ms (next.js: 23ms, proxy.ts: 131ms, application-code: 178ms)
[WebServer]   └─ ƒ getBatchStatusAction("53956611-9ac8-460e-a979-06034783225b") in 113ms lib/modules/documentos/adapters/driving/document-batch-actions.ts
[WebServer]  GET /asignacion 200 in 961ms (next.js: 17ms, proxy.ts: 16ms, application-code: 929ms)
[WebServer]  POST /login 200 in 1872ms (next.js: 48ms, proxy.ts: 13ms, application-code: 1811ms)
[WebServer]   └─ ƒ loginAction({"status":"idle"}, {}) in 224ms lib/modules/identity/adapters/driving/login-action.ts
[WebServer]  GET /produccion/formulas/importar/3893114e-c98a-4c2d-b766-1f5cc73ba422 200 in 1340ms (next.js: 309ms, proxy.ts: 72ms, application-code: 959ms)
[WebServer]  GET /asignacion?entregado=2026-0972610 200 in 1852ms (next.js: 17ms, proxy.ts: 9ms, application-code: 1825ms)
[WebServer]  POST /asignacion/e82417e2-8934-4290-a96e-10ab805e72ac 200 in 3.4s (next.js: 171ms, proxy.ts: 16ms, application-code: 3.2s)
[WebServer]   └─ ƒ finishAssignedOrderAction({"status":"success"}, {}) in 882ms lib/modules/asignaciones/adapters/driving/order-execution-actions.ts
[WebServer]  GET /asignacion 200 in 1889ms (next.js: 37ms, proxy.ts: 91ms, application-code: 1761ms)
[WebServer]  POST /login 200 in 2.9s (next.js: 173ms, proxy.ts: 19ms, application-code: 2.7s)
[WebServer]   └─ ƒ loginAction({"status":"idle"}, {}) in 326ms lib/modules/identity/adapters/driving/login-action.ts
[WebServer]  GET /asignacion?vista=por_empacar 200 in 1640ms (next.js: 108ms, proxy.ts: 27ms, application-code: 1505ms)
[WebServer]  GET /produccion/formulas/nueva 200 in 1169ms (next.js: 120ms, proxy.ts: 59ms, application-code: 991ms)
[WebServer]  GET /login 200 in 551ms (next.js: 88ms, proxy.ts: 89ms, application-code: 374ms)
[WebServer]  GET /pedidos?pageSize=25&sort=createdAt%3Adesc 200 in 2.1s (next.js: 12ms, proxy.ts: 14ms, application-code: 2.0s)
[WebServer]  GET /asignacion 200 in 848ms (next.js: 38ms, proxy.ts: 53ms, application-code: 757ms)
[WebServer]  POST /login 200 in 2.2s (next.js: 46ms, proxy.ts: 939ms, application-code: 1226ms)
[WebServer]   └─ ƒ loginAction({"status":"idle"}, {}) in 288ms lib/modules/identity/adapters/driving/login-action.ts
[WebServer]  POST /produccion/formulas/importar/3893114e-c98a-4c2d-b766-1f5cc73ba422 200 in 668ms (next.js: 197ms, proxy.ts: 52ms, application-code: 420ms)
[WebServer]   └─ ƒ confirmFormulaImportAction({"description":null,"documentFileId":"3893114e-c98a-4c2d-b766-1f5cc73ba422","lines":["[Object]","[Object]","[Object]"],"...":"4 items not stringified"}) in 191ms lib/modules/documentos/adapters/driving/formula-import-actions.ts
[WebServer]  POST /pedidos?pageSize=25&sort=createdAt%3Adesc 200 in 625ms (next.js: 171ms, proxy.ts: 43ms, application-code: 411ms)
[WebServer]   └─ ƒ listRecipesAction({"page":1,"pageSize":25,"search":"qc172_e2e_46de91f7f1a24eacb15b7a1e065882a0_sinversiones"}) in 69ms lib/modules/recetas/adapters/driving/recipe-actions.ts
[WebServer]  GET /produccion/formulas/a57393d1-216d-4a24-b1de-0b31198b8a66 200 in 3.1s (next.js: 2.1s, proxy.ts: 44ms, application-code: 896ms)
[WebServer]  GET /pedidos?pageSize=25&sort=createdAt%3Adesc 200 in 3.5s (next.js: 39ms, proxy.ts: 120ms, application-code: 3.4s)
[WebServer]  POST /pedidos?pageSize=25&sort=createdAt%3Adesc 200 in 663ms (next.js: 48ms, proxy.ts: 16ms, application-code: 600ms)
[WebServer]   └─ ƒ getRecipeAction("afb367a4-533a-412e-b898-dbf787555d1e") in 392ms lib/modules/recetas/adapters/driving/recipe-actions.ts
[WebServer]  POST /produccion/formulas/nueva 200 in 745ms (next.js: 208ms, proxy.ts: 299ms, application-code: 238ms)
[WebServer]   └─ ƒ createRecipeAction({"description":null,"lines":["[Object]"],"name":"qc211_e2e_87bfa422c9074abc86e1759a24eda116_receta","...":"3 items not stringified"}) in 186ms lib/modules/recetas/adapters/driving/recipe-actions.ts
[WebServer]  GET /produccion/formulas/importar/3893114e-c98a-4c2d-b766-1f5cc73ba422 200 in 869ms (next.js: 174ms, proxy.ts: 16ms, application-code: 680ms)
[WebServer]  POST /pedidos?pageSize=25&sort=createdAt%3Adesc 200 in 532ms (next.js: 52ms, proxy.ts: 33ms, application-code: 446ms)
[WebServer]   └─ ƒ getRecipeAction("65a4f7c5-700d-4ce1-9e5e-20327182dfb5") in 83ms lib/modules/recetas/adapters/driving/recipe-actions.ts
[WebServer]  POST /pedidos?pageSize=25&sort=createdAt%3Adesc 200 in 626ms (next.js: 97ms, proxy.ts: 103ms, application-code: 427ms)
[WebServer]   └─ ƒ listRecipeVersionsAction("afb367a4-533a-412e-b898-dbf787555d1e") in 69ms lib/modules/recetas/adapters/driving/recipe-actions.ts
[WebServer]  POST /pedidos?pageSize=25&sort=createdAt%3Adesc 200 in 793ms (next.js: 65ms, proxy.ts: 179ms, application-code: 548ms)
[WebServer]   └─ ƒ listRecipeVersionsAction("afb367a4-533a-412e-b898-dbf787555d1e") in 179ms lib/modules/recetas/adapters/driving/recipe-actions.ts
[WebServer]  GET /login 200 in 719ms (next.js: 98ms, proxy.ts: 28ms, application-code: 593ms)
[WebServer]  POST /produccion/formulas/nueva 200 in 339ms (next.js: 62ms, proxy.ts: 114ms, application-code: 163ms)
[WebServer]   └─ ƒ createRecipeAction({"description":null,"lines":["[Object]"],"name":"qc64_e2e_receta_dfab276e9f3b4d66b87ea34529ba1b67","...":"3 items not stringified"}) in 64ms lib/modules/recetas/adapters/driving/recipe-actions.ts
[WebServer]  GET /produccion/formulas 200 in 1586ms (next.js: 60ms, proxy.ts: 32ms, application-code: 1494ms)
[WebServer]  GET /produccion/formulas 200 in 1744ms (next.js: 229ms, proxy.ts: 31ms, application-code: 1485ms)
[WebServer]  GET /produccion/formulas 200 in 993ms (next.js: 75ms, proxy.ts: 53ms, application-code: 864ms)
[WebServer]  GET /produccion/formulas 200 in 847ms (next.js: 127ms, proxy.ts: 62ms, application-code: 658ms)
[WebServer]  POST /pedidos?pageSize=25&sort=createdAt%3Adesc 200 in 126ms (next.js: 35ms, proxy.ts: 31ms, application-code: 60ms)
[WebServer]   └─ ƒ listRecipesAction({"page":1,"pageSize":25,"search":"qc172_e2e_46de91f7f1a24eacb15b7a1e065882a0_original"}) in 32ms lib/modules/recetas/adapters/driving/recipe-actions.ts
[WebServer] [browser] A tree hydrated but some attributes of the server rendered HTML didn't match the client properties. This won't be patched up. This can happen if a SSR-ed Client Component used:
[WebServer] 
[WebServer] - A server/client branch `if (typeof window !== 'undefined')`.
[WebServer] - Variable input such as `Date.now()` or `Math.random()` which changes each time it's called.
[WebServer] - Date formatting in a user's locale which doesn't match the server.
[WebServer] - External changing data without sending a snapshot of it along with the HTML.
[WebServer] - Invalid HTML tag nesting.
[WebServer] 
[WebServer] It can also happen if the client has a browser extension installed which messes with the HTML before React loaded.
[WebServer] 
[WebServer] https://react.dev/link/hydration-mismatch
[WebServer] 
[WebServer]   ...
[WebServer]     <FormulaImportPage>
[WebServer]       <div className="flex flex-...">
[WebServer]         <h1>
[WebServer]         <FormulaImportReview documentFileId="3893114e-c..." units={[...]} initialProductPage={{items:[...], ...}} ...>
[WebServer]           <div className="flex flex-..." data-testid="formula-im...">
[WebServer]             <div>
[WebServer]             <FormulaNameClash>
[WebServer]             <div>
[WebServer]             <div>
[WebServer]             <p>
[WebServer]             ...
[WebServer]               <DndContext sensors={[...]} collisionDetection={function closestCenter} accessibility={{...}} ...>
[WebServer]                 <SortableContext items={[...]} strategy={function verticalListSortingStrategy}>
[WebServer]                   <ol className="flex flex-..." data-testid="recipe-ste...">
[WebServer]                     <RecipeStepRow step={{key:"formu...", ...}} index={0} total={3} testIdPrefix="recipe-step" ...>
[WebServer]                       <li ref={function useCombinedRefs.useMemo} style={{...}} data-testid="recipe-ste..." ...>
[WebServer]                         <button
[WebServer]                           type="button"
[WebServer]                           role="button"
[WebServer]                           tabIndex={0}
[WebServer]                           aria-disabled={false}
[WebServer]                           aria-pressed={undefined}
[WebServer]                           aria-roledescription="sortable"
[WebServer] +                         aria-describedby="DndDescribedBy-0"
[WebServer] -                         aria-describedby="DndDescribedBy-10"
[WebServer]                           onPointerDown={function useSyntheticListeners.useMemo}
[WebServer]                           onKeyDown={function useSyntheticListeners.useMemo}
[WebServer]                           className="min-h-11 min-w-11 flex shrink-0 touch-none items-center justify-center rounded-lg..."
[WebServer]                           aria-label="Arrastrar el paso en la posición 1 de 3"
[WebServer]                           data-testid="recipe-step-handle-0"
[WebServer]                         >
[WebServer]                         ...
[WebServer]                     <RecipeStepRow step={{key:"formu...", ...}} index={1} total={3} testIdPrefix="recipe-step" ...>
[WebServer]                       <li ref={function useCombinedRefs.useMemo} style={{...}} data-testid="recipe-ste..." ...>
[WebServer]                         <button
[WebServer]                           type="button"
[WebServer]                           role="button"
[WebServer]                           tabIndex={0}
[WebServer]                           aria-disabled={false}
[WebServer]                           aria-pressed={undefined}
[WebServer]                           aria-roledescription="sortable"
[WebServer] +                         aria-describedby="DndDescribedBy-0"
[WebServer] -                         aria-describedby="DndDescribedBy-10"
[WebServer]                           onPointerDown={function useSyntheticListeners.useMemo}
[WebServer]                           onKeyDown={function useSyntheticListeners.useMemo}
[WebServer]                           className="min-h-11 min-w-11 flex shrink-0 touch-none items-center justify-center rounded-lg..."
[WebServer]                           aria-label="Arrastrar el paso en la posición 2 de 3"
[WebServer]                           data-testid="recipe-step-handle-1"
[WebServer]                         >
[WebServer]                         ...
[WebServer]                     <RecipeStepRow step={{key:"formu...", ...}} index={2} total={3} testIdPrefix="recipe-step" ...>
[WebServer]                       <li ref={function useCombinedRefs.useMemo} style={{...}} data-testid="recipe-ste..." ...>
[WebServer]                         <button
[WebServer]                           type="button"
[WebServer]                           role="button"
[WebServer]                           tabIndex={0}
[WebServer]                           aria-disabled={false}
[WebServer]                           aria-pressed={undefined}
[WebServer]                           aria-roledescription="sortable"
[WebServer] +                         aria-describedby="DndDescribedBy-0"
[WebServer] -                         aria-describedby="DndDescribedBy-10"
[WebServer]                           onPointerDown={function useSyntheticListeners.useMemo}
[WebServer]                           onKeyDown={function useSyntheticListeners.useMemo}
[WebServer]                           className="min-h-11 min-w-11 flex shrink-0 touch-none items-center justify-center rounded-lg..."
[WebServer]                           aria-label="Arrastrar el paso en la posición 3 de 3"
[WebServer]                           data-testid="recipe-step-handle-2"
[WebServer]                         >
[WebServer]                         ...
[WebServer]                 ...
[WebServer]                 ...
[WebServer]             ...
[WebServer]               <DndContext sensors={[...]} collisionDetection={function closestCenter} accessibility={{...}} ...>
[WebServer]                 <SortableContext items={[...]} strategy={function verticalListSortingStrategy}>
[WebServer]                   <ol className="flex flex-..." data-testid="recipe-pac...">
[WebServer]                     <RecipeStepRow step={{key:"formu...", ...}} index={0} total={2} testIdPrefix="recipe-pac..." ...>
[WebServer]                       <li ref={function useCombinedRefs.useMemo} style={{...}} data-testid="recipe-pac..." ...>
[WebServer]                         <button
[WebServer]                           type="button"
[WebServer]                           role="button"
[WebServer]                           tabIndex={0}
[WebServer]                           aria-disabled={false}
[WebServer]                           aria-pressed={undefined}
[WebServer]                           aria-roledescription="sortable"
[WebServer] +                         aria-describedby="DndDescribedBy-2"
[WebServer] -                         aria-describedby="DndDescribedBy-11"
[WebServer]                           onPointerDown={function useSyntheticListeners.useMemo}
[WebServer]                           onKeyDown={function useSyntheticListeners.useMemo}
[WebServer]                           className="min-h-11 min-w-11 flex shrink-0 touch-none items-center justify-center rounded-lg..."
[WebServer]                           aria-label="Arrastrar el paso en la posición 1 de 2"
[WebServer]                           data-testid="recipe-packing-step-handle-0"
[WebServer]                         >
[WebServer]                         ...
[WebServer]                     <RecipeStepRow step={{key:"formu...", ...}} index={1} total={2} testIdPrefix="recipe-pac..." ...>
[WebServer]                       <li ref={function useCombinedRefs.useMemo} style={{...}} data-testid="recipe-pac..." ...>
[WebServer]                         <button
[WebServer]                           type="button"
[WebServer]                           role="button"
[WebServer]                           tabIndex={0}
[WebServer]                           aria-disabled={false}
[WebServer]                           aria-pressed={undefined}
[WebServer]                           aria-roledescription="sortable"
[WebServer] +                         aria-describedby="DndDescribedBy-2"
[WebServer] -                         aria-describedby="DndDescribedBy-11"
[WebServer]                           onPointerDown={function useSyntheticListeners.useMemo}
[WebServer]                           onKeyDown={function useSyntheticListeners.useMemo}
[WebServer]                           className="min-h-11 min-w-11 flex shrink-0 touch-none items-center justify-center rounded-lg..."
[WebServer]                           aria-label="Arrastrar el paso en la posición 2 de 2"
[WebServer]                           data-testid="recipe-packing-step-handle-1"
[WebServer]                         >
[WebServer]                         ...
[WebServer]                 ...
[WebServer]                 ...
[WebServer]             ...
[WebServer]  
[WebServer]  POST /pedidos?pageSize=25&sort=createdAt%3Adesc 200 in 565ms (next.js: 58ms, proxy.ts: 97ms, application-code: 410ms)
[WebServer]   └─ ƒ getRecipeAction("c134b18d-ee50-406b-8fe8-9b48ac545834") in 240ms lib/modules/recetas/adapters/driving/recipe-actions.ts
[WebServer]  GET /login 200 in 1321ms (next.js: 59ms, proxy.ts: 20ms, application-code: 1242ms)
[WebServer]  POST /produccion/formulas/importar/3893114e-c98a-4c2d-b766-1f5cc73ba422 200 in 1514ms (next.js: 201ms, proxy.ts: 141ms, application-code: 1171ms)
[WebServer]   └─ ƒ previewFormulaImportAction({"documentFileId":"3893114e-c98a-4c2d-b766-1f5cc73ba422","name":"qc159_e2e_renombrada_7b22b9a730d0404aa8d20484819dc270"}) in 232ms lib/modules/documentos/adapters/driving/formula-import-actions.ts
[WebServer]  GET /asignacion 200 in 2.2s (next.js: 41ms, proxy.ts: 84ms, application-code: 2.0s)
[WebServer]  POST /pedidos?pageSize=25&sort=createdAt%3Adesc 200 in 1124ms (next.js: 728ms, proxy.ts: 75ms, application-code: 321ms)
[WebServer]   └─ ƒ listRecipeVersionsAction("c134b18d-ee50-406b-8fe8-9b48ac545834") in 214ms lib/modules/recetas/adapters/driving/recipe-actions.ts
[WebServer]  GET /produccion/formulas?pageSize=25 200 in 1345ms (next.js: 25ms, proxy.ts: 72ms, application-code: 1248ms)
[WebServer]  POST /login 200 in 2.6s (next.js: 8ms, proxy.ts: 10ms, application-code: 2.6s)
[WebServer]   └─ ƒ loginAction({"status":"idle"}, {}) in 203ms lib/modules/identity/adapters/driving/login-action.ts
[WebServer]  POST /pedidos?pageSize=25&sort=createdAt%3Adesc 200 in 351ms (next.js: 90ms, proxy.ts: 47ms, application-code: 214ms)
[WebServer]   └─ ƒ listRecipeVersionsAction("c134b18d-ee50-406b-8fe8-9b48ac545834") in 105ms lib/modules/recetas/adapters/driving/recipe-actions.ts
[WebServer]  GET /asignacion?vista=por_empacar 200 in 1368ms (next.js: 11ms, proxy.ts: 12ms, application-code: 1346ms)
[WebServer]  GET /produccion/formulas/2cd15d35-83ae-48c9-a00f-6bd5f797b4b2 200 in 976ms (next.js: 485ms, proxy.ts: 34ms, application-code: 457ms)
[WebServer]  GET /asignacion 200 in 1271ms (next.js: 78ms, proxy.ts: 21ms, application-code: 1171ms)
[WebServer]  POST /login 200 in 2.1s (next.js: 61ms, proxy.ts: 17ms, application-code: 2.0s)
[WebServer]   └─ ƒ loginAction({"status":"idle"}, {}) in 471ms lib/modules/identity/adapters/driving/login-action.ts
[WebServer]  POST /produccion/formulas/importar/3893114e-c98a-4c2d-b766-1f5cc73ba422 200 in 1220ms (next.js: 202ms, proxy.ts: 42ms, application-code: 977ms)
[WebServer]   └─ ƒ confirmFormulaImportAction({"description":null,"documentFileId":"3893114e-c98a-4c2d-b766-1f5cc73ba422","lines":["[Object]","[Object]","[Object]"],"...":"4 items not stringified"}) in 230ms lib/modules/documentos/adapters/driving/formula-import-actions.ts
[WebServer]  POST /pedidos?pageSize=25&sort=createdAt%3Adesc 200 in 560ms (next.js: 257ms, proxy.ts: 28ms, application-code: 275ms)
[WebServer]   └─ ƒ getRecipeAction("ff5106b3-9094-4d7b-a7a2-1a1ddabe5848") in 197ms lib/modules/recetas/adapters/driving/recipe-actions.ts
[WebServer]  GET /asignacion/empaque/e82417e2-8934-4290-a96e-10ab805e72ac 200 in 1012ms (next.js: 249ms, proxy.ts: 83ms, application-code: 680ms)
[WebServer]  POST /pedidos?pageSize=25&sort=createdAt%3Adesc 200 in 259ms (next.js: 37ms, proxy.ts: 21ms, application-code: 201ms)
[WebServer]   └─ ƒ quoteOrderCostAction({"quantity":"1000","recipeId":"ff5106b3-9094-4d7b-a7a2-1a1ddabe5848"}) in 147ms lib/modules/pedidos/adapters/driving/order-actions.ts
  ✓  13 [webkit] › e2e\formula-desde-pdf.spec.ts:276:7 › formula-desde-pdf › sube un PDF de fórmula, reemplaza una receta con el mismo nombre y luego renombra para crear una nueva (R1, R11, R12, R14, R17, R18, R19, R25, R39) (45.2s)
[WebServer]  POST /asignacion/empaque/e82417e2-8934-4290-a96e-10ab805e72ac 200 in 437ms (next.js: 32ms, proxy.ts: 13ms, application-code: 393ms)
[WebServer]   └─ ƒ startPackingAction({"status":"success"}, {}) in 44ms lib/modules/asignaciones/adapters/driving/order-packing-actions.ts
[WebServer]  GET /asignacion/d716217a-9347-4e7a-ba73-1139371a831e 200 in 463ms (next.js: 90ms, proxy.ts: 13ms, application-code: 360ms)
  ✓  15 [webkit] › e2e\recetas-pasos.spec.ts:307:7 › editor y lectura de pasos › el Administrador redacta un paso con negrilla y lista de verificacion, lo guarda, lo reabre igual y recorre la vista previa hasta Finalizar (R28) (37.1s)
[WebServer]  POST /pedidos?pageSize=25&sort=createdAt%3Adesc 200 in 63ms (next.js: 9ms, proxy.ts: 7ms, application-code: 47ms)
[WebServer]   └─ ƒ quoteOrderPresentationAvailabilityAction({"presentationLines":[],"quantity":"1000","unitId":"b7a8f4c4-4738-44ec-899c-b73105c84658"}) in 24ms lib/modules/pedidos/adapters/driving/order-actions.ts
[WebServer]  POST /pedidos?pageSize=25&sort=createdAt%3Adesc 200 in 124ms (next.js: 20ms, proxy.ts: 16ms, application-code: 88ms)
[WebServer]   └─ ƒ listProductsAction({"filters":{"presentationUnitId":"[Object]","type":"[Object]"},"page":1,"pageSize":25}) in 61ms lib/modules/inventario/adapters/driving/product-actions.ts
[WebServer]  GET /asignacion?vista=por_empacar&empacado=2026-0972610 200 in 265ms (next.js: 7ms, proxy.ts: 7ms, application-code: 251ms)
[WebServer]  POST /pedidos?pageSize=25&sort=createdAt%3Adesc 200 in 172ms (next.js: 19ms, proxy.ts: 79ms, application-code: 75ms)
[WebServer]   └─ ƒ listProductsAction({"filters":{"presentationUnitId":"[Object]","type":"[Object]"},"page":1,"pageSize":25,"...":"1 item not stringified"}) in 49ms lib/modules/inventario/adapters/driving/product-actions.ts
[WebServer]  POST /asignacion/empaque/e82417e2-8934-4290-a96e-10ab805e72ac 200 in 744ms (next.js: 66ms, proxy.ts: 17ms, application-code: 660ms)
[WebServer]   └─ ƒ finishPackingAction({"status":"success"}, {}) in 357ms lib/modules/asignaciones/adapters/driving/order-packing-actions.ts
[WebServer]  GET /asignacion?vista=terminados 200 in 219ms (next.js: 10ms, proxy.ts: 12ms, application-code: 197ms)
  ✓  12 [webkit] › e2e\empaque.spec.ts:568:7 › el recorrido de empaque (R48) › el Operario finaliza y queda Por empacar, no ve la pestaña, Pedidos no lo deja cancelar, y el Empacador lo comienza, lo termina y lo ve en Terminados (56.9s)
[WebServer]  POST /pedidos?pageSize=25&sort=createdAt%3Adesc 200 in 46ms (next.js: 5ms, proxy.ts: 5ms, application-code: 35ms)
[WebServer]   └─ ƒ quoteOrderPresentationAvailabilityAction({"presentationLines":["[Object]"],"quantity":"1000","unitId":"b7a8f4c4-4738-44ec-899c-b73105c84658"}) in 26ms lib/modules/pedidos/adapters/driving/order-actions.ts
[WebServer]  POST /pedidos?pageSize=25&sort=createdAt%3Adesc 200 in 49ms (next.js: 5ms, proxy.ts: 6ms, application-code: 38ms)
[WebServer]   └─ ƒ quoteOrderCostAction({"presentationLines":["[Object]"],"quantity":"1000","recipeId":"ff5106b3-9094-4d7b-a7a2-1a1ddabe5848"}) in 30ms lib/modules/pedidos/adapters/driving/order-actions.ts
[WebServer]  POST /pedidos?pageSize=25&sort=createdAt%3Adesc 200 in 123ms (next.js: 6ms, proxy.ts: 6ms, application-code: 112ms)
[WebServer]   └─ ƒ createOrderAction({"status":"idle"}, {}) in 98ms lib/modules/pedidos/adapters/driving/order-actions.ts
[WebServer]  GET /pedidos?pageSize=25&sort=createdAt%3Adesc 200 in 304ms (next.js: 14ms, proxy.ts: 5ms, application-code: 285ms)
  ✓  16 [webkit] › e2e\versiones-de-receta.spec.ts:317:7 › version de receta en el pedido › R44, R30 - el pedido con una version guarda la version y reserva sus lineas, no las de la original (42.7s)
[WebServer]  GET /asignacion?entregado=2026-0922648 200 in 143ms (next.js: 4ms, proxy.ts: 4ms, application-code: 134ms)
[WebServer]  POST /asignacion/d716217a-9347-4e7a-ba73-1139371a831e 200 in 272ms (next.js: 23ms, proxy.ts: 9ms, application-code: 239ms)
[WebServer]   └─ ƒ finishAssignedOrderAction({"status":"success"}, {}) in 83ms lib/modules/asignaciones/adapters/driving/order-execution-actions.ts
[WebServer]  GET /login 200 in 81ms (next.js: 3ms, proxy.ts: 3ms, application-code: 74ms)
[WebServer]  GET /asignacion 200 in 122ms (next.js: 4ms, proxy.ts: 4ms, application-code: 115ms)
[WebServer]  POST /login 200 in 273ms (next.js: 4ms, proxy.ts: 5ms, application-code: 264ms)
[WebServer]   └─ ƒ loginAction({"status":"idle"}, {}) in 117ms lib/modules/identity/adapters/driving/login-action.ts
[WebServer]  GET /asignacion?vista=por_empacar 200 in 337ms (next.js: 5ms, proxy.ts: 5ms, application-code: 327ms)
[WebServer]  GET /asignacion/empaque/d716217a-9347-4e7a-ba73-1139371a831e 200 in 123ms (next.js: 20ms, proxy.ts: 5ms, application-code: 98ms)
[WebServer]  POST /asignacion/empaque/d716217a-9347-4e7a-ba73-1139371a831e 200 in 253ms (next.js: 17ms, proxy.ts: 13ms, application-code: 223ms)
[WebServer]   └─ ƒ startPackingAction({"status":"success"}, {}) in 28ms lib/modules/asignaciones/adapters/driving/order-packing-actions.ts
[WebServer]  GET /asignacion?vista=por_empacar&empacado=2026-0922648 200 in 341ms (next.js: 16ms, proxy.ts: 16ms, application-code: 310ms)
[WebServer]  POST /asignacion/empaque/d716217a-9347-4e7a-ba73-1139371a831e 200 in 803ms (next.js: 57ms, proxy.ts: 21ms, application-code: 726ms)
[WebServer]   └─ ƒ finishPackingAction({"status":"success"}, {}) in 351ms lib/modules/asignaciones/adapters/driving/order-packing-actions.ts
  ✓  14 [webkit] › e2e\pasos-de-envasado.spec.ts:429:7 › pasos de envasado de punta a punta (R32) › R32: el Administrador crea la formula con pasos de envasado, el operador no los ve, y el empacador los recorre tras Comenzar y termina sin ver los del operador (1.1m)

  16 passed (2.7m)
