[WebServer] 
[WebServer] > quimicloude@0.1.0 dev C:\Users\Cristian\Documents\trabajo\arc\labs\.worktrees\QC-172-versiones-de-receta
[WebServer] > next dev "--port" "3117"
[WebServer] 
[WebServer] ▲ Next.js 16.3.0 (Turbopack)
[WebServer] - Local:         http://localhost:3117
[WebServer] - Network:       http://172.29.16.1:3117
[WebServer] - Environments: .env
[WebServer] ✓ Ready in 9.4s
[WebServer] ✓ Running next.config.ts took 191ms
[WebServer] ⚠ The "middleware" file convention is deprecated. Please use "proxy" instead.
[WebServer] 
[WebServer]   To migrate automatically, run:
[WebServer]   npx @next/codemod@canary middleware-to-proxy .
[WebServer] 
[WebServer]   Learn more: https://nextjs.org/docs/messages/middleware-to-proxy
[WebServer] 
[WebServer]  GET / 200 in 4.0s (next.js: 3.2s, proxy.ts: 337ms, application-code: 496ms)

Running 2 tests using 2 workers

[WebServer]  GET /login 200 in 1109ms (next.js: 361ms, proxy.ts: 8ms, application-code: 739ms)
[WebServer]  GET /login 200 in 291ms (next.js: 17ms, proxy.ts: 39ms, application-code: 234ms)
[WebServer]  GET /dashboard 200 in 376ms (next.js: 107ms, proxy.ts: 22ms, application-code: 247ms)
[WebServer]  GET /dashboard 200 in 373ms (next.js: 216ms, proxy.ts: 20ms, application-code: 137ms)
[WebServer]  POST /login 200 in 1870ms (next.js: 9ms, proxy.ts: 13ms, application-code: 1848ms)
[WebServer]   └─ ƒ loginAction({"status":"idle"}, {}) in 495ms lib/modules/identity/adapters/driving/login-action.ts
[WebServer]  POST /login 200 in 850ms (next.js: 9ms, proxy.ts: 58ms, application-code: 784ms)
[WebServer]   └─ ƒ loginAction({"status":"idle"}, {}) in 305ms lib/modules/identity/adapters/driving/login-action.ts
[WebServer]  GET /pedidos?pageSize=25&sort=createdAt%3Adesc 200 in 2.7s (next.js: 97ms, proxy.ts: 16ms, application-code: 2.6s)
[WebServer]  GET /pedidos?pageSize=25&sort=createdAt%3Adesc 200 in 2.1s (next.js: 14ms, proxy.ts: 483ms, application-code: 1631ms)
[WebServer]  POST /pedidos?pageSize=25&sort=createdAt%3Adesc 200 in 80ms (next.js: 9ms, proxy.ts: 13ms, application-code: 58ms)
[WebServer]   └─ ƒ listRecipesAction({"page":1,"pageSize":25,"search":"qc172_e2e_809517b735d14314b41e4ce1318443e6_sinversiones"}) in 27ms lib/modules/recetas/adapters/driving/recipe-actions.ts
[WebServer]  POST /pedidos?pageSize=25&sort=createdAt%3Adesc 200 in 84ms (next.js: 11ms, proxy.ts: 10ms, application-code: 63ms)
[WebServer]   └─ ƒ getRecipeAction("2cae6d79-2970-40e8-852b-062109d2bd0d") in 41ms lib/modules/recetas/adapters/driving/recipe-actions.ts
[WebServer]  POST /pedidos?pageSize=25&sort=createdAt%3Adesc 200 in 69ms (next.js: 9ms, proxy.ts: 11ms, application-code: 50ms)
[WebServer]   └─ ƒ listRecipeVersionsAction("2cae6d79-2970-40e8-852b-062109d2bd0d") in 37ms lib/modules/recetas/adapters/driving/recipe-actions.ts
[WebServer]  POST /pedidos?pageSize=25&sort=createdAt%3Adesc 200 in 53ms (next.js: 10ms, proxy.ts: 8ms, application-code: 35ms)
[WebServer]   └─ ƒ listRecipeVersionsAction("2cae6d79-2970-40e8-852b-062109d2bd0d") in 16ms lib/modules/recetas/adapters/driving/recipe-actions.ts
[WebServer]  POST /pedidos?pageSize=25&sort=createdAt%3Adesc 200 in 77ms (next.js: 15ms, proxy.ts: 11ms, application-code: 51ms)
[WebServer]   └─ ƒ listRecipesAction({"page":1,"pageSize":25,"search":"qc172_e2e_809517b735d14314b41e4ce1318443e6_original"}) in 33ms lib/modules/recetas/adapters/driving/recipe-actions.ts
[WebServer]  POST /pedidos?pageSize=25&sort=createdAt%3Adesc 200 in 36ms (next.js: 7ms, proxy.ts: 6ms, application-code: 23ms)
[WebServer]   └─ ƒ listRecipesAction({"page":1,"pageSize":25,"search":"qc172_e2e_78a58334ffd14b1eadca0b67044322d9_sinversiones"}) in 13ms lib/modules/recetas/adapters/driving/recipe-actions.ts
[WebServer]  POST /pedidos?pageSize=25&sort=createdAt%3Adesc 200 in 77ms (next.js: 10ms, proxy.ts: 9ms, application-code: 58ms)
[WebServer]   └─ ƒ getRecipeAction("614b8f68-fb75-4729-b373-2d38de36b815") in 41ms lib/modules/recetas/adapters/driving/recipe-actions.ts
[WebServer]  POST /pedidos?pageSize=25&sort=createdAt%3Adesc 200 in 78ms (next.js: 12ms, proxy.ts: 7ms, application-code: 59ms)
[WebServer]   └─ ƒ listRecipeVersionsAction("614b8f68-fb75-4729-b373-2d38de36b815") in 32ms lib/modules/recetas/adapters/driving/recipe-actions.ts
[WebServer]  POST /pedidos?pageSize=25&sort=createdAt%3Adesc 200 in 80ms (next.js: 9ms, proxy.ts: 13ms, application-code: 59ms)
[WebServer]   └─ ƒ listRecipeVersionsAction("614b8f68-fb75-4729-b373-2d38de36b815") in 41ms lib/modules/recetas/adapters/driving/recipe-actions.ts
[WebServer]  POST /pedidos?pageSize=25&sort=createdAt%3Adesc 200 in 68ms (next.js: 11ms, proxy.ts: 11ms, application-code: 46ms)
[WebServer]   └─ ƒ getRecipeAction("04318612-a88e-4e39-b45d-56faa1e51cf5") in 32ms lib/modules/recetas/adapters/driving/recipe-actions.ts
[WebServer]  POST /pedidos?pageSize=25&sort=createdAt%3Adesc 200 in 58ms (next.js: 8ms, proxy.ts: 11ms, application-code: 39ms)
[WebServer]   └─ ƒ listRecipeVersionsAction("04318612-a88e-4e39-b45d-56faa1e51cf5") in 26ms lib/modules/recetas/adapters/driving/recipe-actions.ts
[WebServer]  POST /pedidos?pageSize=25&sort=createdAt%3Adesc 200 in 70ms (next.js: 6ms, proxy.ts: 8ms, application-code: 56ms)
[WebServer]   └─ ƒ listRecipeVersionsAction("04318612-a88e-4e39-b45d-56faa1e51cf5") in 41ms lib/modules/recetas/adapters/driving/recipe-actions.ts
[WebServer]  POST /pedidos?pageSize=25&sort=createdAt%3Adesc 200 in 70ms (next.js: 11ms, proxy.ts: 18ms, application-code: 41ms)
[WebServer]   └─ ƒ getRecipeAction("0c8fb588-5d9e-4a9c-b91e-f5977994f3a4") in 30ms lib/modules/recetas/adapters/driving/recipe-actions.ts
[WebServer]  POST /pedidos?pageSize=25&sort=createdAt%3Adesc 200 in 105ms (next.js: 16ms, proxy.ts: 10ms, application-code: 79ms)
[WebServer]   └─ ƒ listPresentationsAction({"page":1,"pageSize":25}) in 49ms lib/modules/inventario/adapters/driving/presentation-actions.ts
[WebServer]  POST /pedidos?pageSize=25&sort=createdAt%3Adesc 200 in 44ms (next.js: 6ms, proxy.ts: 10ms, application-code: 28ms)
[WebServer]   └─ ƒ listPresentationsAction({"page":1,"pageSize":25,"search":"qc172_e2e_809517b735d14314b41e4ce1318443e6_presentacion"}) in 14ms lib/modules/inventario/adapters/driving/presentation-actions.ts
[WebServer]  POST /pedidos?pageSize=25&sort=createdAt%3Adesc 200 in 208ms (next.js: 6ms, proxy.ts: 13ms, application-code: 190ms)
[WebServer]   └─ ƒ createOrderAction({"status":"idle"}, {}) in 177ms lib/modules/pedidos/adapters/driving/order-actions.ts
[WebServer]  POST /pedidos?pageSize=25&sort=createdAt%3Adesc 200 in 81ms (next.js: 13ms, proxy.ts: 11ms, application-code: 57ms)
[WebServer]   └─ ƒ quoteOrderCostAction({"quantity":"1000","recipeId":"0c8fb588-5d9e-4a9c-b91e-f5977994f3a4"}) in 43ms lib/modules/pedidos/adapters/driving/order-actions.ts
[WebServer]  POST /pedidos?pageSize=25&sort=createdAt%3Adesc 200 in 55ms (next.js: 7ms, proxy.ts: 7ms, application-code: 40ms)
[WebServer]   └─ ƒ listRecipesAction({"page":1,"pageSize":25,"search":"qc172_e2e_78a58334ffd14b1eadca0b67044322d9_original"}) in 27ms lib/modules/recetas/adapters/driving/recipe-actions.ts
[WebServer]  GET /pedidos?pageSize=25&sort=createdAt%3Adesc 200 in 415ms (next.js: 7ms, proxy.ts: 5ms, application-code: 403ms)
  ✓  1 [chromium] › e2e\versiones-de-receta.spec.ts:295:7 › version de receta en el pedido › R44, R30 - el pedido con una version guarda la version y reserva sus lineas, no las de la original (13.8s)
[WebServer]  POST /pedidos?pageSize=25&sort=createdAt%3Adesc 200 in 132ms (next.js: 14ms, proxy.ts: 14ms, application-code: 104ms)
[WebServer]   └─ ƒ getRecipeAction("f5358696-bd0a-4d39-891b-c866ec9712e1") in 83ms lib/modules/recetas/adapters/driving/recipe-actions.ts
[WebServer]  POST /pedidos?pageSize=25&sort=createdAt%3Adesc 200 in 46ms (next.js: 7ms, proxy.ts: 8ms, application-code: 31ms)
[WebServer]   └─ ƒ listRecipeVersionsAction("f5358696-bd0a-4d39-891b-c866ec9712e1") in 19ms lib/modules/recetas/adapters/driving/recipe-actions.ts
[WebServer]  POST /pedidos?pageSize=25&sort=createdAt%3Adesc 200 in 54ms (next.js: 6ms, proxy.ts: 9ms, application-code: 40ms)
[WebServer]   └─ ƒ listRecipeVersionsAction("f5358696-bd0a-4d39-891b-c866ec9712e1") in 30ms lib/modules/recetas/adapters/driving/recipe-actions.ts
[WebServer]  POST /pedidos?pageSize=25&sort=createdAt%3Adesc 200 in 48ms (next.js: 6ms, proxy.ts: 7ms, application-code: 35ms)
[WebServer]   └─ ƒ getRecipeAction("5bafcbcc-3393-4455-8343-52537df31c4a") in 22ms lib/modules/recetas/adapters/driving/recipe-actions.ts
[WebServer]  POST /pedidos?pageSize=25&sort=createdAt%3Adesc 200 in 86ms (next.js: 11ms, proxy.ts: 17ms, application-code: 58ms)
[WebServer]   └─ ƒ listPresentationsAction({"page":1,"pageSize":25}) in 41ms lib/modules/inventario/adapters/driving/presentation-actions.ts
[WebServer]  POST /pedidos?pageSize=25&sort=createdAt%3Adesc 200 in 115ms (next.js: 10ms, proxy.ts: 8ms, application-code: 97ms)
[WebServer]   └─ ƒ listPresentationsAction({"page":1,"pageSize":25,"search":"qc172_e2e_78a58334ffd14b1eadca0b67044322d9_presentacion"}) in 83ms lib/modules/inventario/adapters/driving/presentation-actions.ts
[WebServer]  POST /pedidos?pageSize=25&sort=createdAt%3Adesc 200 in 110ms (next.js: 5ms, proxy.ts: 8ms, application-code: 97ms)
[WebServer]   └─ ƒ quoteOrderCostAction({"quantity":"1000","recipeId":"5bafcbcc-3393-4455-8343-52537df31c4a"}) in 82ms lib/modules/pedidos/adapters/driving/order-actions.ts
[WebServer]  POST /pedidos?pageSize=25&sort=createdAt%3Adesc 200 in 131ms (next.js: 8ms, proxy.ts: 8ms, application-code: 115ms)
[WebServer]   └─ ƒ createOrderAction({"status":"idle"}, {}) in 104ms lib/modules/pedidos/adapters/driving/order-actions.ts
[WebServer]  GET /pedidos?pageSize=25&sort=createdAt%3Adesc 200 in 309ms (next.js: 11ms, proxy.ts: 12ms, application-code: 286ms)
  ✓  2 [webkit] › e2e\versiones-de-receta.spec.ts:295:7 › version de receta en el pedido › R44, R30 - el pedido con una version guarda la version y reserva sus lineas, no las de la original (21.9s)

  2 passed (1.1m)
