// Vitest Snapshot v1, https://vitest.dev/guide/snapshot.html

exports[`paridad de la vitrina de proveedores (R20) > R1 R2 R20 — error de catalogo, y «Reintentar» hace lo de hoy 1`] = `
"
div role=generic
  div role=generic class="flex flex-1 flex-col gap-4 md:p-6 p-4"
    div role=generic class="flex flex-wrap gap-2 items-center justify-between"
      h1 role=heading name="Proveedores" data-testid="proveedores-title" class="font-semibold text-2xl"
        "Proveedores"
      button role=button name="Nuevo proveedor" aria-expanded="false" aria-haspopup="dialog" data-testid="supplier-create-open" type="button" class="[&_svg:not([class*='size-'])]:size-4 [&_svg]:pointer-events-none [&_svg]:shrink-0 active:not-aria-[haspopup]:scale-[0.98] aria-invalid:border-destructive aria-invalid:ring-3 aria-invalid:ring-destructive/20 bg-clip-padding bg-primary border border-transparent btn-shine cursor-pointer dark:aria-invalid:border-destructive/50 dark:aria-invalid:ring-destructive/40 disabled:opacity-50 disabled:pointer-events-none focus-visible:outline-2 focus-visible:outline-offset-2 focus-visible:outline-ring focus-visible:outline-solid font-medium gap-1.5 group/button h-8 has-data-[icon=inline-end]:pr-2 has-data-[icon=inline-start]:pl-2 inline-flex items-center justify-center min-h-11 min-w-11 outline-none px-2.5 rounded-lg select-none shrink-0 text-primary-foreground text-sm transition-all whitespace-nowrap"
        svg aria-hidden="true" height="24" width="24" class="lucide lucide-plus"
        "Nuevo proveedor"
    div role=generic data-testid="supplier-showcase-filters" class="flex flex-wrap gap-3 items-end"
      div role=generic class="flex flex-col gap-1"
        label class="text-muted-foreground text-xs"
          "Producto"
        input role=searchbox name="Producto" data-testid="supplier-showcase-product-filter" type="search" class="aria-invalid:border-destructive aria-invalid:ring-3 aria-invalid:ring-destructive/20 bg-transparent border border-input dark:aria-invalid:border-destructive/50 dark:aria-invalid:ring-destructive/40 dark:bg-input/30 dark:disabled:bg-input/80 disabled:bg-input/50 disabled:cursor-not-allowed disabled:opacity-50 disabled:pointer-events-none file:bg-transparent file:border-0 file:font-medium file:h-6 file:inline-flex file:text-foreground file:text-sm focus-visible:border-ring focus-visible:ring-1 focus-visible:ring-ring h-8 md:text-base min-h-11 min-w-0 outline-none placeholder:text-muted-foreground px-2.5 py-1 rounded-lg text-base transition-colors w-full"
      div role=generic class="flex flex-col gap-1"
        label class="text-muted-foreground text-xs"
          "Proveedor"
        input role=searchbox name="Proveedor" data-testid="supplier-showcase-supplier-filter" type="search" class="aria-invalid:border-destructive aria-invalid:ring-3 aria-invalid:ring-destructive/20 bg-transparent border border-input dark:aria-invalid:border-destructive/50 dark:aria-invalid:ring-destructive/40 dark:bg-input/30 dark:disabled:bg-input/80 disabled:bg-input/50 disabled:cursor-not-allowed disabled:opacity-50 disabled:pointer-events-none file:bg-transparent file:border-0 file:font-medium file:h-6 file:inline-flex file:text-foreground file:text-sm focus-visible:border-ring focus-visible:ring-1 focus-visible:ring-ring h-8 md:text-base min-h-11 min-w-0 outline-none placeholder:text-muted-foreground px-2.5 py-1 rounded-lg text-base transition-colors w-full"
      button role=button name="Limpiar filtros" data-testid="supplier-showcase-filters-clear" type="button" class="[&_svg:not([class*='size-'])]:size-4 [&_svg]:pointer-events-none [&_svg]:shrink-0 active:not-aria-[haspopup]:scale-[0.98] aria-expanded:bg-muted aria-expanded:text-foreground aria-invalid:border-destructive aria-invalid:ring-3 aria-invalid:ring-destructive/20 bg-clip-padding border border-transparent btn-veil cursor-pointer dark:aria-invalid:border-destructive/50 dark:aria-invalid:ring-destructive/40 disabled:opacity-50 disabled:pointer-events-none focus-visible:outline-2 focus-visible:outline-offset-2 focus-visible:outline-ring focus-visible:outline-solid font-medium gap-1.5 group/button h-8 has-data-[icon=inline-end]:pr-2 has-data-[icon=inline-start]:pl-2 inline-flex items-center justify-center min-h-11 outline-none px-2.5 rounded-lg select-none shrink-0 text-sm transition-all whitespace-nowrap"
        "Limpiar filtros"
    div role=alert data-testid="supplier-list-error" class="border border-destructive/40 flex flex-col gap-3 items-start p-4 rounded-lg"
      p role=paragraph class="font-medium text-sm"
        "No se pudo cargar la lista de proveedores."
      p role=paragraph data-testid="supplier-list-error-message" class="text-muted-foreground text-sm"
        "El actor no tiene permiso para realizar esta operacion."
      p role=paragraph data-testid="supplier-list-error-code" class="text-muted-foreground text-xs"
        "unauthorized"
      button role=button name="Reintentar" data-testid="supplier-list-retry" type="button" class="[&_svg:not([class*='size-'])]:size-4 [&_svg]:pointer-events-none [&_svg]:shrink-0 active:not-aria-[haspopup]:scale-[0.98] aria-expanded:bg-muted aria-expanded:text-foreground aria-invalid:border-destructive aria-invalid:ring-3 aria-invalid:ring-destructive/20 bg-background bg-clip-padding border border-border btn-veil cursor-pointer dark:aria-invalid:border-destructive/50 dark:aria-invalid:ring-destructive/40 dark:bg-input/30 dark:border-input disabled:opacity-50 disabled:pointer-events-none focus-visible:outline-2 focus-visible:outline-offset-2 focus-visible:outline-ring focus-visible:outline-solid font-medium gap-1.5 group/button h-8 has-data-[icon=inline-end]:pr-2 has-data-[icon=inline-start]:pl-2 inline-flex items-center justify-center min-h-11 min-w-11 outline-none px-2.5 rounded-lg select-none shrink-0 text-sm transition-all whitespace-nowrap"
        "Reintentar"
"
`;

exports[`paridad de la vitrina de proveedores (R20) > R1 R20 — error inesperado, con su identificador 1`] = `
"
div role=generic
  div role=generic class="flex flex-1 flex-col gap-4 md:p-6 p-4"
    div role=generic class="flex flex-wrap gap-2 items-center justify-between"
      h1 role=heading name="Proveedores" data-testid="proveedores-title" class="font-semibold text-2xl"
        "Proveedores"
      button role=button name="Nuevo proveedor" aria-expanded="false" aria-haspopup="dialog" data-testid="supplier-create-open" type="button" class="[&_svg:not([class*='size-'])]:size-4 [&_svg]:pointer-events-none [&_svg]:shrink-0 active:not-aria-[haspopup]:scale-[0.98] aria-invalid:border-destructive aria-invalid:ring-3 aria-invalid:ring-destructive/20 bg-clip-padding bg-primary border border-transparent btn-shine cursor-pointer dark:aria-invalid:border-destructive/50 dark:aria-invalid:ring-destructive/40 disabled:opacity-50 disabled:pointer-events-none focus-visible:outline-2 focus-visible:outline-offset-2 focus-visible:outline-ring focus-visible:outline-solid font-medium gap-1.5 group/button h-8 has-data-[icon=inline-end]:pr-2 has-data-[icon=inline-start]:pl-2 inline-flex items-center justify-center min-h-11 min-w-11 outline-none px-2.5 rounded-lg select-none shrink-0 text-primary-foreground text-sm transition-all whitespace-nowrap"
        svg aria-hidden="true" height="24" width="24" class="lucide lucide-plus"
        "Nuevo proveedor"
    div role=generic data-testid="supplier-showcase-filters" class="flex flex-wrap gap-3 items-end"
      div role=generic class="flex flex-col gap-1"
        label class="text-muted-foreground text-xs"
          "Producto"
        input role=searchbox name="Producto" data-testid="supplier-showcase-product-filter" type="search" class="aria-invalid:border-destructive aria-invalid:ring-3 aria-invalid:ring-destructive/20 bg-transparent border border-input dark:aria-invalid:border-destructive/50 dark:aria-invalid:ring-destructive/40 dark:bg-input/30 dark:disabled:bg-input/80 disabled:bg-input/50 disabled:cursor-not-allowed disabled:opacity-50 disabled:pointer-events-none file:bg-transparent file:border-0 file:font-medium file:h-6 file:inline-flex file:text-foreground file:text-sm focus-visible:border-ring focus-visible:ring-1 focus-visible:ring-ring h-8 md:text-base min-h-11 min-w-0 outline-none placeholder:text-muted-foreground px-2.5 py-1 rounded-lg text-base transition-colors w-full"
      div role=generic class="flex flex-col gap-1"
        label class="text-muted-foreground text-xs"
          "Proveedor"
        input role=searchbox name="Proveedor" data-testid="supplier-showcase-supplier-filter" type="search" class="aria-invalid:border-destructive aria-invalid:ring-3 aria-invalid:ring-destructive/20 bg-transparent border border-input dark:aria-invalid:border-destructive/50 dark:aria-invalid:ring-destructive/40 dark:bg-input/30 dark:disabled:bg-input/80 disabled:bg-input/50 disabled:cursor-not-allowed disabled:opacity-50 disabled:pointer-events-none file:bg-transparent file:border-0 file:font-medium file:h-6 file:inline-flex file:text-foreground file:text-sm focus-visible:border-ring focus-visible:ring-1 focus-visible:ring-ring h-8 md:text-base min-h-11 min-w-0 outline-none placeholder:text-muted-foreground px-2.5 py-1 rounded-lg text-base transition-colors w-full"
      button role=button name="Limpiar filtros" data-testid="supplier-showcase-filters-clear" type="button" class="[&_svg:not([class*='size-'])]:size-4 [&_svg]:pointer-events-none [&_svg]:shrink-0 active:not-aria-[haspopup]:scale-[0.98] aria-expanded:bg-muted aria-expanded:text-foreground aria-invalid:border-destructive aria-invalid:ring-3 aria-invalid:ring-destructive/20 bg-clip-padding border border-transparent btn-veil cursor-pointer dark:aria-invalid:border-destructive/50 dark:aria-invalid:ring-destructive/40 disabled:opacity-50 disabled:pointer-events-none focus-visible:outline-2 focus-visible:outline-offset-2 focus-visible:outline-ring focus-visible:outline-solid font-medium gap-1.5 group/button h-8 has-data-[icon=inline-end]:pr-2 has-data-[icon=inline-start]:pl-2 inline-flex items-center justify-center min-h-11 outline-none px-2.5 rounded-lg select-none shrink-0 text-sm transition-all whitespace-nowrap"
        "Limpiar filtros"
    div role=alert data-testid="supplier-list-error" class="border border-destructive/40 flex flex-col gap-3 items-start p-4 rounded-lg"
      p role=paragraph class="font-medium text-sm"
        "No se pudo cargar la lista de proveedores."
      div role=generic data-code="unexpected" data-testid="unexpected-error-notice" class="flex flex-col gap-1"
        p role=paragraph data-testid="unexpected-error-notice-message"
          "Ocurrio un error inesperado. Intentalo de nuevo."
        p role=paragraph data-testid="unexpected-error-notice-reference" class="text-xs"
          "Código para soporte:"
          span role=generic class="break-all font-mono select-all"
            "7b1c9f2e-4d3a-4f5b-9c0d-1e2f3a4b5c6d"
      button role=button name="Reintentar" data-testid="supplier-list-retry" type="button" class="[&_svg:not([class*='size-'])]:size-4 [&_svg]:pointer-events-none [&_svg]:shrink-0 active:not-aria-[haspopup]:scale-[0.98] aria-expanded:bg-muted aria-expanded:text-foreground aria-invalid:border-destructive aria-invalid:ring-3 aria-invalid:ring-destructive/20 bg-background bg-clip-padding border border-border btn-veil cursor-pointer dark:aria-invalid:border-destructive/50 dark:aria-invalid:ring-destructive/40 dark:bg-input/30 dark:border-input disabled:opacity-50 disabled:pointer-events-none focus-visible:outline-2 focus-visible:outline-offset-2 focus-visible:outline-ring focus-visible:outline-solid font-medium gap-1.5 group/button h-8 has-data-[icon=inline-end]:pr-2 has-data-[icon=inline-start]:pl-2 inline-flex items-center justify-center min-h-11 min-w-11 outline-none px-2.5 rounded-lg select-none shrink-0 text-sm transition-all whitespace-nowrap"
        "Reintentar"
"
`;

exports[`paridad de la vitrina de proveedores (R20) > R1 R20 — vacio, sin filtro 1`] = `
"
div role=generic
  div role=generic class="flex flex-1 flex-col gap-4 md:p-6 p-4"
    div role=generic class="flex flex-wrap gap-2 items-center justify-between"
      h1 role=heading name="Proveedores" data-testid="proveedores-title" class="font-semibold text-2xl"
        "Proveedores"
      button role=button name="Nuevo proveedor" aria-expanded="false" aria-haspopup="dialog" data-testid="supplier-create-open" type="button" class="[&_svg:not([class*='size-'])]:size-4 [&_svg]:pointer-events-none [&_svg]:shrink-0 active:not-aria-[haspopup]:scale-[0.98] aria-invalid:border-destructive aria-invalid:ring-3 aria-invalid:ring-destructive/20 bg-clip-padding bg-primary border border-transparent btn-shine cursor-pointer dark:aria-invalid:border-destructive/50 dark:aria-invalid:ring-destructive/40 disabled:opacity-50 disabled:pointer-events-none focus-visible:outline-2 focus-visible:outline-offset-2 focus-visible:outline-ring focus-visible:outline-solid font-medium gap-1.5 group/button h-8 has-data-[icon=inline-end]:pr-2 has-data-[icon=inline-start]:pl-2 inline-flex items-center justify-center min-h-11 min-w-11 outline-none px-2.5 rounded-lg select-none shrink-0 text-primary-foreground text-sm transition-all whitespace-nowrap"
        svg aria-hidden="true" height="24" width="24" class="lucide lucide-plus"
        "Nuevo proveedor"
    div role=generic data-testid="supplier-showcase-filters" class="flex flex-wrap gap-3 items-end"
      div role=generic class="flex flex-col gap-1"
        label class="text-muted-foreground text-xs"
          "Producto"
        input role=searchbox name="Producto" data-testid="supplier-showcase-product-filter" type="search" class="aria-invalid:border-destructive aria-invalid:ring-3 aria-invalid:ring-destructive/20 bg-transparent border border-input dark:aria-invalid:border-destructive/50 dark:aria-invalid:ring-destructive/40 dark:bg-input/30 dark:disabled:bg-input/80 disabled:bg-input/50 disabled:cursor-not-allowed disabled:opacity-50 disabled:pointer-events-none file:bg-transparent file:border-0 file:font-medium file:h-6 file:inline-flex file:text-foreground file:text-sm focus-visible:border-ring focus-visible:ring-1 focus-visible:ring-ring h-8 md:text-base min-h-11 min-w-0 outline-none placeholder:text-muted-foreground px-2.5 py-1 rounded-lg text-base transition-colors w-full"
      div role=generic class="flex flex-col gap-1"
        label class="text-muted-foreground text-xs"
          "Proveedor"
        input role=searchbox name="Proveedor" data-testid="supplier-showcase-supplier-filter" type="search" class="aria-invalid:border-destructive aria-invalid:ring-3 aria-invalid:ring-destructive/20 bg-transparent border border-input dark:aria-invalid:border-destructive/50 dark:aria-invalid:ring-destructive/40 dark:bg-input/30 dark:disabled:bg-input/80 disabled:bg-input/50 disabled:cursor-not-allowed disabled:opacity-50 disabled:pointer-events-none file:bg-transparent file:border-0 file:font-medium file:h-6 file:inline-flex file:text-foreground file:text-sm focus-visible:border-ring focus-visible:ring-1 focus-visible:ring-ring h-8 md:text-base min-h-11 min-w-0 outline-none placeholder:text-muted-foreground px-2.5 py-1 rounded-lg text-base transition-colors w-full"
      button role=button name="Limpiar filtros" data-testid="supplier-showcase-filters-clear" type="button" class="[&_svg:not([class*='size-'])]:size-4 [&_svg]:pointer-events-none [&_svg]:shrink-0 active:not-aria-[haspopup]:scale-[0.98] aria-expanded:bg-muted aria-expanded:text-foreground aria-invalid:border-destructive aria-invalid:ring-3 aria-invalid:ring-destructive/20 bg-clip-padding border border-transparent btn-veil cursor-pointer dark:aria-invalid:border-destructive/50 dark:aria-invalid:ring-destructive/40 disabled:opacity-50 disabled:pointer-events-none focus-visible:outline-2 focus-visible:outline-offset-2 focus-visible:outline-ring focus-visible:outline-solid font-medium gap-1.5 group/button h-8 has-data-[icon=inline-end]:pr-2 has-data-[icon=inline-start]:pl-2 inline-flex items-center justify-center min-h-11 outline-none px-2.5 rounded-lg select-none shrink-0 text-sm transition-all whitespace-nowrap"
        "Limpiar filtros"
    div role=generic data-testid="supplier-list-empty" class="border border-dashed flex flex-col gap-3 items-center p-8 rounded-lg text-center"
      p role=paragraph class="text-muted-foreground text-sm"
        "Todavía no hay proveedores dados de alta."
      button role=button name="Nuevo proveedor" aria-expanded="false" aria-haspopup="dialog" data-testid="supplier-create-open" type="button" class="[&_svg:not([class*='size-'])]:size-4 [&_svg]:pointer-events-none [&_svg]:shrink-0 active:not-aria-[haspopup]:scale-[0.98] aria-invalid:border-destructive aria-invalid:ring-3 aria-invalid:ring-destructive/20 bg-clip-padding bg-primary border border-transparent btn-shine cursor-pointer dark:aria-invalid:border-destructive/50 dark:aria-invalid:ring-destructive/40 disabled:opacity-50 disabled:pointer-events-none focus-visible:outline-2 focus-visible:outline-offset-2 focus-visible:outline-ring focus-visible:outline-solid font-medium gap-1.5 group/button h-8 has-data-[icon=inline-end]:pr-2 has-data-[icon=inline-start]:pl-2 inline-flex items-center justify-center min-h-11 min-w-11 outline-none px-2.5 rounded-lg select-none shrink-0 text-primary-foreground text-sm transition-all whitespace-nowrap"
        svg aria-hidden="true" height="24" width="24" class="lucide lucide-plus"
        "Nuevo proveedor"
"
`;

exports[`paridad de la vitrina de proveedores (R20) > R1 — cargando, con el esqueleto propio de la vitrina 1`] = `
"
div role=generic
  div role=generic class="flex flex-1 flex-col gap-4 md:p-6 p-4"
    div role=generic class="flex flex-wrap gap-2 items-center justify-between"
      h1 role=heading name="Proveedores" data-testid="proveedores-title" class="font-semibold text-2xl"
        "Proveedores"
      button role=button name="Nuevo proveedor" aria-expanded="false" aria-haspopup="dialog" data-testid="supplier-create-open" type="button" class="[&_svg:not([class*='size-'])]:size-4 [&_svg]:pointer-events-none [&_svg]:shrink-0 active:not-aria-[haspopup]:scale-[0.98] aria-invalid:border-destructive aria-invalid:ring-3 aria-invalid:ring-destructive/20 bg-clip-padding bg-primary border border-transparent btn-shine cursor-pointer dark:aria-invalid:border-destructive/50 dark:aria-invalid:ring-destructive/40 disabled:opacity-50 disabled:pointer-events-none focus-visible:outline-2 focus-visible:outline-offset-2 focus-visible:outline-ring focus-visible:outline-solid font-medium gap-1.5 group/button h-8 has-data-[icon=inline-end]:pr-2 has-data-[icon=inline-start]:pl-2 inline-flex items-center justify-center min-h-11 min-w-11 outline-none px-2.5 rounded-lg select-none shrink-0 text-primary-foreground text-sm transition-all whitespace-nowrap"
        svg aria-hidden="true" height="24" width="24" class="lucide lucide-plus"
        "Nuevo proveedor"
    div role=generic data-testid="supplier-showcase-filters" class="flex flex-wrap gap-3 items-end"
      div role=generic class="flex flex-col gap-1"
        label class="text-muted-foreground text-xs"
          "Producto"
        input role=searchbox name="Producto" data-testid="supplier-showcase-product-filter" type="search" class="aria-invalid:border-destructive aria-invalid:ring-3 aria-invalid:ring-destructive/20 bg-transparent border border-input dark:aria-invalid:border-destructive/50 dark:aria-invalid:ring-destructive/40 dark:bg-input/30 dark:disabled:bg-input/80 disabled:bg-input/50 disabled:cursor-not-allowed disabled:opacity-50 disabled:pointer-events-none file:bg-transparent file:border-0 file:font-medium file:h-6 file:inline-flex file:text-foreground file:text-sm focus-visible:border-ring focus-visible:ring-1 focus-visible:ring-ring h-8 md:text-base min-h-11 min-w-0 outline-none placeholder:text-muted-foreground px-2.5 py-1 rounded-lg text-base transition-colors w-full"
      div role=generic class="flex flex-col gap-1"
        label class="text-muted-foreground text-xs"
          "Proveedor"
        input role=searchbox name="Proveedor" data-testid="supplier-showcase-supplier-filter" type="search" class="aria-invalid:border-destructive aria-invalid:ring-3 aria-invalid:ring-destructive/20 bg-transparent border border-input dark:aria-invalid:border-destructive/50 dark:aria-invalid:ring-destructive/40 dark:bg-input/30 dark:disabled:bg-input/80 disabled:bg-input/50 disabled:cursor-not-allowed disabled:opacity-50 disabled:pointer-events-none file:bg-transparent file:border-0 file:font-medium file:h-6 file:inline-flex file:text-foreground file:text-sm focus-visible:border-ring focus-visible:ring-1 focus-visible:ring-ring h-8 md:text-base min-h-11 min-w-0 outline-none placeholder:text-muted-foreground px-2.5 py-1 rounded-lg text-base transition-colors w-full"
      button role=button name="Limpiar filtros" data-testid="supplier-showcase-filters-clear" type="button" class="[&_svg:not([class*='size-'])]:size-4 [&_svg]:pointer-events-none [&_svg]:shrink-0 active:not-aria-[haspopup]:scale-[0.98] aria-expanded:bg-muted aria-expanded:text-foreground aria-invalid:border-destructive aria-invalid:ring-3 aria-invalid:ring-destructive/20 bg-clip-padding border border-transparent btn-veil cursor-pointer dark:aria-invalid:border-destructive/50 dark:aria-invalid:ring-destructive/40 disabled:opacity-50 disabled:pointer-events-none focus-visible:outline-2 focus-visible:outline-offset-2 focus-visible:outline-ring focus-visible:outline-solid font-medium gap-1.5 group/button h-8 has-data-[icon=inline-end]:pr-2 has-data-[icon=inline-start]:pl-2 inline-flex items-center justify-center min-h-11 outline-none px-2.5 rounded-lg select-none shrink-0 text-sm transition-all whitespace-nowrap"
        "Limpiar filtros"
    div role=generic aria-busy="true" data-testid="supplier-showcase-skeleton" class="divide-y flex flex-col"
      div role=generic data-testid="supplier-showcase-row-skeleton" class="flex flex-col gap-2 py-3"
        div role=generic class="animate-pulse bg-muted h-5 rounded w-48"
        div role=generic class="flex gap-3 overflow-x-hidden"
          div role=generic data-testid="showcase-line-card-skeleton" class="flex flex-col gap-1 items-center shrink-0 w-20"
            div role=generic class="animate-pulse bg-muted rounded-md size-[60px]"
            div role=generic class="animate-pulse bg-muted h-3 rounded w-16"
          div role=generic data-testid="showcase-line-card-skeleton" class="flex flex-col gap-1 items-center shrink-0 w-20"
            div role=generic class="animate-pulse bg-muted rounded-md size-[60px]"
            div role=generic class="animate-pulse bg-muted h-3 rounded w-16"
          div role=generic data-testid="showcase-line-card-skeleton" class="flex flex-col gap-1 items-center shrink-0 w-20"
            div role=generic class="animate-pulse bg-muted rounded-md size-[60px]"
            div role=generic class="animate-pulse bg-muted h-3 rounded w-16"
          div role=generic data-testid="showcase-line-card-skeleton" class="flex flex-col gap-1 items-center shrink-0 w-20"
            div role=generic class="animate-pulse bg-muted rounded-md size-[60px]"
            div role=generic class="animate-pulse bg-muted h-3 rounded w-16"
          div role=generic data-testid="showcase-line-card-skeleton" class="flex flex-col gap-1 items-center shrink-0 w-20"
            div role=generic class="animate-pulse bg-muted rounded-md size-[60px]"
            div role=generic class="animate-pulse bg-muted h-3 rounded w-16"
          div role=generic data-testid="showcase-line-card-skeleton" class="flex flex-col gap-1 items-center shrink-0 w-20"
            div role=generic class="animate-pulse bg-muted rounded-md size-[60px]"
            div role=generic class="animate-pulse bg-muted h-3 rounded w-16"
          div role=generic data-testid="showcase-line-card-skeleton" class="flex flex-col gap-1 items-center shrink-0 w-20"
            div role=generic class="animate-pulse bg-muted rounded-md size-[60px]"
            div role=generic class="animate-pulse bg-muted h-3 rounded w-16"
          div role=generic data-testid="showcase-line-card-skeleton" class="flex flex-col gap-1 items-center shrink-0 w-20"
            div role=generic class="animate-pulse bg-muted rounded-md size-[60px]"
            div role=generic class="animate-pulse bg-muted h-3 rounded w-16"
          div role=generic data-testid="showcase-line-card-skeleton" class="flex flex-col gap-1 items-center shrink-0 w-20"
            div role=generic class="animate-pulse bg-muted rounded-md size-[60px]"
            div role=generic class="animate-pulse bg-muted h-3 rounded w-16"
          div role=generic data-testid="showcase-line-card-skeleton" class="flex flex-col gap-1 items-center shrink-0 w-20"
            div role=generic class="animate-pulse bg-muted rounded-md size-[60px]"
            div role=generic class="animate-pulse bg-muted h-3 rounded w-16"
      div role=generic data-testid="supplier-showcase-row-skeleton" class="flex flex-col gap-2 py-3"
        div role=generic class="animate-pulse bg-muted h-5 rounded w-48"
        div role=generic class="flex gap-3 overflow-x-hidden"
          div role=generic data-testid="showcase-line-card-skeleton" class="flex flex-col gap-1 items-center shrink-0 w-20"
            div role=generic class="animate-pulse bg-muted rounded-md size-[60px]"
            div role=generic class="animate-pulse bg-muted h-3 rounded w-16"
          div role=generic data-testid="showcase-line-card-skeleton" class="flex flex-col gap-1 items-center shrink-0 w-20"
            div role=generic class="animate-pulse bg-muted rounded-md size-[60px]"
            div role=generic class="animate-pulse bg-muted h-3 rounded w-16"
          div role=generic data-testid="showcase-line-card-skeleton" class="flex flex-col gap-1 items-center shrink-0 w-20"
            div role=generic class="animate-pulse bg-muted rounded-md size-[60px]"
            div role=generic class="animate-pulse bg-muted h-3 rounded w-16"
          div role=generic data-testid="showcase-line-card-skeleton" class="flex flex-col gap-1 items-center shrink-0 w-20"
            div role=generic class="animate-pulse bg-muted rounded-md size-[60px]"
            div role=generic class="animate-pulse bg-muted h-3 rounded w-16"
          div role=generic data-testid="showcase-line-card-skeleton" class="flex flex-col gap-1 items-center shrink-0 w-20"
            div role=generic class="animate-pulse bg-muted rounded-md size-[60px]"
            div role=generic class="animate-pulse bg-muted h-3 rounded w-16"
          div role=generic data-testid="showcase-line-card-skeleton" class="flex flex-col gap-1 items-center shrink-0 w-20"
            div role=generic class="animate-pulse bg-muted rounded-md size-[60px]"
            div role=generic class="animate-pulse bg-muted h-3 rounded w-16"
          div role=generic data-testid="showcase-line-card-skeleton" class="flex flex-col gap-1 items-center shrink-0 w-20"
            div role=generic class="animate-pulse bg-muted rounded-md size-[60px]"
            div role=generic class="animate-pulse bg-muted h-3 rounded w-16"
          div role=generic data-testid="showcase-line-card-skeleton" class="flex flex-col gap-1 items-center shrink-0 w-20"
            div role=generic class="animate-pulse bg-muted rounded-md size-[60px]"
            div role=generic class="animate-pulse bg-muted h-3 rounded w-16"
          div role=generic data-testid="showcase-line-card-skeleton" class="flex flex-col gap-1 items-center shrink-0 w-20"
            div role=generic class="animate-pulse bg-muted rounded-md size-[60px]"
            div role=generic class="animate-pulse bg-muted h-3 rounded w-16"
          div role=generic data-testid="showcase-line-card-skeleton" class="flex flex-col gap-1 items-center shrink-0 w-20"
            div role=generic class="animate-pulse bg-muted rounded-md size-[60px]"
            div role=generic class="animate-pulse bg-muted h-3 rounded w-16"
      div role=generic data-testid="supplier-showcase-row-skeleton" class="flex flex-col gap-2 py-3"
        div role=generic class="animate-pulse bg-muted h-5 rounded w-48"
        div role=generic class="flex gap-3 overflow-x-hidden"
          div role=generic data-testid="showcase-line-card-skeleton" class="flex flex-col gap-1 items-center shrink-0 w-20"
            div role=generic class="animate-pulse bg-muted rounded-md size-[60px]"
            div role=generic class="animate-pulse bg-muted h-3 rounded w-16"
          div role=generic data-testid="showcase-line-card-skeleton" class="flex flex-col gap-1 items-center shrink-0 w-20"
            div role=generic class="animate-pulse bg-muted rounded-md size-[60px]"
            div role=generic class="animate-pulse bg-muted h-3 rounded w-16"
          div role=generic data-testid="showcase-line-card-skeleton" class="flex flex-col gap-1 items-center shrink-0 w-20"
            div role=generic class="animate-pulse bg-muted rounded-md size-[60px]"
            div role=generic class="animate-pulse bg-muted h-3 rounded w-16"
          div role=generic data-testid="showcase-line-card-skeleton" class="flex flex-col gap-1 items-center shrink-0 w-20"
            div role=generic class="animate-pulse bg-muted rounded-md size-[60px]"
            div role=generic class="animate-pulse bg-muted h-3 rounded w-16"
          div role=generic data-testid="showcase-line-card-skeleton" class="flex flex-col gap-1 items-center shrink-0 w-20"
            div role=generic class="animate-pulse bg-muted rounded-md size-[60px]"
            div role=generic class="animate-pulse bg-muted h-3 rounded w-16"
          div role=generic data-testid="showcase-line-card-skeleton" class="flex flex-col gap-1 items-center shrink-0 w-20"
            div role=generic class="animate-pulse bg-muted rounded-md size-[60px]"
            div role=generic class="animate-pulse bg-muted h-3 rounded w-16"
          div role=generic data-testid="showcase-line-card-skeleton" class="flex flex-col gap-1 items-center shrink-0 w-20"
            div role=generic class="animate-pulse bg-muted rounded-md size-[60px]"
            div role=generic class="animate-pulse bg-muted h-3 rounded w-16"
          div role=generic data-testid="showcase-line-card-skeleton" class="flex flex-col gap-1 items-center shrink-0 w-20"
            div role=generic class="animate-pulse bg-muted rounded-md size-[60px]"
            div role=generic class="animate-pulse bg-muted h-3 rounded w-16"
          div role=generic data-testid="showcase-line-card-skeleton" class="flex flex-col gap-1 items-center shrink-0 w-20"
            div role=generic class="animate-pulse bg-muted rounded-md size-[60px]"
            div role=generic class="animate-pulse bg-muted h-3 rounded w-16"
          div role=generic data-testid="showcase-line-card-skeleton" class="flex flex-col gap-1 items-center shrink-0 w-20"
            div role=generic class="animate-pulse bg-muted rounded-md size-[60px]"
            div role=generic class="animate-pulse bg-muted h-3 rounded w-16"
      div role=generic data-testid="supplier-showcase-row-skeleton" class="flex flex-col gap-2 py-3"
        div role=generic class="animate-pulse bg-muted h-5 rounded w-48"
        div role=generic class="flex gap-3 overflow-x-hidden"
          div role=generic data-testid="showcase-line-card-skeleton" class="flex flex-col gap-1 items-center shrink-0 w-20"
            div role=generic class="animate-pulse bg-muted rounded-md size-[60px]"
            div role=generic class="animate-pulse bg-muted h-3 rounded w-16"
          div role=generic data-testid="showcase-line-card-skeleton" class="flex flex-col gap-1 items-center shrink-0 w-20"
            div role=generic class="animate-pulse bg-muted rounded-md size-[60px]"
            div role=generic class="animate-pulse bg-muted h-3 rounded w-16"
          div role=generic data-testid="showcase-line-card-skeleton" class="flex flex-col gap-1 items-center shrink-0 w-20"
            div role=generic class="animate-pulse bg-muted rounded-md size-[60px]"
            div role=generic class="animate-pulse bg-muted h-3 rounded w-16"
          div role=generic data-testid="showcase-line-card-skeleton" class="flex flex-col gap-1 items-center shrink-0 w-20"
            div role=generic class="animate-pulse bg-muted rounded-md size-[60px]"
            div role=generic class="animate-pulse bg-muted h-3 rounded w-16"
          div role=generic data-testid="showcase-line-card-skeleton" class="flex flex-col gap-1 items-center shrink-0 w-20"
            div role=generic class="animate-pulse bg-muted rounded-md size-[60px]"
            div role=generic class="animate-pulse bg-muted h-3 rounded w-16"
          div role=generic data-testid="showcase-line-card-skeleton" class="flex flex-col gap-1 items-center shrink-0 w-20"
            div role=generic class="animate-pulse bg-muted rounded-md size-[60px]"
            div role=generic class="animate-pulse bg-muted h-3 rounded w-16"
          div role=generic data-testid="showcase-line-card-skeleton" class="flex flex-col gap-1 items-center shrink-0 w-20"
            div role=generic class="animate-pulse bg-muted rounded-md size-[60px]"
            div role=generic class="animate-pulse bg-muted h-3 rounded w-16"
          div role=generic data-testid="showcase-line-card-skeleton" class="flex flex-col gap-1 items-center shrink-0 w-20"
            div role=generic class="animate-pulse bg-muted rounded-md size-[60px]"
            div role=generic class="animate-pulse bg-muted h-3 rounded w-16"
          div role=generic data-testid="showcase-line-card-skeleton" class="flex flex-col gap-1 items-center shrink-0 w-20"
            div role=generic class="animate-pulse bg-muted rounded-md size-[60px]"
            div role=generic class="animate-pulse bg-muted h-3 rounded w-16"
          div role=generic data-testid="showcase-line-card-skeleton" class="flex flex-col gap-1 items-center shrink-0 w-20"
            div role=generic class="animate-pulse bg-muted rounded-md size-[60px]"
            div role=generic class="animate-pulse bg-muted h-3 rounded w-16"
      div role=generic data-testid="supplier-showcase-row-skeleton" class="flex flex-col gap-2 py-3"
        div role=generic class="animate-pulse bg-muted h-5 rounded w-48"
        div role=generic class="flex gap-3 overflow-x-hidden"
          div role=generic data-testid="showcase-line-card-skeleton" class="flex flex-col gap-1 items-center shrink-0 w-20"
            div role=generic class="animate-pulse bg-muted rounded-md size-[60px]"
            div role=generic class="animate-pulse bg-muted h-3 rounded w-16"
          div role=generic data-testid="showcase-line-card-skeleton" class="flex flex-col gap-1 items-center shrink-0 w-20"
            div role=generic class="animate-pulse bg-muted rounded-md size-[60px]"
            div role=generic class="animate-pulse bg-muted h-3 rounded w-16"
          div role=generic data-testid="showcase-line-card-skeleton" class="flex flex-col gap-1 items-center shrink-0 w-20"
            div role=generic class="animate-pulse bg-muted rounded-md size-[60px]"
            div role=generic class="animate-pulse bg-muted h-3 rounded w-16"
          div role=generic data-testid="showcase-line-card-skeleton" class="flex flex-col gap-1 items-center shrink-0 w-20"
            div role=generic class="animate-pulse bg-muted rounded-md size-[60px]"
            div role=generic class="animate-pulse bg-muted h-3 rounded w-16"
          div role=generic data-testid="showcase-line-card-skeleton" class="flex flex-col gap-1 items-center shrink-0 w-20"
            div role=generic class="animate-pulse bg-muted rounded-md size-[60px]"
            div role=generic class="animate-pulse bg-muted h-3 rounded w-16"
          div role=generic data-testid="showcase-line-card-skeleton" class="flex flex-col gap-1 items-center shrink-0 w-20"
            div role=generic class="animate-pulse bg-muted rounded-md size-[60px]"
            div role=generic class="animate-pulse bg-muted h-3 rounded w-16"
          div role=generic data-testid="showcase-line-card-skeleton" class="flex flex-col gap-1 items-center shrink-0 w-20"
            div role=generic class="animate-pulse bg-muted rounded-md size-[60px]"
            div role=generic class="animate-pulse bg-muted h-3 rounded w-16"
          div role=generic data-testid="showcase-line-card-skeleton" class="flex flex-col gap-1 items-center shrink-0 w-20"
            div role=generic class="animate-pulse bg-muted rounded-md size-[60px]"
            div role=generic class="animate-pulse bg-muted h-3 rounded w-16"
          div role=generic data-testid="showcase-line-card-skeleton" class="flex flex-col gap-1 items-center shrink-0 w-20"
            div role=generic class="animate-pulse bg-muted rounded-md size-[60px]"
            div role=generic class="animate-pulse bg-muted h-3 rounded w-16"
          div role=generic data-testid="showcase-line-card-skeleton" class="flex flex-col gap-1 items-center shrink-0 w-20"
            div role=generic class="animate-pulse bg-muted rounded-md size-[60px]"
            div role=generic class="animate-pulse bg-muted h-3 rounded w-16"
"
`;

exports[`paridad de la vitrina de proveedores (R20) > R1 — con filas 1`] = `
"
div role=generic
  div role=generic class="flex flex-1 flex-col gap-4 md:p-6 p-4"
    div role=generic class="flex flex-wrap gap-2 items-center justify-between"
      h1 role=heading name="Proveedores" data-testid="proveedores-title" class="font-semibold text-2xl"
        "Proveedores"
      button role=button name="Nuevo proveedor" aria-expanded="false" aria-haspopup="dialog" data-testid="supplier-create-open" type="button" class="[&_svg:not([class*='size-'])]:size-4 [&_svg]:pointer-events-none [&_svg]:shrink-0 active:not-aria-[haspopup]:scale-[0.98] aria-invalid:border-destructive aria-invalid:ring-3 aria-invalid:ring-destructive/20 bg-clip-padding bg-primary border border-transparent btn-shine cursor-pointer dark:aria-invalid:border-destructive/50 dark:aria-invalid:ring-destructive/40 disabled:opacity-50 disabled:pointer-events-none focus-visible:outline-2 focus-visible:outline-offset-2 focus-visible:outline-ring focus-visible:outline-solid font-medium gap-1.5 group/button h-8 has-data-[icon=inline-end]:pr-2 has-data-[icon=inline-start]:pl-2 inline-flex items-center justify-center min-h-11 min-w-11 outline-none px-2.5 rounded-lg select-none shrink-0 text-primary-foreground text-sm transition-all whitespace-nowrap"
        svg aria-hidden="true" height="24" width="24" class="lucide lucide-plus"
        "Nuevo proveedor"
    div role=generic data-testid="supplier-showcase-filters" class="flex flex-wrap gap-3 items-end"
      div role=generic class="flex flex-col gap-1"
        label class="text-muted-foreground text-xs"
          "Producto"
        input role=searchbox name="Producto" data-testid="supplier-showcase-product-filter" type="search" class="aria-invalid:border-destructive aria-invalid:ring-3 aria-invalid:ring-destructive/20 bg-transparent border border-input dark:aria-invalid:border-destructive/50 dark:aria-invalid:ring-destructive/40 dark:bg-input/30 dark:disabled:bg-input/80 disabled:bg-input/50 disabled:cursor-not-allowed disabled:opacity-50 disabled:pointer-events-none file:bg-transparent file:border-0 file:font-medium file:h-6 file:inline-flex file:text-foreground file:text-sm focus-visible:border-ring focus-visible:ring-1 focus-visible:ring-ring h-8 md:text-base min-h-11 min-w-0 outline-none placeholder:text-muted-foreground px-2.5 py-1 rounded-lg text-base transition-colors w-full"
      div role=generic class="flex flex-col gap-1"
        label class="text-muted-foreground text-xs"
          "Proveedor"
        input role=searchbox name="Proveedor" data-testid="supplier-showcase-supplier-filter" type="search" class="aria-invalid:border-destructive aria-invalid:ring-3 aria-invalid:ring-destructive/20 bg-transparent border border-input dark:aria-invalid:border-destructive/50 dark:aria-invalid:ring-destructive/40 dark:bg-input/30 dark:disabled:bg-input/80 disabled:bg-input/50 disabled:cursor-not-allowed disabled:opacity-50 disabled:pointer-events-none file:bg-transparent file:border-0 file:font-medium file:h-6 file:inline-flex file:text-foreground file:text-sm focus-visible:border-ring focus-visible:ring-1 focus-visible:ring-ring h-8 md:text-base min-h-11 min-w-0 outline-none placeholder:text-muted-foreground px-2.5 py-1 rounded-lg text-base transition-colors w-full"
      button role=button name="Limpiar filtros" data-testid="supplier-showcase-filters-clear" type="button" class="[&_svg:not([class*='size-'])]:size-4 [&_svg]:pointer-events-none [&_svg]:shrink-0 active:not-aria-[haspopup]:scale-[0.98] aria-expanded:bg-muted aria-expanded:text-foreground aria-invalid:border-destructive aria-invalid:ring-3 aria-invalid:ring-destructive/20 bg-clip-padding border border-transparent btn-veil cursor-pointer dark:aria-invalid:border-destructive/50 dark:aria-invalid:ring-destructive/40 disabled:opacity-50 disabled:pointer-events-none focus-visible:outline-2 focus-visible:outline-offset-2 focus-visible:outline-ring focus-visible:outline-solid font-medium gap-1.5 group/button h-8 has-data-[icon=inline-end]:pr-2 has-data-[icon=inline-start]:pl-2 inline-flex items-center justify-center min-h-11 outline-none px-2.5 rounded-lg select-none shrink-0 text-sm transition-all whitespace-nowrap"
        "Limpiar filtros"
    ul role=list aria-busy="false" data-testid="supplier-showcase-list" class="divide-y flex flex-col"
      li role=listitem data-testid="supplier-showcase-row-11111111-1111-4111-8111-111111111111" class="flex flex-col gap-2 py-3"
        a role=link name="Ver el detalle de Químicos del Norte" aria-label="Ver el detalle de Químicos del Norte" data-testid="supplier-detail-link" href="/proveedores/11111111-1111-4111-8111-111111111111" class="font-medium hover:underline inline-flex items-center justify-start max-w-full min-h-11 min-w-11 rounded-lg underline-offset-4"
          span role=generic class="break-words min-w-0"
            "Químicos del Norte"
        section role=region name="Productos de Químicos del Norte" aria-label="Productos de Químicos del Norte"
          ul role=list class="flex gap-3 overflow-x-auto overscroll-x-contain snap-mandatory snap-x"
            li role=listitem data-testid="showcase-line-card-11111111-1111-4111-8111-111111111111-linea" class="flex flex-col gap-1 items-center shrink-0 snap-start text-center w-20"
              img role=img name="Ácido cítrico anhidro" alt="Ácido cítrico anhidro" data-missing="true" decoding="async" height="60" loading="lazy" src="/inv_not_found.png" style="width: 60px; height: 60px;" width="60" class="border object-cover rounded-md shrink-0"
              span role=generic class="line-clamp-2 text-xs"
                "Ácido cítrico anhidro"
      li role=listitem data-testid="supplier-showcase-row-22222222-2222-4222-8222-222222222222" class="flex flex-col gap-2 py-3"
        a role=link name="Ver el detalle de Distribuidora Andina" aria-label="Ver el detalle de Distribuidora Andina" data-testid="supplier-detail-link" href="/proveedores/22222222-2222-4222-8222-222222222222" class="font-medium hover:underline inline-flex items-center justify-start max-w-full min-h-11 min-w-11 rounded-lg underline-offset-4"
          span role=generic class="break-words min-w-0"
            "Distribuidora Andina"
        section role=region name="Productos de Distribuidora Andina" aria-label="Productos de Distribuidora Andina"
          ul role=list class="flex gap-3 overflow-x-auto overscroll-x-contain snap-mandatory snap-x"
            li role=listitem data-testid="showcase-line-card-22222222-2222-4222-8222-222222222222-linea" class="flex flex-col gap-1 items-center shrink-0 snap-start text-center w-20"
              img role=img name="Ácido cítrico anhidro" alt="Ácido cítrico anhidro" data-missing="true" decoding="async" height="60" loading="lazy" src="/inv_not_found.png" style="width: 60px; height: 60px;" width="60" class="border object-cover rounded-md shrink-0"
              span role=generic class="line-clamp-2 text-xs"
                "Ácido cítrico anhidro"
"
`;

exports[`paridad de la vitrina de proveedores (R20) > R1 — sin resultados, con filtro activo 1`] = `
"
div role=generic
  div role=generic class="flex flex-1 flex-col gap-4 md:p-6 p-4"
    div role=generic class="flex flex-wrap gap-2 items-center justify-between"
      h1 role=heading name="Proveedores" data-testid="proveedores-title" class="font-semibold text-2xl"
        "Proveedores"
      button role=button name="Nuevo proveedor" aria-expanded="false" aria-haspopup="dialog" data-testid="supplier-create-open" type="button" class="[&_svg:not([class*='size-'])]:size-4 [&_svg]:pointer-events-none [&_svg]:shrink-0 active:not-aria-[haspopup]:scale-[0.98] aria-invalid:border-destructive aria-invalid:ring-3 aria-invalid:ring-destructive/20 bg-clip-padding bg-primary border border-transparent btn-shine cursor-pointer dark:aria-invalid:border-destructive/50 dark:aria-invalid:ring-destructive/40 disabled:opacity-50 disabled:pointer-events-none focus-visible:outline-2 focus-visible:outline-offset-2 focus-visible:outline-ring focus-visible:outline-solid font-medium gap-1.5 group/button h-8 has-data-[icon=inline-end]:pr-2 has-data-[icon=inline-start]:pl-2 inline-flex items-center justify-center min-h-11 min-w-11 outline-none px-2.5 rounded-lg select-none shrink-0 text-primary-foreground text-sm transition-all whitespace-nowrap"
        svg aria-hidden="true" height="24" width="24" class="lucide lucide-plus"
        "Nuevo proveedor"
    div role=generic data-testid="supplier-showcase-filters" class="flex flex-wrap gap-3 items-end"
      div role=generic class="flex flex-col gap-1"
        label class="text-muted-foreground text-xs"
          "Producto"
        input role=searchbox name="Producto" data-testid="supplier-showcase-product-filter" type="search" class="aria-invalid:border-destructive aria-invalid:ring-3 aria-invalid:ring-destructive/20 bg-transparent border border-input dark:aria-invalid:border-destructive/50 dark:aria-invalid:ring-destructive/40 dark:bg-input/30 dark:disabled:bg-input/80 disabled:bg-input/50 disabled:cursor-not-allowed disabled:opacity-50 disabled:pointer-events-none file:bg-transparent file:border-0 file:font-medium file:h-6 file:inline-flex file:text-foreground file:text-sm focus-visible:border-ring focus-visible:ring-1 focus-visible:ring-ring h-8 md:text-base min-h-11 min-w-0 outline-none placeholder:text-muted-foreground px-2.5 py-1 rounded-lg text-base transition-colors w-full"
      div role=generic class="flex flex-col gap-1"
        label class="text-muted-foreground text-xs"
          "Proveedor"
        input role=searchbox name="Proveedor" data-testid="supplier-showcase-supplier-filter" type="search" class="aria-invalid:border-destructive aria-invalid:ring-3 aria-invalid:ring-destructive/20 bg-transparent border border-input dark:aria-invalid:border-destructive/50 dark:aria-invalid:ring-destructive/40 dark:bg-input/30 dark:disabled:bg-input/80 disabled:bg-input/50 disabled:cursor-not-allowed disabled:opacity-50 disabled:pointer-events-none file:bg-transparent file:border-0 file:font-medium file:h-6 file:inline-flex file:text-foreground file:text-sm focus-visible:border-ring focus-visible:ring-1 focus-visible:ring-ring h-8 md:text-base min-h-11 min-w-0 outline-none placeholder:text-muted-foreground px-2.5 py-1 rounded-lg text-base transition-colors w-full"
      button role=button name="Limpiar filtros" data-testid="supplier-showcase-filters-clear" type="button" class="[&_svg:not([class*='size-'])]:size-4 [&_svg]:pointer-events-none [&_svg]:shrink-0 active:not-aria-[haspopup]:scale-[0.98] aria-expanded:bg-muted aria-expanded:text-foreground aria-invalid:border-destructive aria-invalid:ring-3 aria-invalid:ring-destructive/20 bg-clip-padding border border-transparent btn-veil cursor-pointer dark:aria-invalid:border-destructive/50 dark:aria-invalid:ring-destructive/40 disabled:opacity-50 disabled:pointer-events-none focus-visible:outline-2 focus-visible:outline-offset-2 focus-visible:outline-ring focus-visible:outline-solid font-medium gap-1.5 group/button h-8 has-data-[icon=inline-end]:pr-2 has-data-[icon=inline-start]:pl-2 inline-flex items-center justify-center min-h-11 outline-none px-2.5 rounded-lg select-none shrink-0 text-sm transition-all whitespace-nowrap"
        "Limpiar filtros"
    div role=generic data-testid="supplier-showcase-no-results" class="border border-dashed flex flex-col gap-3 items-center p-8 rounded-lg text-center"
      p role=paragraph class="text-muted-foreground text-sm"
        "Ningún proveedor coincide con la búsqueda o el filtro."
      a role=link name="Limpiar filtros" data-testid="supplier-showcase-clear-filters" href="/proveedores" class="[&_svg:not([class*='size-'])]:size-4 [&_svg]:pointer-events-none [&_svg]:shrink-0 active:not-aria-[haspopup]:scale-[0.98] aria-expanded:bg-muted aria-expanded:text-foreground aria-invalid:border-destructive aria-invalid:ring-3 aria-invalid:ring-destructive/20 bg-background bg-clip-padding border border-border btn-veil cursor-pointer dark:aria-invalid:border-destructive/50 dark:aria-invalid:ring-destructive/40 dark:bg-input/30 dark:border-input disabled:opacity-50 disabled:pointer-events-none focus-visible:outline-2 focus-visible:outline-offset-2 focus-visible:outline-ring focus-visible:outline-solid font-medium gap-1.5 group/button h-8 has-data-[icon=inline-end]:pr-2 has-data-[icon=inline-start]:pl-2 inline-flex items-center justify-center min-h-11 min-w-11 outline-none px-2.5 rounded-lg select-none shrink-0 text-sm transition-all whitespace-nowrap"
        "Limpiar filtros"
"
`;
